Archive member included because of file (symbol)

c:/altera/11.0/nios2eds/bin/gnu/h-i686-mingw32/bin/../lib/gcc/nios2-elf/4.1.2/../../../../nios2-elf/lib\libm.a(lib_a-s_cos.o)
                              obj//C/ece5760/lab2/lander/media_graphics_HAL.o (cos)
c:/altera/11.0/nios2eds/bin/gnu/h-i686-mingw32/bin/../lib/gcc/nios2-elf/4.1.2/../../../../nios2-elf/lib\libm.a(lib_a-s_sin.o)
                              obj//C/ece5760/lab2/lander/media_graphics_HAL.o (sin)
c:/altera/11.0/nios2eds/bin/gnu/h-i686-mingw32/bin/../lib/gcc/nios2-elf/4.1.2/../../../../nios2-elf/lib\libm.a(lib_a-e_rem_pio2.o)
                              c:/altera/11.0/nios2eds/bin/gnu/h-i686-mingw32/bin/../lib/gcc/nios2-elf/4.1.2/../../../../nios2-elf/lib\libm.a(lib_a-s_cos.o) (__ieee754_rem_pio2)
c:/altera/11.0/nios2eds/bin/gnu/h-i686-mingw32/bin/../lib/gcc/nios2-elf/4.1.2/../../../../nios2-elf/lib\libm.a(lib_a-k_cos.o)
                              c:/altera/11.0/nios2eds/bin/gnu/h-i686-mingw32/bin/../lib/gcc/nios2-elf/4.1.2/../../../../nios2-elf/lib\libm.a(lib_a-s_cos.o) (__kernel_cos)
c:/altera/11.0/nios2eds/bin/gnu/h-i686-mingw32/bin/../lib/gcc/nios2-elf/4.1.2/../../../../nios2-elf/lib\libm.a(lib_a-k_rem_pio2.o)
                              c:/altera/11.0/nios2eds/bin/gnu/h-i686-mingw32/bin/../lib/gcc/nios2-elf/4.1.2/../../../../nios2-elf/lib\libm.a(lib_a-e_rem_pio2.o) (__kernel_rem_pio2)
c:/altera/11.0/nios2eds/bin/gnu/h-i686-mingw32/bin/../lib/gcc/nios2-elf/4.1.2/../../../../nios2-elf/lib\libm.a(lib_a-k_sin.o)
                              c:/altera/11.0/nios2eds/bin/gnu/h-i686-mingw32/bin/../lib/gcc/nios2-elf/4.1.2/../../../../nios2-elf/lib\libm.a(lib_a-s_cos.o) (__kernel_sin)
c:/altera/11.0/nios2eds/bin/gnu/h-i686-mingw32/bin/../lib/gcc/nios2-elf/4.1.2/../../../../nios2-elf/lib\libm.a(lib_a-s_fabs.o)
                              c:/altera/11.0/nios2eds/bin/gnu/h-i686-mingw32/bin/../lib/gcc/nios2-elf/4.1.2/../../../../nios2-elf/lib\libm.a(lib_a-e_rem_pio2.o) (fabs)
c:/altera/11.0/nios2eds/bin/gnu/h-i686-mingw32/bin/../lib/gcc/nios2-elf/4.1.2/../../../../nios2-elf/lib\libm.a(lib_a-s_floor.o)
                              c:/altera/11.0/nios2eds/bin/gnu/h-i686-mingw32/bin/../lib/gcc/nios2-elf/4.1.2/../../../../nios2-elf/lib\libm.a(lib_a-k_rem_pio2.o) (floor)
c:/altera/11.0/nios2eds/bin/gnu/h-i686-mingw32/bin/../lib/gcc/nios2-elf/4.1.2/../../../../nios2-elf/lib\libm.a(lib_a-s_scalbn.o)
                              c:/altera/11.0/nios2eds/bin/gnu/h-i686-mingw32/bin/../lib/gcc/nios2-elf/4.1.2/../../../../nios2-elf/lib\libm.a(lib_a-k_rem_pio2.o) (scalbn)
c:/altera/11.0/nios2eds/bin/gnu/h-i686-mingw32/bin/../lib/gcc/nios2-elf/4.1.2/../../../../nios2-elf/lib\libm.a(lib_a-s_copysign.o)
                              c:/altera/11.0/nios2eds/bin/gnu/h-i686-mingw32/bin/../lib/gcc/nios2-elf/4.1.2/../../../../nios2-elf/lib\libm.a(lib_a-s_scalbn.o) (copysign)
c:/altera/11.0/nios2eds/bin/gnu/h-i686-mingw32/bin/../lib/gcc/nios2-elf/4.1.2\libgcc.a(_div_sf.o)
                              obj//C/ece5760/lab2/lander/media_graphics_HAL.o (__divsf3)
c:/altera/11.0/nios2eds/bin/gnu/h-i686-mingw32/bin/../lib/gcc/nios2-elf/4.1.2\libgcc.a(_eq_sf.o)
                              obj//C/ece5760/lab2/lander/media_graphics_HAL.o (__eqsf2)
c:/altera/11.0/nios2eds/bin/gnu/h-i686-mingw32/bin/../lib/gcc/nios2-elf/4.1.2\libgcc.a(_gt_sf.o)
                              obj//C/ece5760/lab2/lander/media_graphics_HAL.o (__gtsf2)
c:/altera/11.0/nios2eds/bin/gnu/h-i686-mingw32/bin/../lib/gcc/nios2-elf/4.1.2\libgcc.a(_ge_sf.o)
                              obj//C/ece5760/lab2/lander/media_graphics_HAL.o (__gesf2)
c:/altera/11.0/nios2eds/bin/gnu/h-i686-mingw32/bin/../lib/gcc/nios2-elf/4.1.2\libgcc.a(_lt_sf.o)
                              obj//C/ece5760/lab2/lander/media_graphics_HAL.o (__ltsf2)
c:/altera/11.0/nios2eds/bin/gnu/h-i686-mingw32/bin/../lib/gcc/nios2-elf/4.1.2\libgcc.a(_le_sf.o)
                              obj//C/ece5760/lab2/lander/media_graphics_HAL.o (__lesf2)
c:/altera/11.0/nios2eds/bin/gnu/h-i686-mingw32/bin/../lib/gcc/nios2-elf/4.1.2\libgcc.a(_si_to_sf.o)
                              obj//C/ece5760/lab2/lander/media_graphics_HAL.o (__floatsisf)
c:/altera/11.0/nios2eds/bin/gnu/h-i686-mingw32/bin/../lib/gcc/nios2-elf/4.1.2\libgcc.a(_sf_to_si.o)
                              obj//C/ece5760/lab2/lander/media_graphics_HAL.o (__fixsfsi)
c:/altera/11.0/nios2eds/bin/gnu/h-i686-mingw32/bin/../lib/gcc/nios2-elf/4.1.2\libgcc.a(_sf_to_df.o)
                              obj//C/ece5760/lab2/lander/media_graphics_HAL.o (__extendsfdf2)
c:/altera/11.0/nios2eds/bin/gnu/h-i686-mingw32/bin/../lib/gcc/nios2-elf/4.1.2\libgcc.a(_thenan_sf.o)
                              c:/altera/11.0/nios2eds/bin/gnu/h-i686-mingw32/bin/../lib/gcc/nios2-elf/4.1.2\libgcc.a(_div_sf.o) (__thenan_sf)
c:/altera/11.0/nios2eds/bin/gnu/h-i686-mingw32/bin/../lib/gcc/nios2-elf/4.1.2\libgcc.a(_usi_to_sf.o)
[...]
Memory Configuration

Name             Origin             Length             Attributes
reset            0x00000000         0x00000020
SDRAM            0x00000020         0x007fffe0
*default*        0x00000000         0xffffffff

Linker script and memory map

LOAD BSP//obj/HAL/src/crt0.o
LOAD obj//C/ece5760/lab2/lander/media_graphics_HAL.o
LOAD c:/altera/11.0/nios2eds/bin/gnu/h-i686-mingw32/bin/../lib/gcc/nios2-elf/4.1.2/../../../../nios2-elf/lib\libstdc++.a
LOAD c:/altera/11.0/nios2eds/bin/gnu/h-i686-mingw32/bin/../lib/gcc/nios2-elf/4.1.2/../../../../nios2-elf/lib\libm.a
LOAD c:/altera/11.0/nios2eds/bin/gnu/h-i686-mingw32/bin/../lib/gcc/nios2-elf/4.1.2\libgcc.a
START GROUP
LOAD c:/altera/11.0/nios2eds/bin/gnu/h-i686-mingw32/bin/../lib/gcc/nios2-elf/4.1.2/../../../../nios2-elf/lib\libc.a
LOAD c:/altera/11.0/nios2eds/bin/gnu/h-i686-mingw32/bin/../lib/gcc/nios2-elf/4.1.2\libgcc.a
LOAD BSP/\libhal_bsp.a
END GROUP
LOAD c:/altera/11.0/nios2eds/bin/gnu/h-i686-mingw32/bin/../lib/gcc/nios2-elf/4.1.2\libgcc.a
                0x00000000                __alt_mem_SDRAM = 0x0

.entry          0x00000000       0x20
 *(.entry)
 .entry         0x00000000       0x20 BSP//obj/HAL/src/crt0.o
                0x00000000                __reset

.exceptions     0x00000020      0x148
                0x00000020                PROVIDE (__ram_exceptions_start, ABSOLUTE (.))
                0x00000020                . = ALIGN (0x20)
 *(.irq)
 *(.exceptions.entry.label)
 .exceptions.entry.label
                0x00000020        0x0 BSP/\libhal_bsp.a(alt_irq_entry.o)
                0x00000020                alt_irq_entry
 .exceptions.entry.label
                0x00000020        0x0 BSP/\libhal_bsp.a(alt_exception_entry.o)
                0x00000020                alt_exception
 *(.exceptions.entry.user)
 *(.exceptions.entry)
 .exceptions.entry
                0x00000020       0x54 BSP/\libhal_bsp.a(alt_exception_entry.o)
 *(.exceptions.irqtest.user)
 *(.exceptions.irqtest)
 .exceptions.irqtest
                0x00000074       0x10 BSP/\libhal_bsp.a(alt_irq_entry.o)
 *(.exceptions.irqhandler.user)
 *(.exceptions.irqhandler)
 .exceptions.irqhandler
                0x00000084        0x4 BSP/\libhal_bsp.a(alt_irq_entry.o)
 *(.exceptions.irqreturn.user)
 *(.exceptions.irqreturn)
 .exceptions.irqreturn
                0x00000088        0x4 BSP/\libhal_bsp.a(alt_irq_entry.o)
 *(.exceptions.notirq.label)
 .exceptions.notirq.label
                0x0000008c        0x0 BSP/\libhal_bsp.a(alt_irq_entry.o)
 *(.exceptions.notirq.user)
 *(.exceptions.notirq)
 .exceptions.notirq
                0x0000008c        0x8 BSP/\libhal_bsp.a(alt_exception_entry.o)
 *(.exceptions.soft.user)
 *(.exceptions.soft)
 *(.exceptions.unknown.user)
 *(.exceptions.unknown)
 .exceptions.unknown
                0x00000094        0x4 BSP/\libhal_bsp.a(alt_exception_entry.o)
 *(.exceptions.exit.label)
 .exceptions.exit.label
                0x00000098        0x0 BSP/\libhal_bsp.a(alt_irq_entry.o)
 .exceptions.exit.label
                0x00000098        0x0 BSP/\libhal_bsp.a(alt_exception_entry.o)
 *(.exceptions.exit.user)
 *(.exceptions.exit)
 .exceptions.exit
                0x00000098       0x54 BSP/\libhal_bsp.a(alt_exception_entry.o)
 *(.exceptions)
 .exceptions    0x000000ec       0x7c BSP/\libhal_bsp.a(alt_irq_handler.o)
                0x000000ec                alt_irq_handler
                0x00000168                PROVIDE (__ram_exceptions_end, ABSOLUTE (.))
                0x00000020                PROVIDE (__flash_exceptions_start, LOADADDR (.exceptions))

.text           0x00000168     0x9ec8
                0x00000168                PROVIDE (stext, ABSOLUTE (.))
 *(.interp)
 *(.hash)
 *(.dynsym)
 *(.dynstr)
 *(.gnu.version)
 *(.gnu.version_d)
 *(.gnu.version_r)
 *(.rel.init)
 *(.rela.init)
 *(.rel.text .rel.text.* .rel.gnu.linkonce.t.*)
 *(.rela.text .rela.text.* .rela.gnu.linkonce.t.*)
 *(.rel.fini)
 *(.rela.fini)
 *(.rel.rodata .rel.rodata.* .rel.gnu.linkonce.r.*)
 *(.rela.rodata .rela.rodata.* .rela.gnu.linkonce.r.*)
 *(.rel.data .rel.data.* .rel.gnu.linkonce.d.*)
 *(.rela.data .rela.data.* .rela.gnu.linkonce.d.*)
 *(.rel.tdata .rel.tdata.* .rel.gnu.linkonce.td.*)
 *(.rela.tdata .rela.tdata.* .rela.gnu.linkonce.td.*)
 *(.rel.tbss .rel.tbss.* .rel.gnu.linkonce.tb.*)
 *(.rela.tbss .rela.tbss.* .rela.gnu.linkonce.tb.*)
 *(.rel.ctors)
 *(.rela.ctors)
 *(.rel.dtors)
 *(.rela.dtors)
 *(.rel.got)
 *(.rela.got)
 *(.rel.sdata .rel.sdata.* .rel.gnu.linkonce.s.*)
 *(.rela.sdata .rela.sdata.* .rela.gnu.linkonce.s.*)
 *(.rel.sbss .rel.sbss.* .rel.gnu.linkonce.sb.*)
 *(.rela.sbss .rela.sbss.* .rela.gnu.linkonce.sb.*)
 *(.rel.sdata2 .rel.sdata2.* .rel.gnu.linkonce.s2.*)
 *(.rela.sdata2 .rela.sdata2.* .rela.gnu.linkonce.s2.*)
 *(.rel.sbss2 .rel.sbss2.* .rel.gnu.linkonce.sb2.*)
 *(.rela.sbss2 .rela.sbss2.* .rela.gnu.linkonce.sb2.*)
 *(.rel.bss .rel.bss.* .rel.gnu.linkonce.b.*)
 *(.rela.bss .rela.bss.* .rela.gnu.linkonce.b.*)
 *(.rel.plt)
 *(.rela.plt)
 *(.rel.dyn)
 *(.init)
 *(.plt)
 *(.text .stub .text.* .gnu.linkonce.t.*)
 .text          0x00000168       0x3c BSP//obj/HAL/src/crt0.o
                0x00000168                _start
 .text          0x000001a4      0xc04 obj//C/ece5760/lab2/lander/media_graphics_HAL.o
                0x000001a4                groundCollision
                0x000001ac                draw_fuel_guage
                0x00000294                draw_sprite
                0x0000038c                draw_landscape
                0x0000043c                main
 .text          0x00000da8      0x168 c:/altera/11.0/nios2eds/bin/gnu/h-i686-mingw32/bin/../lib/gcc/nios2-elf/4.1.2/../../../../nios2-elf/lib\libm.a(lib_a-s_cos.o)
                0x00000da8                cos
 .text          0x00000f10      0x16c c:/altera/11.0/nios2eds/bin/gnu/h-i686-mingw32/bin/../lib/gcc/nios2-elf/4.1.2/../../../../nios2-elf/lib\libm.a(lib_a-s_sin.o)
                0x00000f10                sin
 .text          0x0000107c      0x828 c:/altera/11.0/nios2eds/bin/gnu/h-i686-mingw32/bin/../lib/gcc/nios2-elf/4.1.2/../../../../nios2-elf/lib\libm.a(lib_a-e_rem_pio2.o)
                0x0000107c                __ieee754_rem_pio2
 .text          0x000018a4      0x52c c:/altera/11.0/nios2eds/bin/gnu/h-i686-mingw32/bin/../lib/gcc/nios2-elf/4.1.2/../../../../nios2-elf/lib\libm.a(lib_a-k_cos.o)
                0x000018a4                __kernel_cos
 .text          0x00001dd0      0xe7c c:/altera/11.0/nios2eds/bin/gnu/h-i686-mingw32/bin/../lib/gcc/nios2-elf/4.1.2/../../../../nios2-elf/lib\libm.a(lib_a-k_rem_pio2.o)
                0x00001dd0                __kernel_rem_pio2
 .text          0x00002c4c      0x318 c:/altera/11.0/nios2eds/bin/gnu/h-i686-mingw32/bin/../lib/gcc/nios2-elf/4.1.2/../../../../nios2-elf/lib\libm.a(lib_a-k_sin.o)
                0x00002c4c                __kernel_sin
 .text          0x00002f64       0x18 c:/altera/11.0/nios2eds/bin/gnu/h-i686-mingw32/bin/../lib/gcc/nios2-elf/4.1.2/../../../../nios2-elf/lib\libm.a(lib_a-s_fabs.o)
                0x00002f64                fabs
 .text          0x00002f7c      0x224 c:/altera/11.0/nios2eds/bin/gnu/h-i686-mingw32/bin/../lib/gcc/nios2-elf/4.1.2/../../../../nios2-elf/lib\libm.a(lib_a-s_floor.o)
                0x00002f7c                floor
 .text          0x000031a0      0x1e0 c:/altera/11.0/nios2eds/bin/gnu/h-i686-mingw32/bin/../lib/gcc/nios2-elf/4.1.2/../../../../nios2-elf/lib\libm.a(lib_a-s_scalbn.o)
                0x000031a0                scalbn
 .text          0x00003380       0x24 c:/altera/11.0/nios2eds/bin/gnu/h-i686-mingw32/bin/../lib/gcc/nios2-elf/4.1.2/../../../../nios2-elf/lib\libm.a(lib_a-s_copysign.o)
                0x00003380                copysign
 .text          0x000033a4      0x174 c:/altera/11.0/nios2eds/bin/gnu/h-i686-mingw32/bin/../lib/gcc/nios2-elf/4.1.2\libgcc.a(_div_sf.o)
                0x000033a4                __divsf3
 .text          0x00003518       0x78 c:/altera/11.0/nios2eds/bin/gnu/h-i686-mingw32/bin/../lib/gcc/nios2-elf/4.1.2\libgcc.a(_eq_sf.o)
                0x00003518                __eqsf2
 .text          0x00003590       0x78 c:/altera/11.0/nios2eds/bin/gnu/h-i686-mingw32/bin/../lib/gcc/nios2-elf/4.1.2\libgcc.a(_gt_sf.o)
                0x00003590                __gtsf2
 .text          0x00003608       0x78 c:/altera/11.0/nios2eds/bin/gnu/h-i686-mingw32/bin/../lib/gcc/nios2-elf/4.1.2\libgcc.a(_ge_sf.o)
                0x00003608                __gesf2
 .text          0x00003680       0x78 c:/altera/11.0/nios2eds/bin/gnu/h-i686-mingw32/bin/../lib/gcc/nios2-elf/4.1.2\libgcc.a(_lt_sf.o)
                0x00003680                __ltsf2
 .text          0x000036f8       0x78 c:/altera/11.0/nios2eds/bin/gnu/h-i686-mingw32/bin/../lib/gcc/nios2-elf/4.1.2\libgcc.a(_le_sf.o)
                0x000036f8                __lesf2
 .text          0x00003770       0x98 c:/altera/11.0/nios2eds/bin/gnu/h-i686-mingw32/bin/../lib/gcc/nios2-elf/4.1.2\libgcc.a(_si_to_sf.o)
                0x00003770                __floatsisf
 .text          0x00003808       0x94 c:/altera/11.0/nios2eds/bin/gnu/h-i686-mingw32/bin/../lib/gcc/nios2-elf/4.1.2\libgcc.a(_sf_to_si.o)
                0x00003808                __fixsfsi
 .text          0x0000389c       0x54 c:/altera/11.0/nios2eds/bin/gnu/h-i686-mingw32/bin/../lib/gcc/nios2-elf/4.1.2\libgcc.a(_sf_to_df.o)
                0x0000389c                __extendsfdf2
 .text          0x000038f0        0x0 c:/altera/11.0/nios2eds/bin/gnu/h-i686-mingw32/bin/../lib/gcc/nios2-elf/4.1.2\libgcc.a(_thenan_sf.o)
 .text          0x000038f0       0xc0 c:/altera/11.0/nios2eds/bin/gnu/h-i686-mingw32/bin/../lib/gcc/nios2-elf/4.1.2\libgcc.a(_usi_to_sf.o)
                0x000038f0                __floatunsisf
 .text          0x000039b0      0x504 c:/altera/11.0/nios2eds/bin/gnu/h-i686-mingw32/bin/../lib/gcc/nios2-elf/4.1.2\libgcc.a(_addsub_df.o)
                0x00003dc0                __subdf3
                0x00003e40                __adddf3
 .text          0x00003eb4      0x3c4 c:/altera/11.0/nios2eds/bin/gnu/h-i686-mingw32/bin/../lib/gcc/nios2-elf/4.1.2\libgcc.a(_mul_df.o)
                0x00003eb4                __muldf3
 .text          0x00004278       0x88 c:/altera/11.0/nios2eds/bin/gnu/h-i686-mingw32/bin/../lib/gcc/nios2-elf/4.1.2\libgcc.a(_eq_df.o)
                0x00004278                __eqdf2
 .text          0x00004300       0x88 c:/altera/11.0/nios2eds/bin/gnu/h-i686-mingw32/bin/../lib/gcc/nios2-elf/4.1.2\libgcc.a(_gt_df.o)
                0x00004300                __gtdf2
 .text          0x00004388       0x88 c:/altera/11.0/nios2eds/bin/gnu/h-i686-mingw32/bin/../lib/gcc/nios2-elf/4.1.2\libgcc.a(_ge_df.o)
                0x00004388                __gedf2
 .text          0x00004410       0xf8 c:/altera/11.0/nios2eds/bin/gnu/h-i686-mingw32/bin/../lib/gcc/nios2-elf/4.1.2\libgcc.a(_si_to_df.o)
                0x00004410                __floatsidf
 .text          0x00004508       0xd8 c:/altera/11.0/nios2eds/bin/gnu/h-i686-mingw32/bin/../lib/gcc/nios2-elf/4.1.2\libgcc.a(_df_to_si.o)
                0x00004508                __fixdfsi
 .text          0x000045e0       0x38 c:/altera/11.0/nios2eds/bin/gnu/h-i686-mingw32/bin/../lib/gcc/nios2-elf/4.1.2\libgcc.a(_make_df.o)
                0x000045e0                __make_dp
 .text          0x00004618       0x74 c:/altera/11.0/nios2eds/bin/gnu/h-i686-mingw32/bin/../lib/gcc/nios2-elf/4.1.2\libgcc.a(_df_to_sf.o)
                0x00004618                __truncdfsf2
 .text          0x0000468c        0x0 c:/altera/11.0/nios2eds/bin/gnu/h-i686-mingw32/bin/../lib/gcc/nios2-elf/4.1.2\libgcc.a(_thenan_df.o)
 .text          0x0000468c      0x14c c:/altera/11.0/nios2eds/bin/gnu/h-i686-mingw32/bin/../lib/gcc/nios2-elf/4.1.2\libgcc.a(lib2-divmod.o)
                0x00004708                __divsi3
                0x00004768                __modsi3
                0x000047c8                __udivsi3
                0x000047d0                __umodsi3
 .text          0x000047d8       0x98 c:/altera/11.0/nios2eds/bin/gnu/h-i686-mingw32/bin/../lib/gcc/nios2-elf/4.1.2\libgcc.a(_muldi3.o)
                0x000047d8                __muldi3
 .text          0x00004870       0x80 c:/altera/11.0/nios2eds/bin/gnu/h-i686-mingw32/bin/../lib/gcc/nios2-elf/4.1.2\libgcc.a(_clzsi2.o)
                0x00004870                __clzsi2
 .text          0x000048f0      0x160 c:/altera/11.0/nios2eds/bin/gnu/h-i686-mingw32/bin/../lib/gcc/nios2-elf/4.1.2\libgcc.a(_pack_sf.o)
                0x000048f0                __pack_f
 .text          0x00004a50       0xc8 c:/altera/11.0/nios2eds/bin/gnu/h-i686-mingw32/bin/../lib/gcc/nios2-elf/4.1.2\libgcc.a(_unpack_sf.o)
                0x00004a50                __unpack_f
 .text          0x00004b18       0xa8 c:/altera/11.0/nios2eds/bin/gnu/h-i686-mingw32/bin/../lib/gcc/nios2-elf/4.1.2\libgcc.a(_fpcmp_parts_sf.o)
                0x00004b18                __fpcmp_parts_f
 .text          0x00004bc0       0x2c c:/altera/11.0/nios2eds/bin/gnu/h-i686-mingw32/bin/../lib/gcc/nios2-elf/4.1.2\libgcc.a(_make_sf.o)
                0x00004bc0                __make_fp
 .text          0x00004bec      0x314 c:/altera/11.0/nios2eds/bin/gnu/h-i686-mingw32/bin/../lib/gcc/nios2-elf/4.1.2\libgcc.a(_pack_df.o)
                0x00004bec                __pack_d
 .text          0x00004f00      0x138 c:/altera/11.0/nios2eds/bin/gnu/h-i686-mingw32/bin/../lib/gcc/nios2-elf/4.1.2\libgcc.a(_unpack_df.o)
                0x00004f00                __unpack_d
 .text          0x00005038       0xc8 c:/altera/11.0/nios2eds/bin/gnu/h-i686-mingw32/bin/../lib/gcc/nios2-elf/4.1.2\libgcc.a(_fpcmp_parts_df.o)
                0x00005038                __fpcmp_parts_d
 .text          0x00005100        0x0 c:/altera/11.0/nios2eds/bin/gnu/h-i686-mingw32/bin/../lib/gcc/nios2-elf/4.1.2\libgcc.a(_clz.o)
 .text          0x00005100       0xc4 BSP/\libhal_bsp.a(alt_load.o)
                0x00005100                alt_load
 .text          0x000051c4       0x50 BSP/\libhal_bsp.a(alt_main.o)
                0x000051c4                alt_main
 .text          0x00005214      0x1dc BSP/\libhal_bsp.a(alt_printf.o)
                0x00005214                alt_printf
 .text          0x000053f0       0x28 BSP/\libhal_bsp.a(alt_putchar.o)
                0x000053f0                alt_putchar
 .text          0x00005418      0x2cc BSP/\libhal_bsp.a(alt_sys_init.o)
                0x00005418                alt_irq_init
                0x00005438                alt_sys_init
 .text          0x000056e4       0x98 BSP/\libhal_bsp.a(altera_avalon_jtag_uart_fd.o)
                0x000056e4                altera_avalon_jtag_uart_ioctl_fd
                0x00005704                altera_avalon_jtag_uart_close_fd
                0x0000572c                altera_avalon_jtag_uart_write_fd
                0x00005754                altera_avalon_jtag_uart_read_fd
 .text          0x0000577c      0x238 BSP/\libhal_bsp.a(altera_avalon_jtag_uart_init.o)
                0x0000577c                altera_avalon_jtag_uart_close
                0x00005808                altera_avalon_jtag_uart_init
 .text          0x000059b4       0x74 BSP/\libhal_bsp.a(altera_avalon_jtag_uart_ioctl.o)
                0x000059b4                altera_avalon_jtag_uart_ioctl
 .text          0x00005a28      0x168 BSP/\libhal_bsp.a(altera_avalon_jtag_uart_read.o)
                0x00005a28                altera_avalon_jtag_uart_read
 .text          0x00005b90      0x17c BSP/\libhal_bsp.a(altera_avalon_jtag_uart_write.o)
                0x00005b90                altera_avalon_jtag_uart_write
 .text          0x00005d0c       0x80 BSP/\libhal_bsp.a(altera_avalon_timer_sc.o)
                0x00005d0c                alt_avalon_timer_sc_init
 .text          0x00005d8c      0x30c BSP/\libhal_bsp.a(altera_up_avalon_character_lcd.o)
                0x00005d8c                get_DDRAM_addr
                0x00005da8                alt_up_character_lcd_string
                0x00005df4                alt_up_character_lcd_write
                0x00005e20                alt_up_character_lcd_write_fd
                0x00005e40                alt_up_character_lcd_init
                0x00005e50                alt_up_character_lcd_send_cmd
                0x00005e60                alt_up_character_lcd_cursor_blink_on
                0x00005e7c                alt_up_character_lcd_cursor_off
                0x00005e98                alt_up_character_lcd_erase_pos
                0x00005f04                alt_up_character_lcd_shift_display
                0x00005f94                alt_up_character_lcd_shift_cursor
                0x00006024                alt_up_character_lcd_set_cursor_pos
                0x00006078                alt_up_character_lcd_open_dev
 .text          0x00006098      0x388 BSP/\libhal_bsp.a(altera_up_avalon_ps2.o)
                0x00006098                read_RI_bit
                0x000060a4                read_RE_bit
                0x000060ac                read_CE_bit
                0x000060b8                read_num_bytes_available
                0x000060c0                read_data_valid
                0x000060cc                read_data_byte
                0x000060d4                alt_up_ps2_open_dev
                0x000060f4                alt_up_ps2_clear_fifo
                0x00006124                alt_up_ps2_read_data_byte
                0x0000617c                alt_up_ps2_read_data_byte_timeout
                0x000061fc                alt_up_ps2_read_fd
                0x00006224                alt_up_ps2_wait_for_ack
                0x00006280                alt_up_ps2_write_data_byte
                0x000062c0                alt_up_ps2_write_fd
                0x00006330                alt_up_ps2_write_data_byte_with_ack
                0x00006364                alt_up_ps2_init
                0x000063ec                alt_up_ps2_disable_read_interrupt
                0x00006408                alt_up_ps2_enable_read_interrupt
 .text          0x00006420      0x1d4 BSP/\libhal_bsp.a(altera_up_avalon_rs232.o)
                0x00006420                alt_up_rs232_check_parity
                0x0000642c                alt_up_rs232_open_dev
                0x0000644c                alt_up_rs232_read_data
                0x00006498                alt_up_rs232_read_fd
                0x00006518                alt_up_rs232_get_available_space_in_write_FIFO
                0x00006528                alt_up_rs232_write_data
                0x00006540                alt_up_rs232_write_fd
                0x000065b0                alt_up_rs232_disable_read_interrupt
                0x000065cc                alt_up_rs232_enable_read_interrupt
                0x000065e4                alt_up_rs232_get_used_space_in_read_FIFO
 .text          0x000065f4      0x178 BSP/\libhal_bsp.a(altera_up_avalon_video_character_buffer_with_dma.o)
                0x000065f4                alt_up_char_buffer_string
                0x0000667c                alt_up_char_buffer_draw
                0x000066d4                alt_up_char_buffer_clear
                0x000066fc                alt_up_char_buffer_open_dev
                0x0000671c                alt_up_char_buffer_init
 .text          0x0000676c      0xa50 BSP/\libhal_bsp.a(altera_up_avalon_video_pixel_buffer_dma.o)
                0x0000676c                helper_plot_pixel
                0x000067c8                alt_up_pixel_buffer_dma_draw_line
                0x000069b4                alt_up_pixel_buffer_dma_draw_vline
                0x00006b48                alt_up_pixel_buffer_dma_draw_hline
                0x00006cbc                alt_up_pixel_buffer_dma_draw_rectangle
                0x00006d8c                alt_up_pixel_buffer_dma_draw_box
                0x00006fd0                alt_up_pixel_buffer_dma_clear_screen
                0x00007084                alt_up_pixel_buffer_dma_swap_buffers
                0x000070a8                alt_up_pixel_buffer_dma_draw
                0x00007164                alt_up_pixel_buffer_dma_check_swap_buffers_status
                0x00007174                alt_up_pixel_buffer_dma_change_back_buffer_address
                0x0000719c                alt_up_pixel_buffer_dma_open_dev
 .text          0x000071bc       0x94 BSP/\libhal_bsp.a(alt_alarm_start.o)
                0x000071bc                alt_alarm_start
 .text          0x00007250       0xdc BSP/\libhal_bsp.a(alt_close.o)
                0x00007250                close
 .text          0x0000732c        0x4 BSP/\libhal_bsp.a(alt_dcache_flush_all.o)
                0x0000732c                alt_dcache_flush_all
 .text          0x00007330        0x8 BSP/\libhal_bsp.a(alt_dev.o)
 .text          0x00007338       0x70 BSP/\libhal_bsp.a(alt_dev_llist_insert.o)
                0x00007338                alt_dev_llist_insert
 .text          0x000073a8        0x0 BSP/\libhal_bsp.a(alt_errno.o)
 .text          0x000073a8       0x70 BSP/\libhal_bsp.a(alt_find_dev.o)
                0x000073a8                alt_find_dev
 .text          0x00007418       0x20 BSP/\libhal_bsp.a(alt_icache_flush_all.o)
                0x00007418                alt_icache_flush_all
 .text          0x00007438       0xfc BSP/\libhal_bsp.a(alt_io_redirect.o)
                0x0000749c                alt_io_redirect
 .text          0x00007534       0xbc BSP/\libhal_bsp.a(alt_irq_register.o)
                0x00007534                alt_irq_register
 .text          0x000075f0        0x0 BSP/\libhal_bsp.a(alt_irq_vars.o)
 .text          0x000075f0      0x17c BSP/\libhal_bsp.a(alt_open.o)
                0x000075f0                open
 .text          0x0000776c       0x24 BSP/\libhal_bsp.a(alt_release_fd.o)
                0x0000776c                alt_release_fd
 .text          0x00007790       0xe0 BSP/\libhal_bsp.a(alt_tick.o)
                0x00007790                alt_alarm_stop
                0x000077c4                alt_tick
 .text          0x00007870        0x8 BSP/\libhal_bsp.a(altera_nios2_irq.o)
                0x00007870                altera_nios2_irq_init
 .text          0x00007878       0xbc BSP/\libhal_bsp.a(alt_find_file.o)
                0x00007878                alt_find_file
 .text          0x00007934       0x6c BSP/\libhal_bsp.a(alt_get_fd.o)
                0x00007934                alt_get_fd
 .text          0x000079a0       0x3c BSP/\libhal_bsp.a(alt_icache_flush.o)
                0x000079a0                alt_icache_flush
 .text          0x000079dc        0x0 BSP/\libhal_bsp.a(alt_irq_entry.o)
 .text          0x000079dc        0x0 BSP/\libhal_bsp.a(alt_irq_handler.o)
 .text          0x000079dc        0x0 BSP/\libhal_bsp.a(alt_exception_entry.o)
 .text          0x000079dc       0x38 c:/altera/11.0/nios2eds/bin/gnu/h-i686-mingw32/bin/../lib/gcc/nios2-elf/4.1.2/../../../../nios2-elf/lib\libc.a(lib_a-exit.o)
                0x000079dc                exit
 .text          0x00007a14        0x0 c:/altera/11.0/nios2eds/bin/gnu/h-i686-mingw32/bin/../lib/gcc/nios2-elf/4.1.2/../../../../nios2-elf/lib\libc.a(lib_a-impure.o)
 .text          0x00007a14        0x0 c:/altera/11.0/nios2eds/bin/gnu/h-i686-mingw32/bin/../lib/gcc/nios2-elf/4.1.2/../../../../nios2-elf/lib\libc.a(lib_a-int_errno.o)
 .text          0x00007a14       0x74 c:/altera/11.0/nios2eds/bin/gnu/h-i686-mingw32/bin/../lib/gcc/nios2-elf/4.1.2/../../../../nios2-elf/lib\libc.a(lib_a-memcmp.o)
                0x00007a14                memcmp
 .text          0x00007a88       0xa0 c:/altera/11.0/nios2eds/bin/gnu/h-i686-mingw32/bin/../lib/gcc/nios2-elf/4.1.2/../../../../nios2-elf/lib\libc.a(lib_a-memcpy.o)
                0x00007a88                memcpy
 .text          0x00007b28      0x1ec c:/altera/11.0/nios2eds/bin/gnu/h-i686-mingw32/bin/../lib/gcc/nios2-elf/4.1.2/../../../../nios2-elf/lib\libc.a(lib_a-putc.o)
                0x00007b28                putc
                0x00007c2c                _putc_r
 .text          0x00007d14       0xbc c:/altera/11.0/nios2eds/bin/gnu/h-i686-mingw32/bin/../lib/gcc/nios2-elf/4.1.2/../../../../nios2-elf/lib\libc.a(lib_a-strcmp.o)
                0x00007d14                strcmp
 .text          0x00007dd0       0x74 c:/altera/11.0/nios2eds/bin/gnu/h-i686-mingw32/bin/../lib/gcc/nios2-elf/4.1.2/../../../../nios2-elf/lib\libc.a(lib_a-strlen.o)
                0x00007dd0                strlen
 .text          0x00007e44      0x14c c:/altera/11.0/nios2eds/bin/gnu/h-i686-mingw32/bin/../lib/gcc/nios2-elf/4.1.2/../../../../nios2-elf/lib\libc.a(lib_a-wbuf.o)
                0x00007e44                __swbuf_r
                0x00007f74                __swbuf
 .text          0x00007f90      0x13c c:/altera/11.0/nios2eds/bin/gnu/h-i686-mingw32/bin/../lib/gcc/nios2-elf/4.1.2/../../../../nios2-elf/lib\libc.a(lib_a-wsetup.o)
                0x00007f90                __swsetup_r
 .text          0x000080cc      0x1b4 c:/altera/11.0/nios2eds/bin/gnu/h-i686-mingw32/bin/../lib/gcc/nios2-elf/4.1.2/../../../../nios2-elf/lib\libc.a(lib_a-__call_atexit.o)
                0x000080d0                __call_exitprocs
 .text          0x00008280      0x230 c:/altera/11.0/nios2eds/bin/gnu/h-i686-mingw32/bin/../lib/gcc/nios2-elf/4.1.2/../../../../nios2-elf/lib\libc.a(lib_a-fflush.o)
                0x00008280                _fflush_r
                0x0000847c                fflush
 .text          0x000084b0      0x2c0 c:/altera/11.0/nios2eds/bin/gnu/h-i686-mingw32/bin/../lib/gcc/nios2-elf/4.1.2/../../../../nios2-elf/lib\libc.a(lib_a-findfp.o)
                0x00008508                __sfp_lock_acquire
                0x0000850c                __sfp_lock_release
                0x00008510                __sinit_lock_acquire
                0x00008514                __sinit_lock_release
                0x00008518                __sinit
                0x000085cc                __fp_unlock_all
                0x000085e4                __fp_lock_all
                0x000085fc                _cleanup_r
                0x00008608                _cleanup
                0x00008618                __sfmoreglue
                0x00008680                __sfp
 .text          0x00008770      0x440 c:/altera/11.0/nios2eds/bin/gnu/h-i686-mingw32/bin/../lib/gcc/nios2-elf/4.1.2/../../../../nios2-elf/lib\libc.a(lib_a-freer.o)
                0x00008770                _malloc_trim_r
                0x0000889c                _free_r
 .text          0x00008bb0      0x180 c:/altera/11.0/nios2eds/bin/gnu/h-i686-mingw32/bin/../lib/gcc/nios2-elf/4.1.2/../../../../nios2-elf/lib\libc.a(lib_a-fwalk.o)
                0x00008bb0                _fwalk_reent
                0x00008c78                _fwalk
 .text          0x00008d30      0x194 c:/altera/11.0/nios2eds/bin/gnu/h-i686-mingw32/bin/../lib/gcc/nios2-elf/4.1.2/../../../../nios2-elf/lib\libc.a(lib_a-makebuf.o)
                0x00008d30                __smakebuf_r
 .text          0x00008ec4      0x740 c:/altera/11.0/nios2eds/bin/gnu/h-i686-mingw32/bin/../lib/gcc/nios2-elf/4.1.2/../../../../nios2-elf/lib\libc.a(lib_a-mallocr.o)
                0x00008ec4                _malloc_r
 .text          0x00009604       0x98 c:/altera/11.0/nios2eds/bin/gnu/h-i686-mingw32/bin/../lib/gcc/nios2-elf/4.1.2/../../../../nios2-elf/lib\libc.a(lib_a-memset.o)
                0x00009604                memset
 .text          0x0000969c       0x70 c:/altera/11.0/nios2eds/bin/gnu/h-i686-mingw32/bin/../lib/gcc/nios2-elf/4.1.2/../../../../nios2-elf/lib\libc.a(lib_a-sbrkr.o)
                0x0000969c                _sbrk_r
 .text          0x0000970c      0x14c c:/altera/11.0/nios2eds/bin/gnu/h-i686-mingw32/bin/../lib/gcc/nios2-elf/4.1.2/../../../../nios2-elf/lib\libc.a(lib_a-stdio.o)
                0x0000970c                __sclose
                0x00009714                __sseek
                0x0000977c                __swrite
                0x000097f8                __sread
 .text          0x00009858       0x78 c:/altera/11.0/nios2eds/bin/gnu/h-i686-mingw32/bin/../lib/gcc/nios2-elf/4.1.2/../../../../nios2-elf/lib\libc.a(lib_a-writer.o)
                0x00009858                _write_r
 .text          0x000098d0       0x70 c:/altera/11.0/nios2eds/bin/gnu/h-i686-mingw32/bin/../lib/gcc/nios2-elf/4.1.2/../../../../nios2-elf/lib\libc.a(lib_a-closer.o)
                0x000098d0                _close_r
 .text          0x00009940      0x124 c:/altera/11.0/nios2eds/bin/gnu/h-i686-mingw32/bin/../lib/gcc/nios2-elf/4.1.2/../../../../nios2-elf/lib\libc.a(lib_a-fclose.o)
                0x00009940                _fclose_r
                0x00009a50                fclose
 .text          0x00009a64       0x74 c:/altera/11.0/nios2eds/bin/gnu/h-i686-mingw32/bin/../lib/gcc/nios2-elf/4.1.2/../../../../nios2-elf/lib\libc.a(lib_a-fstatr.o)
                0x00009a64                _fstat_r
 .text          0x00009ad8       0x70 c:/altera/11.0/nios2eds/bin/gnu/h-i686-mingw32/bin/../lib/gcc/nios2-elf/4.1.2/../../../../nios2-elf/lib\libc.a(lib_a-isattyr.o)
                0x00009ad8                _isatty_r
 .text          0x00009b48       0x78 c:/altera/11.0/nios2eds/bin/gnu/h-i686-mingw32/bin/../lib/gcc/nios2-elf/4.1.2/../../../../nios2-elf/lib\libc.a(lib_a-lseekr.o)
                0x00009b48                _lseek_r
 .text          0x00009bc0       0x78 c:/altera/11.0/nios2eds/bin/gnu/h-i686-mingw32/bin/../lib/gcc/nios2-elf/4.1.2/../../../../nios2-elf/lib\libc.a(lib_a-readr.o)
                0x00009bc0                _read_r
 .text          0x00009c38       0x14 BSP/\libhal_bsp.a(alt_exit.o)
                0x00009c38                _exit
 .text          0x00009c4c       0x80 BSP/\libhal_bsp.a(alt_fstat.o)
                0x00009c4c                fstat
 .text          0x00009ccc       0x84 BSP/\libhal_bsp.a(alt_isatty.o)
                0x00009ccc                isatty
 .text          0x00009d50       0x98 BSP/\libhal_bsp.a(alt_lseek.o)
                0x00009d50                lseek
 .text          0x00009de8        0x8 BSP/\libhal_bsp.a(alt_malloc_lock.o)
                0x00009de8                __malloc_lock
                0x00009dec                __malloc_unlock
 .text          0x00009df0       0xf8 BSP/\libhal_bsp.a(alt_read.o)
                0x00009df0                read
 .text          0x00009ee8       0x50 BSP/\libhal_bsp.a(alt_sbrk.o)
                0x00009ee8                sbrk
 .text          0x00009f38       0xf4 BSP/\libhal_bsp.a(alt_write.o)
                0x00009f38                write
 *(.gnu.warning.*)
 *(.fini)
                0x0000a02c                PROVIDE (__etext, ABSOLUTE (.))
                0x0000a02c                PROVIDE (_etext, ABSOLUTE (.))
                0x0000a02c                PROVIDE (etext, ABSOLUTE (.))
 *(.eh_frame_hdr)
                0x0000a02c                . = ALIGN (0x4)
                0x0000a02c                PROVIDE (__preinit_array_start, ABSOLUTE (.))
 *(.preinit_array)
                0x0000a02c                PROVIDE (__preinit_array_end, ABSOLUTE (.))
                0x0000a02c                PROVIDE (__init_array_start, ABSOLUTE (.))
 *(.init_array)
                0x0000a02c                PROVIDE (__init_array_end, ABSOLUTE (.))
                0x0000a02c                PROVIDE (__fini_array_start, ABSOLUTE (.))
 *(.fini_array)
                0x0000a02c                PROVIDE (__fini_array_end, ABSOLUTE (.))
 *(.eh_frame)
 *(.gcc_except_table)
 *(.dynamic)
                0x0000a02c                PROVIDE (__CTOR_LIST__, ABSOLUTE (.))
 *(.ctors)
 *(SORT(.ctors.*))
 .ctors.65535   0x0000a02c        0x4 c:/altera/11.0/nios2eds/bin/gnu/h-i686-mingw32/bin/../lib/gcc/nios2-elf/4.1.2/../../../../nios2-elf/lib\libc.a(lib_a-__call_atexit.o)
                0x0000a030                PROVIDE (__CTOR_END__, ABSOLUTE (.))
                0x0000a030                PROVIDE (__DTOR_LIST__, ABSOLUTE (.))
 *(.dtors)
 *(SORT(.dtors.*))
                0x0000a030                PROVIDE (__DTOR_END__, ABSOLUTE (.))
 *(.jcr)
                0x0000a030                . = ALIGN (0x4)

.rodata         0x0000a030      0x538
                0x0000a030                PROVIDE (__ram_rodata_start, ABSOLUTE (.))
                0x0000a030                . = ALIGN (0x4)
 *(.rodata .rodata.* .gnu.linkonce.r.*)
 .rodata.str1.4
                0x0000a030       0xdc obj//C/ece5760/lab2/lander/media_graphics_HAL.o
 .rodata        0x0000a10c       0x28 obj//C/ece5760/lab2/lander/media_graphics_HAL.o
 .rodata        0x0000a134      0x188 c:/altera/11.0/nios2eds/bin/gnu/h-i686-mingw32/bin/../lib/gcc/nios2-elf/4.1.2/../../../../nios2-elf/lib\libm.a(lib_a-e_rem_pio2.o)
 .rodata        0x0000a2bc       0x50 c:/altera/11.0/nios2eds/bin/gnu/h-i686-mingw32/bin/../lib/gcc/nios2-elf/4.1.2/../../../../nios2-elf/lib\libm.a(lib_a-k_rem_pio2.o)
 .rodata        0x0000a30c       0x10 c:/altera/11.0/nios2eds/bin/gnu/h-i686-mingw32/bin/../lib/gcc/nios2-elf/4.1.2\libgcc.a(_thenan_sf.o)
                0x0000a30c                __thenan_sf
 .rodata        0x0000a31c       0x14 c:/altera/11.0/nios2eds/bin/gnu/h-i686-mingw32/bin/../lib/gcc/nios2-elf/4.1.2\libgcc.a(_thenan_df.o)
                0x0000a31c                __thenan_df
 .rodata        0x0000a330      0x100 c:/altera/11.0/nios2eds/bin/gnu/h-i686-mingw32/bin/../lib/gcc/nios2-elf/4.1.2\libgcc.a(_clz.o)
                0x0000a330                __clz_tab
 .rodata.str1.4
                0x0000a430        0xf BSP/\libhal_bsp.a(alt_main.o)
                                 0x10 (size before relaxing)
 *fill*         0x0000a43f        0x1 00
 .rodata.str1.4
                0x0000a440      0x116 BSP/\libhal_bsp.a(alt_sys_init.o)
                                0x140 (size before relaxing)
 .rodata.str1.4
                0x00000000      0x116 BSP/\libhal_bsp.a(altera_up_avalon_video_character_buffer_with_dma.o)
                                 0x1c (size before relaxing)
 *fill*         0x0000a556        0x2 00
 .rodata.str1.4
                0x0000a558        0xa BSP/\libhal_bsp.a(alt_dev.o)
                                  0xc (size before relaxing)
 *fill*         0x0000a562        0x2 00
 .rodata.str1.4
                0x0000a564        0x4 c:/altera/11.0/nios2eds/bin/gnu/h-i686-mingw32/bin/../lib/gcc/nios2-elf/4.1.2/../../../../nios2-elf/lib\libc.a(lib_a-impure.o)
 *(.rodata1)
                0x0000a568                . = ALIGN (0x4)
                0x0000a568                PROVIDE (__ram_rodata_end, ABSOLUTE (.))
                0x0000a030                PROVIDE (__flash_rodata_start, LOADADDR (.rodata))

.rwdata         0x0000a568     0x9fdc load address 0x00014544
                0x0000a568                PROVIDE (__ram_rwdata_start, ABSOLUTE (.))
                0x0000a568                . = ALIGN (0x4)
 *(.got.plt)
 *(.got)
 *(.data1)
 *(.data .data.* .gnu.linkonce.d.*)
 .data          0x0000a568        0x0 BSP//obj/HAL/src/crt0.o
 .data          0x0000a568     0x828c obj//C/ece5760/lab2/lander/media_graphics_HAL.o
                0x0000a568                landers
                0x0001277c                you_died
                0x000127a4                you_won
                0x000127cc                no_fuel
 .data          0x000127f4        0x0 c:/altera/11.0/nios2eds/bin/gnu/h-i686-mingw32/bin/../lib/gcc/nios2-elf/4.1.2/../../../../nios2-elf/lib\libm.a(lib_a-s_cos.o)
 .data          0x000127f4        0x0 c:/altera/11.0/nios2eds/bin/gnu/h-i686-mingw32/bin/../lib/gcc/nios2-elf/4.1.2/../../../../nios2-elf/lib\libm.a(lib_a-s_sin.o)
 .data          0x000127f4        0x0 c:/altera/11.0/nios2eds/bin/gnu/h-i686-mingw32/bin/../lib/gcc/nios2-elf/4.1.2/../../../../nios2-elf/lib\libm.a(lib_a-e_rem_pio2.o)
 .data          0x000127f4        0x0 c:/altera/11.0/nios2eds/bin/gnu/h-i686-mingw32/bin/../lib/gcc/nios2-elf/4.1.2/../../../../nios2-elf/lib\libm.a(lib_a-k_cos.o)
 .data          0x000127f4        0x0 c:/altera/11.0/nios2eds/bin/gnu/h-i686-mingw32/bin/../lib/gcc/nios2-elf/4.1.2/../../../../nios2-elf/lib\libm.a(lib_a-k_rem_pio2.o)
 .data          0x000127f4        0x0 c:/altera/11.0/nios2eds/bin/gnu/h-i686-mingw32/bin/../lib/gcc/nios2-elf/4.1.2/../../../../nios2-elf/lib\libm.a(lib_a-k_sin.o)
 .data          0x000127f4        0x0 c:/altera/11.0/nios2eds/bin/gnu/h-i686-mingw32/bin/../lib/gcc/nios2-elf/4.1.2/../../../../nios2-elf/lib\libm.a(lib_a-s_fabs.o)
 .data          0x000127f4        0x0 c:/altera/11.0/nios2eds/bin/gnu/h-i686-mingw32/bin/../lib/gcc/nios2-elf/4.1.2/../../../../nios2-elf/lib\libm.a(lib_a-s_floor.o)
 .data          0x000127f4        0x0 c:/altera/11.0/nios2eds/bin/gnu/h-i686-mingw32/bin/../lib/gcc/nios2-elf/4.1.2/../../../../nios2-elf/lib\libm.a(lib_a-s_scalbn.o)
 .data          0x000127f4        0x0 c:/altera/11.0/nios2eds/bin/gnu/h-i686-mingw32/bin/../lib/gcc/nios2-elf/4.1.2/../../../../nios2-elf/lib\libm.a(lib_a-s_copysign.o)
 .data          0x000127f4        0x0 c:/altera/11.0/nios2eds/bin/gnu/h-i686-mingw32/bin/../lib/gcc/nios2-elf/4.1.2\libgcc.a(_div_sf.o)
 .data          0x000127f4        0x0 c:/altera/11.0/nios2eds/bin/gnu/h-i686-mingw32/bin/../lib/gcc/nios2-elf/4.1.2\libgcc.a(_eq_sf.o)
 .data          0x000127f4        0x0 c:/altera/11.0/nios2eds/bin/gnu/h-i686-mingw32/bin/../lib/gcc/nios2-elf/4.1.2\libgcc.a(_gt_sf.o)
 .data          0x000127f4        0x0 c:/altera/11.0/nios2eds/bin/gnu/h-i686-mingw32/bin/../lib/gcc/nios2-elf/4.1.2\libgcc.a(_ge_sf.o)
 .data          0x000127f4        0x0 c:/altera/11.0/nios2eds/bin/gnu/h-i686-mingw32/bin/../lib/gcc/nios2-elf/4.1.2\libgcc.a(_lt_sf.o)
 .data          0x000127f4        0x0 c:/altera/11.0/nios2eds/bin/gnu/h-i686-mingw32/bin/../lib/gcc/nios2-elf/4.1.2\libgcc.a(_le_sf.o)
 .data          0x000127f4        0x0 c:/altera/11.0/nios2eds/bin/gnu/h-i686-mingw32/bin/../lib/gcc/nios2-elf/4.1.2\libgcc.a(_si_to_sf.o)
 .data          0x000127f4        0x0 c:/altera/11.0/nios2eds/bin/gnu/h-i686-mingw32/bin/../lib/gcc/nios2-elf/4.1.2\libgcc.a(_sf_to_si.o)
 .data          0x000127f4        0x0 c:/altera/11.0/nios2eds/bin/gnu/h-i686-mingw32/bin/../lib/gcc/nios2-elf/4.1.2\libgcc.a(_sf_to_df.o)
 .data          0x000127f4        0x0 c:/altera/11.0/nios2eds/bin/gnu/h-i686-mingw32/bin/../lib/gcc/nios2-elf/4.1.2\libgcc.a(_thenan_sf.o)
 .data          0x000127f4        0x0 c:/altera/11.0/nios2eds/bin/gnu/h-i686-mingw32/bin/../lib/gcc/nios2-elf/4.1.2\libgcc.a(_usi_to_sf.o)
 .data          0x000127f4        0x0 c:/altera/11.0/nios2eds/bin/gnu/h-i686-mingw32/bin/../lib/gcc/nios2-elf/4.1.2\libgcc.a(_addsub_df.o)
 .data          0x000127f4        0x0 c:/altera/11.0/nios2eds/bin/gnu/h-i686-mingw32/bin/../lib/gcc/nios2-elf/4.1.2\libgcc.a(_mul_df.o)
 .data          0x000127f4        0x0 c:/altera/11.0/nios2eds/bin/gnu/h-i686-mingw32/bin/../lib/gcc/nios2-elf/4.1.2\libgcc.a(_eq_df.o)
 .data          0x000127f4        0x0 c:/altera/11.0/nios2eds/bin/gnu/h-i686-mingw32/bin/../lib/gcc/nios2-elf/4.1.2\libgcc.a(_gt_df.o)
 .data          0x000127f4        0x0 c:/altera/11.0/nios2eds/bin/gnu/h-i686-mingw32/bin/../lib/gcc/nios2-elf/4.1.2\libgcc.a(_ge_df.o)
 .data          0x000127f4        0x0 c:/altera/11.0/nios2eds/bin/gnu/h-i686-mingw32/bin/../lib/gcc/nios2-elf/4.1.2\libgcc.a(_si_to_df.o)
 .data          0x000127f4        0x0 c:/altera/11.0/nios2eds/bin/gnu/h-i686-mingw32/bin/../lib/gcc/nios2-elf/4.1.2\libgcc.a(_df_to_si.o)
 .data          0x000127f4        0x0 c:/altera/11.0/nios2eds/bin/gnu/h-i686-mingw32/bin/../lib/gcc/nios2-elf/4.1.2\libgcc.a(_make_df.o)
 .data          0x000127f4        0x0 c:/altera/11.0/nios2eds/bin/gnu/h-i686-mingw32/bin/../lib/gcc/nios2-elf/4.1.2\libgcc.a(_df_to_sf.o)
 .data          0x000127f4        0x0 c:/altera/11.0/nios2eds/bin/gnu/h-i686-mingw32/bin/../lib/gcc/nios2-elf/4.1.2\libgcc.a(_thenan_df.o)
 .data          0x000127f4        0x0 c:/altera/11.0/nios2eds/bin/gnu/h-i686-mingw32/bin/../lib/gcc/nios2-elf/4.1.2\libgcc.a(lib2-divmod.o)
 .data          0x000127f4        0x0 c:/altera/11.0/nios2eds/bin/gnu/h-i686-mingw32/bin/../lib/gcc/nios2-elf/4.1.2\libgcc.a(_muldi3.o)
 .data          0x000127f4        0x0 c:/altera/11.0/nios2eds/bin/gnu/h-i686-mingw32/bin/../lib/gcc/nios2-elf/4.1.2\libgcc.a(_clzsi2.o)
 .data          0x000127f4        0x0 c:/altera/11.0/nios2eds/bin/gnu/h-i686-mingw32/bin/../lib/gcc/nios2-elf/4.1.2\libgcc.a(_pack_sf.o)
 .data          0x000127f4        0x0 c:/altera/11.0/nios2eds/bin/gnu/h-i686-mingw32/bin/../lib/gcc/nios2-elf/4.1.2\libgcc.a(_unpack_sf.o)
 .data          0x000127f4        0x0 c:/altera/11.0/nios2eds/bin/gnu/h-i686-mingw32/bin/../lib/gcc/nios2-elf/4.1.2\libgcc.a(_fpcmp_parts_sf.o)
 .data          0x000127f4        0x0 c:/altera/11.0/nios2eds/bin/gnu/h-i686-mingw32/bin/../lib/gcc/nios2-elf/4.1.2\libgcc.a(_make_sf.o)
 .data          0x000127f4        0x0 c:/altera/11.0/nios2eds/bin/gnu/h-i686-mingw32/bin/../lib/gcc/nios2-elf/4.1.2\libgcc.a(_pack_df.o)
 .data          0x000127f4        0x0 c:/altera/11.0/nios2eds/bin/gnu/h-i686-mingw32/bin/../lib/gcc/nios2-elf/4.1.2\libgcc.a(_unpack_df.o)
 .data          0x000127f4        0x0 c:/altera/11.0/nios2eds/bin/gnu/h-i686-mingw32/bin/../lib/gcc/nios2-elf/4.1.2\libgcc.a(_fpcmp_parts_df.o)
 .data          0x000127f4        0x0 c:/altera/11.0/nios2eds/bin/gnu/h-i686-mingw32/bin/../lib/gcc/nios2-elf/4.1.2\libgcc.a(_clz.o)
 .data          0x000127f4        0x0 BSP/\libhal_bsp.a(alt_load.o)
 .data          0x000127f4        0x0 BSP/\libhal_bsp.a(alt_main.o)
 .data          0x000127f4        0x0 BSP/\libhal_bsp.a(alt_printf.o)
 .data          0x000127f4        0x0 BSP/\libhal_bsp.a(alt_putchar.o)
 .data          0x000127f4     0x134c BSP/\libhal_bsp.a(alt_sys_init.o)
 .data          0x00013b40        0x0 BSP/\libhal_bsp.a(altera_avalon_jtag_uart_fd.o)
 .data          0x00013b40        0x0 BSP/\libhal_bsp.a(altera_avalon_jtag_uart_init.o)
 .data          0x00013b40        0x0 BSP/\libhal_bsp.a(altera_avalon_jtag_uart_ioctl.o)
 .data          0x00013b40        0x0 BSP/\libhal_bsp.a(altera_avalon_jtag_uart_read.o)
 .data          0x00013b40        0x0 BSP/\libhal_bsp.a(altera_avalon_jtag_uart_write.o)
 .data          0x00013b40        0x0 BSP/\libhal_bsp.a(altera_avalon_timer_sc.o)
 .data          0x00013b40        0x0 BSP/\libhal_bsp.a(altera_up_avalon_character_lcd.o)
 .data          0x00013b40        0x0 BSP/\libhal_bsp.a(altera_up_avalon_ps2.o)
 .data          0x00013b40        0x0 BSP/\libhal_bsp.a(altera_up_avalon_rs232.o)
 .data          0x00013b40        0x0 BSP/\libhal_bsp.a(altera_up_avalon_video_character_buffer_with_dma.o)
 .data          0x00013b40        0x0 BSP/\libhal_bsp.a(altera_up_avalon_video_pixel_buffer_dma.o)
 .data          0x00013b40        0x0 BSP/\libhal_bsp.a(alt_alarm_start.o)
 .data          0x00013b40        0x0 BSP/\libhal_bsp.a(alt_close.o)
 .data          0x00013b40        0x0 BSP/\libhal_bsp.a(alt_dcache_flush_all.o)
 .data          0x00013b40      0x1a8 BSP/\libhal_bsp.a(alt_dev.o)
                0x00013b40                alt_dev_null
                0x00013b68                alt_fd_list
 .data          0x00013ce8        0x0 BSP/\libhal_bsp.a(alt_dev_llist_insert.o)
 .data          0x00013ce8        0x0 BSP/\libhal_bsp.a(alt_errno.o)
 .data          0x00013ce8        0x0 BSP/\libhal_bsp.a(alt_find_dev.o)
 .data          0x00013ce8        0x0 BSP/\libhal_bsp.a(alt_icache_flush_all.o)
 .data          0x00013ce8        0x0 BSP/\libhal_bsp.a(alt_io_redirect.o)
 .data          0x00013ce8        0x0 BSP/\libhal_bsp.a(alt_irq_register.o)
 .data          0x00013ce8        0x0 BSP/\libhal_bsp.a(alt_irq_vars.o)
 .data          0x00013ce8        0x0 BSP/\libhal_bsp.a(alt_open.o)
 .data          0x00013ce8        0x0 BSP/\libhal_bsp.a(alt_release_fd.o)
 .data          0x00013ce8        0x0 BSP/\libhal_bsp.a(alt_tick.o)
 .data          0x00013ce8        0x0 BSP/\libhal_bsp.a(altera_nios2_irq.o)
 .data          0x00013ce8        0x0 BSP/\libhal_bsp.a(alt_find_file.o)
 .data          0x00013ce8        0x0 BSP/\libhal_bsp.a(alt_get_fd.o)
 .data          0x00013ce8        0x0 BSP/\libhal_bsp.a(alt_icache_flush.o)
 .data          0x00013ce8        0x0 BSP/\libhal_bsp.a(alt_irq_entry.o)
 .data          0x00013ce8        0x0 BSP/\libhal_bsp.a(alt_irq_handler.o)
 .data          0x00013ce8        0x0 BSP/\libhal_bsp.a(alt_exception_entry.o)
 .data          0x00013ce8        0x0 c:/altera/11.0/nios2eds/bin/gnu/h-i686-mingw32/bin/../lib/gcc/nios2-elf/4.1.2/../../../../nios2-elf/lib\libc.a(lib_a-exit.o)
 .data          0x00013ce8      0x400 c:/altera/11.0/nios2eds/bin/gnu/h-i686-mingw32/bin/../lib/gcc/nios2-elf/4.1.2/../../../../nios2-elf/lib\libc.a(lib_a-impure.o)
 .data          0x000140e8        0x0 c:/altera/11.0/nios2eds/bin/gnu/h-i686-mingw32/bin/../lib/gcc/nios2-elf/4.1.2/../../../../nios2-elf/lib\libc.a(lib_a-int_errno.o)
 .data          0x000140e8        0x0 c:/altera/11.0/nios2eds/bin/gnu/h-i686-mingw32/bin/../lib/gcc/nios2-elf/4.1.2/../../../../nios2-elf/lib\libc.a(lib_a-memcmp.o)
 .data          0x000140e8        0x0 c:/altera/11.0/nios2eds/bin/gnu/h-i686-mingw32/bin/../lib/gcc/nios2-elf/4.1.2/../../../../nios2-elf/lib\libc.a(lib_a-memcpy.o)
 .data          0x000140e8        0x0 c:/altera/11.0/nios2eds/bin/gnu/h-i686-mingw32/bin/../lib/gcc/nios2-elf/4.1.2/../../../../nios2-elf/lib\libc.a(lib_a-putc.o)
 .data          0x000140e8        0x0 c:/altera/11.0/nios2eds/bin/gnu/h-i686-mingw32/bin/../lib/gcc/nios2-elf/4.1.2/../../../../nios2-elf/lib\libc.a(lib_a-strcmp.o)
 .data          0x000140e8        0x0 c:/altera/11.0/nios2eds/bin/gnu/h-i686-mingw32/bin/../lib/gcc/nios2-elf/4.1.2/../../../../nios2-elf/lib\libc.a(lib_a-strlen.o)
 .data          0x000140e8        0x0 c:/altera/11.0/nios2eds/bin/gnu/h-i686-mingw32/bin/../lib/gcc/nios2-elf/4.1.2/../../../../nios2-elf/lib\libc.a(lib_a-wbuf.o)
 .data          0x000140e8        0x0 c:/altera/11.0/nios2eds/bin/gnu/h-i686-mingw32/bin/../lib/gcc/nios2-elf/4.1.2/../../../../nios2-elf/lib\libc.a(lib_a-wsetup.o)
 .data          0x000140e8        0x0 c:/altera/11.0/nios2eds/bin/gnu/h-i686-mingw32/bin/../lib/gcc/nios2-elf/4.1.2/../../../../nios2-elf/lib\libc.a(lib_a-__call_atexit.o)
 .data          0x000140e8        0x0 c:/altera/11.0/nios2eds/bin/gnu/h-i686-mingw32/bin/../lib/gcc/nios2-elf/4.1.2/../../../../nios2-elf/lib\libc.a(lib_a-fflush.o)
 .data          0x000140e8        0x0 c:/altera/11.0/nios2eds/bin/gnu/h-i686-mingw32/bin/../lib/gcc/nios2-elf/4.1.2/../../../../nios2-elf/lib\libc.a(lib_a-findfp.o)
 .data          0x000140e8        0x0 c:/altera/11.0/nios2eds/bin/gnu/h-i686-mingw32/bin/../lib/gcc/nios2-elf/4.1.2/../../../../nios2-elf/lib\libc.a(lib_a-freer.o)
 .data          0x000140e8        0x0 c:/altera/11.0/nios2eds/bin/gnu/h-i686-mingw32/bin/../lib/gcc/nios2-elf/4.1.2/../../../../nios2-elf/lib\libc.a(lib_a-fwalk.o)
 .data          0x000140e8        0x0 c:/altera/11.0/nios2eds/bin/gnu/h-i686-mingw32/bin/../lib/gcc/nios2-elf/4.1.2/../../../../nios2-elf/lib\libc.a(lib_a-makebuf.o)
 .data          0x000140e8      0x408 c:/altera/11.0/nios2eds/bin/gnu/h-i686-mingw32/bin/../lib/gcc/nios2-elf/4.1.2/../../../../nios2-elf/lib\libc.a(lib_a-mallocr.o)
                0x000140e8                __malloc_av_
 .data          0x000144f0        0x0 c:/altera/11.0/nios2eds/bin/gnu/h-i686-mingw32/bin/../lib/gcc/nios2-elf/4.1.2/../../../../nios2-elf/lib\libc.a(lib_a-memset.o)
 .data          0x000144f0        0x0 c:/altera/11.0/nios2eds/bin/gnu/h-i686-mingw32/bin/../lib/gcc/nios2-elf/4.1.2/../../../../nios2-elf/lib\libc.a(lib_a-sbrkr.o)
 .data          0x000144f0        0x0 c:/altera/11.0/nios2eds/bin/gnu/h-i686-mingw32/bin/../lib/gcc/nios2-elf/4.1.2/../../../../nios2-elf/lib\libc.a(lib_a-stdio.o)
 .data          0x000144f0        0x0 c:/altera/11.0/nios2eds/bin/gnu/h-i686-mingw32/bin/../lib/gcc/nios2-elf/4.1.2/../../../../nios2-elf/lib\libc.a(lib_a-writer.o)
 .data          0x000144f0        0x0 c:/altera/11.0/nios2eds/bin/gnu/h-i686-mingw32/bin/../lib/gcc/nios2-elf/4.1.2/../../../../nios2-elf/lib\libc.a(lib_a-closer.o)
 .data          0x000144f0        0x0 c:/altera/11.0/nios2eds/bin/gnu/h-i686-mingw32/bin/../lib/gcc/nios2-elf/4.1.2/../../../../nios2-elf/lib\libc.a(lib_a-fclose.o)
 .data          0x000144f0        0x0 c:/altera/11.0/nios2eds/bin/gnu/h-i686-mingw32/bin/../lib/gcc/nios2-elf/4.1.2/../../../../nios2-elf/lib\libc.a(lib_a-fstatr.o)
 .data          0x000144f0        0x0 c:/altera/11.0/nios2eds/bin/gnu/h-i686-mingw32/bin/../lib/gcc/nios2-elf/4.1.2/../../../../nios2-elf/lib\libc.a(lib_a-isattyr.o)
 .data          0x000144f0        0x0 c:/altera/11.0/nios2eds/bin/gnu/h-i686-mingw32/bin/../lib/gcc/nios2-elf/4.1.2/../../../../nios2-elf/lib\libc.a(lib_a-lseekr.o)
 .data          0x000144f0        0x0 c:/altera/11.0/nios2eds/bin/gnu/h-i686-mingw32/bin/../lib/gcc/nios2-elf/4.1.2/../../../../nios2-elf/lib\libc.a(lib_a-readr.o)
 .data          0x000144f0        0x0 BSP/\libhal_bsp.a(alt_exit.o)
 .data          0x000144f0        0x0 BSP/\libhal_bsp.a(alt_fstat.o)
 .data          0x000144f0        0x0 BSP/\libhal_bsp.a(alt_isatty.o)
 .data          0x000144f0        0x0 BSP/\libhal_bsp.a(alt_lseek.o)
 .data          0x000144f0        0x0 BSP/\libhal_bsp.a(alt_malloc_lock.o)
 .data          0x000144f0        0x0 BSP/\libhal_bsp.a(alt_read.o)
 .data          0x000144f0        0x0 BSP/\libhal_bsp.a(alt_sbrk.o)
 .data          0x000144f0        0x0 BSP/\libhal_bsp.a(alt_write.o)
                0x0001c4f0                _gp = ABSOLUTE ((. + 0x8000))
                0x0001c4f0                PROVIDE (gp, _gp)
 *(.rwdata .rwdata.*)
 *(.sdata .sdata.* .gnu.linkonce.s.*)
 .sdata         0x000144f0       0x1c obj//C/ece5760/lab2/lander/media_graphics_HAL.o
                0x000144f0                x_land_1
                0x000144f4                x_land_2
                0x000144f8                x_land_3
                0x000144fc                x_land_f
                0x00014500                y_land_1
                0x00014504                y_land_2
                0x00014508                y_land_f
 .sdata         0x0001450c       0x14 BSP/\libhal_bsp.a(alt_dev.o)
                0x0001450c                alt_fs_list
                0x00014514                alt_dev_list
                0x0001451c                alt_max_fd
 .sdata         0x00014520        0x4 BSP/\libhal_bsp.a(alt_errno.o)
                0x00014520                alt_errno
 .sdata         0x00014524        0x4 BSP/\libhal_bsp.a(alt_irq_vars.o)
                0x00014524                alt_priority_mask
 .sdata         0x00014528        0x8 BSP/\libhal_bsp.a(alt_tick.o)
                0x00014528                alt_alarm_list
 .sdata         0x00014530        0x8 c:/altera/11.0/nios2eds/bin/gnu/h-i686-mingw32/bin/../lib/gcc/nios2-elf/4.1.2/../../../../nios2-elf/lib\libc.a(lib_a-impure.o)
                0x00014530                _impure_ptr
                0x00014534                _global_impure_ptr
 .sdata         0x00014538        0x8 c:/altera/11.0/nios2eds/bin/gnu/h-i686-mingw32/bin/../lib/gcc/nios2-elf/4.1.2/../../../../nios2-elf/lib\libc.a(lib_a-mallocr.o)
                0x00014538                __malloc_trim_threshold
                0x0001453c                __malloc_sbrk_base
 .sdata         0x00014540        0x4 BSP/\libhal_bsp.a(alt_sbrk.o)
 *(.sdata2 .sdata2.* .gnu.linkonce.s2.*)
                0x00014544                . = ALIGN (0x4)
                0x00014544                _edata = ABSOLUTE (.)
                0x00014544                PROVIDE (edata, ABSOLUTE (.))
                0x00014544                PROVIDE (__ram_rwdata_end, ABSOLUTE (.))
                0x00014544                PROVIDE (__flash_rwdata_start, LOADADDR (.rwdata))

.bss            0x0001e520      0x154
                0x0001e520                __bss_start = ABSOLUTE (.)
                0x0001e520                PROVIDE (__sbss_start, ABSOLUTE (.))
                0x0001e520                PROVIDE (___sbss_start, ABSOLUTE (.))
 *(.dynsbss)
 *(.sbss .sbss.* .gnu.linkonce.sb.*)
 .sbss          0x0001e520        0x4 obj//C/ece5760/lab2/lander/media_graphics_HAL.o
                0x0001e520                x_land_0
 .sbss          0x0001e524        0xc BSP/\libhal_bsp.a(alt_main.o)
                0x0001e524                alt_argc
                0x0001e528                alt_argv
                0x0001e52c                alt_envp
 .sbss          0x0001e530        0x4 BSP/\libhal_bsp.a(alt_irq_vars.o)
                0x0001e530                alt_irq_active
 .sbss          0x0001e534        0x8 BSP/\libhal_bsp.a(alt_tick.o)
                0x0001e534                _alt_tick_rate
                0x0001e538                _alt_nticks
 .sbss          0x0001e53c        0x4 c:/altera/11.0/nios2eds/bin/gnu/h-i686-mingw32/bin/../lib/gcc/nios2-elf/4.1.2/../../../../nios2-elf/lib\libc.a(lib_a-int_errno.o)
                0x0001e53c                errno
 .sbss          0x0001e540        0xc c:/altera/11.0/nios2eds/bin/gnu/h-i686-mingw32/bin/../lib/gcc/nios2-elf/4.1.2/../../../../nios2-elf/lib\libc.a(lib_a-mallocr.o)
                0x0001e540                __malloc_top_pad
                0x0001e544                __malloc_max_sbrked_mem
                0x0001e548                __malloc_max_total_mem
 *(.sbss2 .sbss2.* .gnu.linkonce.sb2.*)
 *(.scommon)
                0x0001e54c                PROVIDE (__sbss_end, ABSOLUTE (.))
                0x0001e54c                PROVIDE (___sbss_end, ABSOLUTE (.))
 *(.dynbss)
 *(.bss .bss.* .gnu.linkonce.b.*)
 .bss           0x0001e54c        0x0 BSP//obj/HAL/src/crt0.o
 .bss           0x0001e54c        0x0 obj//C/ece5760/lab2/lander/media_graphics_HAL.o
 .bss           0x0001e54c        0x0 c:/altera/11.0/nios2eds/bin/gnu/h-i686-mingw32/bin/../lib/gcc/nios2-elf/4.1.2/../../../../nios2-elf/lib\libm.a(lib_a-s_cos.o)
 .bss           0x0001e54c        0x0 c:/altera/11.0/nios2eds/bin/gnu/h-i686-mingw32/bin/../lib/gcc/nios2-elf/4.1.2/../../../../nios2-elf/lib\libm.a(lib_a-s_sin.o)
 .bss           0x0001e54c        0x0 c:/altera/11.0/nios2eds/bin/gnu/h-i686-mingw32/bin/../lib/gcc/nios2-elf/4.1.2/../../../../nios2-elf/lib\libm.a(lib_a-e_rem_pio2.o)
 .bss           0x0001e54c        0x0 c:/altera/11.0/nios2eds/bin/gnu/h-i686-mingw32/bin/../lib/gcc/nios2-elf/4.1.2/../../../../nios2-elf/lib\libm.a(lib_a-k_cos.o)
 .bss           0x0001e54c        0x0 c:/altera/11.0/nios2eds/bin/gnu/h-i686-mingw32/bin/../lib/gcc/nios2-elf/4.1.2/../../../../nios2-elf/lib\libm.a(lib_a-k_rem_pio2.o)
 .bss           0x0001e54c        0x0 c:/altera/11.0/nios2eds/bin/gnu/h-i686-mingw32/bin/../lib/gcc/nios2-elf/4.1.2/../../../../nios2-elf/lib\libm.a(lib_a-k_sin.o)
 .bss           0x0001e54c        0x0 c:/altera/11.0/nios2eds/bin/gnu/h-i686-mingw32/bin/../lib/gcc/nios2-elf/4.1.2/../../../../nios2-elf/lib\libm.a(lib_a-s_fabs.o)
 .bss           0x0001e54c        0x0 c:/altera/11.0/nios2eds/bin/gnu/h-i686-mingw32/bin/../lib/gcc/nios2-elf/4.1.2/../../../../nios2-elf/lib\libm.a(lib_a-s_floor.o)
 .bss           0x0001e54c        0x0 c:/altera/11.0/nios2eds/bin/gnu/h-i686-mingw32/bin/../lib/gcc/nios2-elf/4.1.2/../../../../nios2-elf/lib\libm.a(lib_a-s_scalbn.o)
 .bss           0x0001e54c        0x0 c:/altera/11.0/nios2eds/bin/gnu/h-i686-mingw32/bin/../lib/gcc/nios2-elf/4.1.2/../../../../nios2-elf/lib\libm.a(lib_a-s_copysign.o)
 .bss           0x0001e54c        0x0 c:/altera/11.0/nios2eds/bin/gnu/h-i686-mingw32/bin/../lib/gcc/nios2-elf/4.1.2\libgcc.a(_div_sf.o)
 .bss           0x0001e54c        0x0 c:/altera/11.0/nios2eds/bin/gnu/h-i686-mingw32/bin/../lib/gcc/nios2-elf/4.1.2\libgcc.a(_eq_sf.o)
 .bss           0x0001e54c        0x0 c:/altera/11.0/nios2eds/bin/gnu/h-i686-mingw32/bin/../lib/gcc/nios2-elf/4.1.2\libgcc.a(_gt_sf.o)
 .bss           0x0001e54c        0x0 c:/altera/11.0/nios2eds/bin/gnu/h-i686-mingw32/bin/../lib/gcc/nios2-elf/4.1.2\libgcc.a(_ge_sf.o)
 .bss           0x0001e54c        0x0 c:/altera/11.0/nios2eds/bin/gnu/h-i686-mingw32/bin/../lib/gcc/nios2-elf/4.1.2\libgcc.a(_lt_sf.o)
 .bss           0x0001e54c        0x0 c:/altera/11.0/nios2eds/bin/gnu/h-i686-mingw32/bin/../lib/gcc/nios2-elf/4.1.2\libgcc.a(_le_sf.o)
 .bss           0x0001e54c        0x0 c:/altera/11.0/nios2eds/bin/gnu/h-i686-mingw32/bin/../lib/gcc/nios2-elf/4.1.2\libgcc.a(_si_to_sf.o)
 .bss           0x0001e54c        0x0 c:/altera/11.0/nios2eds/bin/gnu/h-i686-mingw32/bin/../lib/gcc/nios2-elf/4.1.2\libgcc.a(_sf_to_si.o)
 .bss           0x0001e54c        0x0 c:/altera/11.0/nios2eds/bin/gnu/h-i686-mingw32/bin/../lib/gcc/nios2-elf/4.1.2\libgcc.a(_sf_to_df.o)
 .bss           0x0001e54c        0x0 c:/altera/11.0/nios2eds/bin/gnu/h-i686-mingw32/bin/../lib/gcc/nios2-elf/4.1.2\libgcc.a(_thenan_sf.o)
 .bss           0x0001e54c        0x0 c:/altera/11.0/nios2eds/bin/gnu/h-i686-mingw32/bin/../lib/gcc/nios2-elf/4.1.2\libgcc.a(_usi_to_sf.o)
 .bss           0x0001e54c        0x0 c:/altera/11.0/nios2eds/bin/gnu/h-i686-mingw32/bin/../lib/gcc/nios2-elf/4.1.2\libgcc.a(_addsub_df.o)
 .bss           0x0001e54c        0x0 c:/altera/11.0/nios2eds/bin/gnu/h-i686-mingw32/bin/../lib/gcc/nios2-elf/4.1.2\libgcc.a(_mul_df.o)
 .bss           0x0001e54c        0x0 c:/altera/11.0/nios2eds/bin/gnu/h-i686-mingw32/bin/../lib/gcc/nios2-elf/4.1.2\libgcc.a(_eq_df.o)
 .bss           0x0001e54c        0x0 c:/altera/11.0/nios2eds/bin/gnu/h-i686-mingw32/bin/../lib/gcc/nios2-elf/4.1.2\libgcc.a(_gt_df.o)
 .bss           0x0001e54c        0x0 c:/altera/11.0/nios2eds/bin/gnu/h-i686-mingw32/bin/../lib/gcc/nios2-elf/4.1.2\libgcc.a(_ge_df.o)
 .bss           0x0001e54c        0x0 c:/altera/11.0/nios2eds/bin/gnu/h-i686-mingw32/bin/../lib/gcc/nios2-elf/4.1.2\libgcc.a(_si_to_df.o)
 .bss           0x0001e54c        0x0 c:/altera/11.0/nios2eds/bin/gnu/h-i686-mingw32/bin/../lib/gcc/nios2-elf/4.1.2\libgcc.a(_df_to_si.o)
 .bss           0x0001e54c        0x0 c:/altera/11.0/nios2eds/bin/gnu/h-i686-mingw32/bin/../lib/gcc/nios2-elf/4.1.2\libgcc.a(_make_df.o)
 .bss           0x0001e54c        0x0 c:/altera/11.0/nios2eds/bin/gnu/h-i686-mingw32/bin/../lib/gcc/nios2-elf/4.1.2\libgcc.a(_df_to_sf.o)
 .bss           0x0001e54c        0x0 c:/altera/11.0/nios2eds/bin/gnu/h-i686-mingw32/bin/../lib/gcc/nios2-elf/4.1.2\libgcc.a(_thenan_df.o)
 .bss           0x0001e54c        0x0 c:/altera/11.0/nios2eds/bin/gnu/h-i686-mingw32/bin/../lib/gcc/nios2-elf/4.1.2\libgcc.a(lib2-divmod.o)
 .bss           0x0001e54c        0x0 c:/altera/11.0/nios2eds/bin/gnu/h-i686-mingw32/bin/../lib/gcc/nios2-elf/4.1.2\libgcc.a(_muldi3.o)
 .bss           0x0001e54c        0x0 c:/altera/11.0/nios2eds/bin/gnu/h-i686-mingw32/bin/../lib/gcc/nios2-elf/4.1.2\libgcc.a(_clzsi2.o)
 .bss           0x0001e54c        0x0 c:/altera/11.0/nios2eds/bin/gnu/h-i686-mingw32/bin/../lib/gcc/nios2-elf/4.1.2\libgcc.a(_pack_sf.o)
 .bss           0x0001e54c        0x0 c:/altera/11.0/nios2eds/bin/gnu/h-i686-mingw32/bin/../lib/gcc/nios2-elf/4.1.2\libgcc.a(_unpack_sf.o)
 .bss           0x0001e54c        0x0 c:/altera/11.0/nios2eds/bin/gnu/h-i686-mingw32/bin/../lib/gcc/nios2-elf/4.1.2\libgcc.a(_fpcmp_parts_sf.o)
 .bss           0x0001e54c        0x0 c:/altera/11.0/nios2eds/bin/gnu/h-i686-mingw32/bin/../lib/gcc/nios2-elf/4.1.2\libgcc.a(_make_sf.o)
 .bss           0x0001e54c        0x0 c:/altera/11.0/nios2eds/bin/gnu/h-i686-mingw32/bin/../lib/gcc/nios2-elf/4.1.2\libgcc.a(_pack_df.o)
 .bss           0x0001e54c        0x0 c:/altera/11.0/nios2eds/bin/gnu/h-i686-mingw32/bin/../lib/gcc/nios2-elf/4.1.2\libgcc.a(_unpack_df.o)
 .bss           0x0001e54c        0x0 c:/altera/11.0/nios2eds/bin/gnu/h-i686-mingw32/bin/../lib/gcc/nios2-elf/4.1.2\libgcc.a(_fpcmp_parts_df.o)
 .bss           0x0001e54c        0x0 c:/altera/11.0/nios2eds/bin/gnu/h-i686-mingw32/bin/../lib/gcc/nios2-elf/4.1.2\libgcc.a(_clz.o)
 .bss           0x0001e54c        0x0 BSP/\libhal_bsp.a(alt_load.o)
 .bss           0x0001e54c        0x0 BSP/\libhal_bsp.a(alt_main.o)
 .bss           0x0001e54c        0x0 BSP/\libhal_bsp.a(alt_printf.o)
 .bss           0x0001e54c        0x0 BSP/\libhal_bsp.a(alt_putchar.o)
 .bss           0x0001e54c        0x0 BSP/\libhal_bsp.a(alt_sys_init.o)
 .bss           0x0001e54c        0x0 BSP/\libhal_bsp.a(altera_avalon_jtag_uart_fd.o)
 .bss           0x0001e54c        0x0 BSP/\libhal_bsp.a(altera_avalon_jtag_uart_init.o)
 .bss           0x0001e54c        0x0 BSP/\libhal_bsp.a(altera_avalon_jtag_uart_ioctl.o)
 .bss           0x0001e54c        0x0 BSP/\libhal_bsp.a(altera_avalon_jtag_uart_read.o)
 .bss           0x0001e54c        0x0 BSP/\libhal_bsp.a(altera_avalon_jtag_uart_write.o)
 .bss           0x0001e54c        0x0 BSP/\libhal_bsp.a(altera_avalon_timer_sc.o)
 .bss           0x0001e54c        0x0 BSP/\libhal_bsp.a(altera_up_avalon_character_lcd.o)
 .bss           0x0001e54c        0x0 BSP/\libhal_bsp.a(altera_up_avalon_ps2.o)
 .bss           0x0001e54c        0x0 BSP/\libhal_bsp.a(altera_up_avalon_rs232.o)
 .bss           0x0001e54c        0x0 BSP/\libhal_bsp.a(altera_up_avalon_video_character_buffer_with_dma.o)
 .bss           0x0001e54c        0x0 BSP/\libhal_bsp.a(altera_up_avalon_video_pixel_buffer_dma.o)
 .bss           0x0001e54c        0x0 BSP/\libhal_bsp.a(alt_alarm_start.o)
 .bss           0x0001e54c        0x0 BSP/\libhal_bsp.a(alt_close.o)
 .bss           0x0001e54c        0x0 BSP/\libhal_bsp.a(alt_dcache_flush_all.o)
 .bss           0x0001e54c        0x0 BSP/\libhal_bsp.a(alt_dev.o)
 .bss           0x0001e54c        0x0 BSP/\libhal_bsp.a(alt_dev_llist_insert.o)
 .bss           0x0001e54c        0x0 BSP/\libhal_bsp.a(alt_errno.o)
 .bss           0x0001e54c        0x0 BSP/\libhal_bsp.a(alt_find_dev.o)
 .bss           0x0001e54c        0x0 BSP/\libhal_bsp.a(alt_icache_flush_all.o)
 .bss           0x0001e54c        0x0 BSP/\libhal_bsp.a(alt_io_redirect.o)
 .bss           0x0001e54c        0x0 BSP/\libhal_bsp.a(alt_irq_register.o)
 .bss           0x0001e54c        0x0 BSP/\libhal_bsp.a(alt_irq_vars.o)
 .bss           0x0001e54c        0x0 BSP/\libhal_bsp.a(alt_open.o)
 .bss           0x0001e54c        0x0 BSP/\libhal_bsp.a(alt_release_fd.o)
 .bss           0x0001e54c        0x0 BSP/\libhal_bsp.a(alt_tick.o)
 .bss           0x0001e54c        0x0 BSP/\libhal_bsp.a(altera_nios2_irq.o)
 .bss           0x0001e54c        0x0 BSP/\libhal_bsp.a(alt_find_file.o)
 .bss           0x0001e54c        0x0 BSP/\libhal_bsp.a(alt_get_fd.o)
 .bss           0x0001e54c        0x0 BSP/\libhal_bsp.a(alt_icache_flush.o)
 .bss           0x0001e54c        0x0 BSP/\libhal_bsp.a(alt_irq_entry.o)
 .bss           0x0001e54c        0x0 BSP/\libhal_bsp.a(alt_irq_handler.o)
 .bss           0x0001e54c        0x0 BSP/\libhal_bsp.a(alt_exception_entry.o)
 .bss           0x0001e54c        0x0 c:/altera/11.0/nios2eds/bin/gnu/h-i686-mingw32/bin/../lib/gcc/nios2-elf/4.1.2/../../../../nios2-elf/lib\libc.a(lib_a-exit.o)
 .bss           0x0001e54c        0x0 c:/altera/11.0/nios2eds/bin/gnu/h-i686-mingw32/bin/../lib/gcc/nios2-elf/4.1.2/../../../../nios2-elf/lib\libc.a(lib_a-impure.o)
 .bss           0x0001e54c        0x0 c:/altera/11.0/nios2eds/bin/gnu/h-i686-mingw32/bin/../lib/gcc/nios2-elf/4.1.2/../../../../nios2-elf/lib\libc.a(lib_a-int_errno.o)
 .bss           0x0001e54c        0x0 c:/altera/11.0/nios2eds/bin/gnu/h-i686-mingw32/bin/../lib/gcc/nios2-elf/4.1.2/../../../../nios2-elf/lib\libc.a(lib_a-memcmp.o)
 .bss           0x0001e54c        0x0 c:/altera/11.0/nios2eds/bin/gnu/h-i686-mingw32/bin/../lib/gcc/nios2-elf/4.1.2/../../../../nios2-elf/lib\libc.a(lib_a-memcpy.o)
 .bss           0x0001e54c        0x0 c:/altera/11.0/nios2eds/bin/gnu/h-i686-mingw32/bin/../lib/gcc/nios2-elf/4.1.2/../../../../nios2-elf/lib\libc.a(lib_a-putc.o)
 .bss           0x0001e54c        0x0 c:/altera/11.0/nios2eds/bin/gnu/h-i686-mingw32/bin/../lib/gcc/nios2-elf/4.1.2/../../../../nios2-elf/lib\libc.a(lib_a-strcmp.o)
 .bss           0x0001e54c        0x0 c:/altera/11.0/nios2eds/bin/gnu/h-i686-mingw32/bin/../lib/gcc/nios2-elf/4.1.2/../../../../nios2-elf/lib\libc.a(lib_a-strlen.o)
 .bss           0x0001e54c        0x0 c:/altera/11.0/nios2eds/bin/gnu/h-i686-mingw32/bin/../lib/gcc/nios2-elf/4.1.2/../../../../nios2-elf/lib\libc.a(lib_a-wbuf.o)
 .bss           0x0001e54c        0x0 c:/altera/11.0/nios2eds/bin/gnu/h-i686-mingw32/bin/../lib/gcc/nios2-elf/4.1.2/../../../../nios2-elf/lib\libc.a(lib_a-wsetup.o)
 .bss           0x0001e54c        0x0 c:/altera/11.0/nios2eds/bin/gnu/h-i686-mingw32/bin/../lib/gcc/nios2-elf/4.1.2/../../../../nios2-elf/lib\libc.a(lib_a-__call_atexit.o)
 .bss           0x0001e54c        0x0 c:/altera/11.0/nios2eds/bin/gnu/h-i686-mingw32/bin/../lib/gcc/nios2-elf/4.1.2/../../../../nios2-elf/lib\libc.a(lib_a-fflush.o)
 .bss           0x0001e54c        0x0 c:/altera/11.0/nios2eds/bin/gnu/h-i686-mingw32/bin/../lib/gcc/nios2-elf/4.1.2/../../../../nios2-elf/lib\libc.a(lib_a-findfp.o)
 .bss           0x0001e54c        0x0 c:/altera/11.0/nios2eds/bin/gnu/h-i686-mingw32/bin/../lib/gcc/nios2-elf/4.1.2/../../../../nios2-elf/lib\libc.a(lib_a-freer.o)
 .bss           0x0001e54c        0x0 c:/altera/11.0/nios2eds/bin/gnu/h-i686-mingw32/bin/../lib/gcc/nios2-elf/4.1.2/../../../../nios2-elf/lib\libc.a(lib_a-fwalk.o)
 .bss           0x0001e54c        0x0 c:/altera/11.0/nios2eds/bin/gnu/h-i686-mingw32/bin/../lib/gcc/nios2-elf/4.1.2/../../../../nios2-elf/lib\libc.a(lib_a-makebuf.o)
 .bss           0x0001e54c       0x28 c:/altera/11.0/nios2eds/bin/gnu/h-i686-mingw32/bin/../lib/gcc/nios2-elf/4.1.2/../../../../nios2-elf/lib\libc.a(lib_a-mallocr.o)
                0x0001e54c                __malloc_current_mallinfo
 .bss           0x0001e574        0x0 c:/altera/11.0/nios2eds/bin/gnu/h-i686-mingw32/bin/../lib/gcc/nios2-elf/4.1.2/../../../../nios2-elf/lib\libc.a(lib_a-memset.o)
 .bss           0x0001e574        0x0 c:/altera/11.0/nios2eds/bin/gnu/h-i686-mingw32/bin/../lib/gcc/nios2-elf/4.1.2/../../../../nios2-elf/lib\libc.a(lib_a-sbrkr.o)
 .bss           0x0001e574        0x0 c:/altera/11.0/nios2eds/bin/gnu/h-i686-mingw32/bin/../lib/gcc/nios2-elf/4.1.2/../../../../nios2-elf/lib\libc.a(lib_a-stdio.o)
 .bss           0x0001e574        0x0 c:/altera/11.0/nios2eds/bin/gnu/h-i686-mingw32/bin/../lib/gcc/nios2-elf/4.1.2/../../../../nios2-elf/lib\libc.a(lib_a-writer.o)
 .bss           0x0001e574        0x0 c:/altera/11.0/nios2eds/bin/gnu/h-i686-mingw32/bin/../lib/gcc/nios2-elf/4.1.2/../../../../nios2-elf/lib\libc.a(lib_a-closer.o)
 .bss           0x0001e574        0x0 c:/altera/11.0/nios2eds/bin/gnu/h-i686-mingw32/bin/../lib/gcc/nios2-elf/4.1.2/../../../../nios2-elf/lib\libc.a(lib_a-fclose.o)
 .bss           0x0001e574        0x0 c:/altera/11.0/nios2eds/bin/gnu/h-i686-mingw32/bin/../lib/gcc/nios2-elf/4.1.2/../../../../nios2-elf/lib\libc.a(lib_a-fstatr.o)
 .bss           0x0001e574        0x0 c:/altera/11.0/nios2eds/bin/gnu/h-i686-mingw32/bin/../lib/gcc/nios2-elf/4.1.2/../../../../nios2-elf/lib\libc.a(lib_a-isattyr.o)
 .bss           0x0001e574        0x0 c:/altera/11.0/nios2eds/bin/gnu/h-i686-mingw32/bin/../lib/gcc/nios2-elf/4.1.2/../../../../nios2-elf/lib\libc.a(lib_a-lseekr.o)
 .bss           0x0001e574        0x0 c:/altera/11.0/nios2eds/bin/gnu/h-i686-mingw32/bin/../lib/gcc/nios2-elf/4.1.2/../../../../nios2-elf/lib\libc.a(lib_a-readr.o)
 .bss           0x0001e574        0x0 BSP/\libhal_bsp.a(alt_exit.o)
 .bss           0x0001e574        0x0 BSP/\libhal_bsp.a(alt_fstat.o)
 .bss           0x0001e574        0x0 BSP/\libhal_bsp.a(alt_isatty.o)
 .bss           0x0001e574        0x0 BSP/\libhal_bsp.a(alt_lseek.o)
 .bss           0x0001e574        0x0 BSP/\libhal_bsp.a(alt_malloc_lock.o)
 .bss           0x0001e574        0x0 BSP/\libhal_bsp.a(alt_read.o)
 .bss           0x0001e574        0x0 BSP/\libhal_bsp.a(alt_sbrk.o)
 .bss           0x0001e574        0x0 BSP/\libhal_bsp.a(alt_write.o)
 *(COMMON)
 COMMON         0x0001e574      0x100 BSP/\libhal_bsp.a(alt_irq_handler.o)
                0x0001e574                alt_irq
                0x0001e674                . = ALIGN (0x4)
                0x0001e674                __bss_end = ABSOLUTE (.)

.SDRAM          0x0001e674        0x0
                0x0001e674                PROVIDE (_alt_partition_SDRAM_start, ABSOLUTE (.))
 *(.SDRAM. SDRAM.*)
                0x0001e674                . = ALIGN (0x4)
                0x0001e674                PROVIDE (_alt_partition_SDRAM_end, ABSOLUTE (.))
                0x0001e674                _end = ABSOLUTE (.)
                0x0001e674                end = ABSOLUTE (.)
                0x0001e674                __alt_stack_base = ABSOLUTE (.)
                0x0001e674                PROVIDE (_alt_partition_SDRAM_load_addr, LOADADDR (.SDRAM))

.stab
 *(.stab)

.stabstr
 *(.stabstr)

.stab.excl
 *(.stab.excl)

.stab.exclstr
 *(.stab.exclstr)

.stab.index
 *(.stab.index)

.stab.indexstr
 *(.stab.indexstr)

.comment        0x00000000       0x23
 *(.comment)
 .comment       0x00000000       0x23 obj//C/ece5760/lab2/lander/media_graphics_HAL.o
                                 0x24 (size before relaxing)
 .comment       0x00000000       0x24 c:/altera/11.0/nios2eds/bin/gnu/h-i686-mingw32/bin/../lib/gcc/nios2-elf/4.1.2/../../../../nios2-elf/lib\libm.a(lib_a-s_cos.o)
 .comment       0x00000000       0x24 c:/altera/11.0/nios2eds/bin/gnu/h-i686-mingw32/bin/../lib/gcc/nios2-elf/4.1.2/../../../../nios2-elf/lib\libm.a(lib_a-s_sin.o)
 .comment       0x00000000       0x24 c:/altera/11.0/nios2eds/bin/gnu/h-i686-mingw32/bin/../lib/gcc/nios2-elf/4.1.2/../../../../nios2-elf/lib\libm.a(lib_a-e_rem_pio2.o)
 .comment       0x00000000       0x24 c:/altera/11.0/nios2eds/bin/gnu/h-i686-mingw32/bin/../lib/gcc/nios2-elf/4.1.2/../../../../nios2-elf/lib\libm.a(lib_a-k_cos.o)
 .comment       0x00000000       0x24 c:/altera/11.0/nios2eds/bin/gnu/h-i686-mingw32/bin/../lib/gcc/nios2-elf/4.1.2/../../../../nios2-elf/lib\libm.a(lib_a-k_rem_pio2.o)
 .comment       0x00000000       0x24 c:/altera/11.0/nios2eds/bin/gnu/h-i686-mingw32/bin/../lib/gcc/nios2-elf/4.1.2/../../../../nios2-elf/lib\libm.a(lib_a-k_sin.o)
 .comment       0x00000000       0x24 c:/altera/11.0/nios2eds/bin/gnu/h-i686-mingw32/bin/../lib/gcc/nios2-elf/4.1.2/../../../../nios2-elf/lib\libm.a(lib_a-s_fabs.o)
 .comment       0x00000000       0x24 c:/altera/11.0/nios2eds/bin/gnu/h-i686-mingw32/bin/../lib/gcc/nios2-elf/4.1.2/../../../../nios2-elf/lib\libm.a(lib_a-s_floor.o)
 .comment       0x00000000       0x24 c:/altera/11.0/nios2eds/bin/gnu/h-i686-mingw32/bin/../lib/gcc/nios2-elf/4.1.2/../../../../nios2-elf/lib\libm.a(lib_a-s_scalbn.o)
 .comment       0x00000000       0x24 c:/altera/11.0/nios2eds/bin/gnu/h-i686-mingw32/bin/../lib/gcc/nios2-elf/4.1.2/../../../../nios2-elf/lib\libm.a(lib_a-s_copysign.o)
 .comment       0x00000000       0x24 c:/altera/11.0/nios2eds/bin/gnu/h-i686-mingw32/bin/../lib/gcc/nios2-elf/4.1.2\libgcc.a(_div_sf.o)
 .comment       0x00000000       0x24 c:/altera/11.0/nios2eds/bin/gnu/h-i686-mingw32/bin/../lib/gcc/nios2-elf/4.1.2\libgcc.a(_eq_sf.o)
 .comment       0x00000000       0x24 c:/altera/11.0/nios2eds/bin/gnu/h-i686-mingw32/bin/../lib/gcc/nios2-elf/4.1.2\libgcc.a(_gt_sf.o)
 .comment       0x00000000       0x24 c:/altera/11.0/nios2eds/bin/gnu/h-i686-mingw32/bin/../lib/gcc/nios2-elf/4.1.2\libgcc.a(_ge_sf.o)
 .comment       0x00000000       0x24 c:/altera/11.0/nios2eds/bin/gnu/h-i686-mingw32/bin/../lib/gcc/nios2-elf/4.1.2\libgcc.a(_lt_sf.o)
 .comment       0x00000000       0x24 c:/altera/11.0/nios2eds/bin/gnu/h-i686-mingw32/bin/../lib/gcc/nios2-elf/4.1.2\libgcc.a(_le_sf.o)
 .comment       0x00000000       0x24 c:/altera/11.0/nios2eds/bin/gnu/h-i686-mingw32/bin/../lib/gcc/nios2-elf/4.1.2\libgcc.a(_si_to_sf.o)
 .comment       0x00000000       0x24 c:/altera/11.0/nios2eds/bin/gnu/h-i686-mingw32/bin/../lib/gcc/nios2-elf/4.1.2\libgcc.a(_sf_to_si.o)
 .comment       0x00000000       0x24 c:/altera/11.0/nios2eds/bin/gnu/h-i686-mingw32/bin/../lib/gcc/nios2-elf/4.1.2\libgcc.a(_sf_to_df.o)
 .comment       0x00000000       0x24 c:/altera/11.0/nios2eds/bin/gnu/h-i686-mingw32/bin/../lib/gcc/nios2-elf/4.1.2\libgcc.a(_thenan_sf.o)
 .comment       0x00000000       0x24 c:/altera/11.0/nios2eds/bin/gnu/h-i686-mingw32/bin/../lib/gcc/nios2-elf/4.1.2\libgcc.a(_usi_to_sf.o)
 .comment       0x00000000       0x24 c:/altera/11.0/nios2eds/bin/gnu/h-i686-mingw32/bin/../lib/gcc/nios2-elf/4.1.2\libgcc.a(_addsub_df.o)
 .comment       0x00000000       0x24 c:/altera/11.0/nios2eds/bin/gnu/h-i686-mingw32/bin/../lib/gcc/nios2-elf/4.1.2\libgcc.a(_mul_df.o)
 .comment       0x00000000       0x24 c:/altera/11.0/nios2eds/bin/gnu/h-i686-mingw32/bin/../lib/gcc/nios2-elf/4.1.2\libgcc.a(_eq_df.o)
 .comment       0x00000000       0x24 c:/altera/11.0/nios2eds/bin/gnu/h-i686-mingw32/bin/../lib/gcc/nios2-elf/4.1.2\libgcc.a(_gt_df.o)
 .comment       0x00000000       0x24 c:/altera/11.0/nios2eds/bin/gnu/h-i686-mingw32/bin/../lib/gcc/nios2-elf/4.1.2\libgcc.a(_ge_df.o)
 .comment       0x00000000       0x24 c:/altera/11.0/nios2eds/bin/gnu/h-i686-mingw32/bin/../lib/gcc/nios2-elf/4.1.2\libgcc.a(_si_to_df.o)
 .comment       0x00000000       0x24 c:/altera/11.0/nios2eds/bin/gnu/h-i686-mingw32/bin/../lib/gcc/nios2-elf/4.1.2\libgcc.a(_df_to_si.o)
 .comment       0x00000000       0x24 c:/altera/11.0/nios2eds/bin/gnu/h-i686-mingw32/bin/../lib/gcc/nios2-elf/4.1.2\libgcc.a(_make_df.o)
 .comment       0x00000000       0x24 c:/altera/11.0/nios2eds/bin/gnu/h-i686-mingw32/bin/../lib/gcc/nios2-elf/4.1.2\libgcc.a(_df_to_sf.o)
 .comment       0x00000000       0x24 c:/altera/11.0/nios2eds/bin/gnu/h-i686-mingw32/bin/../lib/gcc/nios2-elf/4.1.2\libgcc.a(_thenan_df.o)
 .comment       0x00000000       0x24 c:/altera/11.0/nios2eds/bin/gnu/h-i686-mingw32/bin/../lib/gcc/nios2-elf/4.1.2\libgcc.a(lib2-divmod.o)
 .comment       0x00000000       0x24 c:/altera/11.0/nios2eds/bin/gnu/h-i686-mingw32/bin/../lib/gcc/nios2-elf/4.1.2\libgcc.a(_muldi3.o)
 .comment       0x00000000       0x24 c:/altera/11.0/nios2eds/bin/gnu/h-i686-mingw32/bin/../lib/gcc/nios2-elf/4.1.2\libgcc.a(_clzsi2.o)
 .comment       0x00000000       0x24 c:/altera/11.0/nios2eds/bin/gnu/h-i686-mingw32/bin/../lib/gcc/nios2-elf/4.1.2\libgcc.a(_pack_sf.o)
 .comment       0x00000000       0x24 c:/altera/11.0/nios2eds/bin/gnu/h-i686-mingw32/bin/../lib/gcc/nios2-elf/4.1.2\libgcc.a(_unpack_sf.o)
 .comment       0x00000000       0x24 c:/altera/11.0/nios2eds/bin/gnu/h-i686-mingw32/bin/../lib/gcc/nios2-elf/4.1.2\libgcc.a(_fpcmp_parts_sf.o)
 .comment       0x00000000       0x24 c:/altera/11.0/nios2eds/bin/gnu/h-i686-mingw32/bin/../lib/gcc/nios2-elf/4.1.2\libgcc.a(_make_sf.o)
 .comment       0x00000000       0x24 c:/altera/11.0/nios2eds/bin/gnu/h-i686-mingw32/bin/../lib/gcc/nios2-elf/4.1.2\libgcc.a(_pack_df.o)
 .comment       0x00000000       0x24 c:/altera/11.0/nios2eds/bin/gnu/h-i686-mingw32/bin/../lib/gcc/nios2-elf/4.1.2\libgcc.a(_unpack_df.o)
 .comment       0x00000000       0x24 c:/altera/11.0/nios2eds/bin/gnu/h-i686-mingw32/bin/../lib/gcc/nios2-elf/4.1.2\libgcc.a(_fpcmp_parts_df.o)
 .comment       0x00000000       0x24 c:/altera/11.0/nios2eds/bin/gnu/h-i686-mingw32/bin/../lib/gcc/nios2-elf/4.1.2\libgcc.a(_clz.o)
 .comment       0x00000000       0x24 BSP/\libhal_bsp.a(alt_load.o)
 .comment       0x00000000       0x24 BSP/\libhal_bsp.a(alt_main.o)
 .comment       0x00000000       0x24 BSP/\libhal_bsp.a(alt_printf.o)
 .comment       0x00000000       0x24 BSP/\libhal_bsp.a(alt_putchar.o)
 .comment       0x00000000       0x24 BSP/\libhal_bsp.a(alt_sys_init.o)
 .comment       0x00000000       0x24 BSP/\libhal_bsp.a(altera_avalon_jtag_uart_fd.o)
 .comment       0x00000000       0x24 BSP/\libhal_bsp.a(altera_avalon_jtag_uart_init.o)
 .comment       0x00000000       0x24 BSP/\libhal_bsp.a(altera_avalon_jtag_uart_ioctl.o)
 .comment       0x00000000       0x24 BSP/\libhal_bsp.a(altera_avalon_jtag_uart_read.o)
 .comment       0x00000000       0x24 BSP/\libhal_bsp.a(altera_avalon_jtag_uart_write.o)
 .comment       0x00000000       0x24 BSP/\libhal_bsp.a(altera_avalon_timer_sc.o)
 .comment       0x00000000       0x24 BSP/\libhal_bsp.a(altera_up_avalon_character_lcd.o)
 .comment       0x00000000       0x24 BSP/\libhal_bsp.a(altera_up_avalon_ps2.o)
 .comment       0x00000000       0x24 BSP/\libhal_bsp.a(altera_up_avalon_rs232.o)
 .comment       0x00000000       0x24 BSP/\libhal_bsp.a(altera_up_avalon_video_character_buffer_with_dma.o)
 .comment       0x00000000       0x24 BSP/\libhal_bsp.a(altera_up_avalon_video_pixel_buffer_dma.o)
 .comment       0x00000000       0x24 BSP/\libhal_bsp.a(alt_alarm_start.o)
 .comment       0x00000000       0x24 BSP/\libhal_bsp.a(alt_close.o)
 .comment       0x00000000       0x24 BSP/\libhal_bsp.a(alt_dcache_flush_all.o)
 .comment       0x00000000       0x24 BSP/\libhal_bsp.a(alt_dev.o)
 .comment       0x00000000       0x24 BSP/\libhal_bsp.a(alt_dev_llist_insert.o)
 .comment       0x00000000       0x24 BSP/\libhal_bsp.a(alt_errno.o)
 .comment       0x00000000       0x24 BSP/\libhal_bsp.a(alt_find_dev.o)
 .comment       0x00000000       0x24 BSP/\libhal_bsp.a(alt_icache_flush_all.o)
 .comment       0x00000000       0x24 BSP/\libhal_bsp.a(alt_io_redirect.o)
 .comment       0x00000000       0x24 BSP/\libhal_bsp.a(alt_irq_register.o)
 .comment       0x00000000       0x24 BSP/\libhal_bsp.a(alt_irq_vars.o)
 .comment       0x00000000       0x24 BSP/\libhal_bsp.a(alt_open.o)
 .comment       0x00000000       0x24 BSP/\libhal_bsp.a(alt_release_fd.o)
 .comment       0x00000000       0x24 BSP/\libhal_bsp.a(alt_tick.o)
 .comment       0x00000000       0x24 BSP/\libhal_bsp.a(altera_nios2_irq.o)
 .comment       0x00000000       0x24 BSP/\libhal_bsp.a(alt_find_file.o)
 .comment       0x00000000       0x24 BSP/\libhal_bsp.a(alt_get_fd.o)
 .comment       0x00000000       0x24 BSP/\libhal_bsp.a(alt_icache_flush.o)
 .comment       0x00000000       0x24 BSP/\libhal_bsp.a(alt_irq_handler.o)
 .comment       0x00000000       0x24 c:/altera/11.0/nios2eds/bin/gnu/h-i686-mingw32/bin/../lib/gcc/nios2-elf/4.1.2/../../../../nios2-elf/lib\libc.a(lib_a-exit.o)
 .comment       0x00000000       0x24 c:/altera/11.0/nios2eds/bin/gnu/h-i686-mingw32/bin/../lib/gcc/nios2-elf/4.1.2/../../../../nios2-elf/lib\libc.a(lib_a-impure.o)
 .comment       0x00000000       0x24 c:/altera/11.0/nios2eds/bin/gnu/h-i686-mingw32/bin/../lib/gcc/nios2-elf/4.1.2/../../../../nios2-elf/lib\libc.a(lib_a-int_errno.o)
 .comment       0x00000000       0x24 c:/altera/11.0/nios2eds/bin/gnu/h-i686-mingw32/bin/../lib/gcc/nios2-elf/4.1.2/../../../../nios2-elf/lib\libc.a(lib_a-memcmp.o)
 .comment       0x00000000       0x24 c:/altera/11.0/nios2eds/bin/gnu/h-i686-mingw32/bin/../lib/gcc/nios2-elf/4.1.2/../../../../nios2-elf/lib\libc.a(lib_a-memcpy.o)
 .comment       0x00000000       0x24 c:/altera/11.0/nios2eds/bin/gnu/h-i686-mingw32/bin/../lib/gcc/nios2-elf/4.1.2/../../../../nios2-elf/lib\libc.a(lib_a-putc.o)
 .comment       0x00000000       0x24 c:/altera/11.0/nios2eds/bin/gnu/h-i686-mingw32/bin/../lib/gcc/nios2-elf/4.1.2/../../../../nios2-elf/lib\libc.a(lib_a-strcmp.o)
 .comment       0x00000000       0x24 c:/altera/11.0/nios2eds/bin/gnu/h-i686-mingw32/bin/../lib/gcc/nios2-elf/4.1.2/../../../../nios2-elf/lib\libc.a(lib_a-strlen.o)
 .comment       0x00000000       0x24 c:/altera/11.0/nios2eds/bin/gnu/h-i686-mingw32/bin/../lib/gcc/nios2-elf/4.1.2/../../../../nios2-elf/lib\libc.a(lib_a-wbuf.o)
 .comment       0x00000000       0x24 c:/altera/11.0/nios2eds/bin/gnu/h-i686-mingw32/bin/../lib/gcc/nios2-elf/4.1.2/../../../../nios2-elf/lib\libc.a(lib_a-wsetup.o)
 .comment       0x00000000       0x24 c:/altera/11.0/nios2eds/bin/gnu/h-i686-mingw32/bin/../lib/gcc/nios2-elf/4.1.2/../../../../nios2-elf/lib\libc.a(lib_a-__call_atexit.o)
 .comment       0x00000000       0x24 c:/altera/11.0/nios2eds/bin/gnu/h-i686-mingw32/bin/../lib/gcc/nios2-elf/4.1.2/../../../../nios2-elf/lib\libc.a(lib_a-fflush.o)
 .comment       0x00000000       0x24 c:/altera/11.0/nios2eds/bin/gnu/h-i686-mingw32/bin/../lib/gcc/nios2-elf/4.1.2/../../../../nios2-elf/lib\libc.a(lib_a-findfp.o)
 .comment       0x00000000       0x24 c:/altera/11.0/nios2eds/bin/gnu/h-i686-mingw32/bin/../lib/gcc/nios2-elf/4.1.2/../../../../nios2-elf/lib\libc.a(lib_a-freer.o)
 .comment       0x00000000       0x24 c:/altera/11.0/nios2eds/bin/gnu/h-i686-mingw32/bin/../lib/gcc/nios2-elf/4.1.2/../../../../nios2-elf/lib\libc.a(lib_a-fwalk.o)
 .comment       0x00000000       0x24 c:/altera/11.0/nios2eds/bin/gnu/h-i686-mingw32/bin/../lib/gcc/nios2-elf/4.1.2/../../../../nios2-elf/lib\libc.a(lib_a-makebuf.o)
 .comment       0x00000000       0x24 c:/altera/11.0/nios2eds/bin/gnu/h-i686-mingw32/bin/../lib/gcc/nios2-elf/4.1.2/../../../../nios2-elf/lib\libc.a(lib_a-mallocr.o)
 .comment       0x00000000       0x24 c:/altera/11.0/nios2eds/bin/gnu/h-i686-mingw32/bin/../lib/gcc/nios2-elf/4.1.2/../../../../nios2-elf/lib\libc.a(lib_a-memset.o)
 .comment       0x00000000       0x24 c:/altera/11.0/nios2eds/bin/gnu/h-i686-mingw32/bin/../lib/gcc/nios2-elf/4.1.2/../../../../nios2-elf/lib\libc.a(lib_a-sbrkr.o)
 .comment       0x00000000       0x24 c:/altera/11.0/nios2eds/bin/gnu/h-i686-mingw32/bin/../lib/gcc/nios2-elf/4.1.2/../../../../nios2-elf/lib\libc.a(lib_a-stdio.o)
 .comment       0x00000000       0x24 c:/altera/11.0/nios2eds/bin/gnu/h-i686-mingw32/bin/../lib/gcc/nios2-elf/4.1.2/../../../../nios2-elf/lib\libc.a(lib_a-writer.o)
 .comment       0x00000000       0x24 c:/altera/11.0/nios2eds/bin/gnu/h-i686-mingw32/bin/../lib/gcc/nios2-elf/4.1.2/../../../../nios2-elf/lib\libc.a(lib_a-closer.o)
 .comment       0x00000000       0x24 c:/altera/11.0/nios2eds/bin/gnu/h-i686-mingw32/bin/../lib/gcc/nios2-elf/4.1.2/../../../../nios2-elf/lib\libc.a(lib_a-fclose.o)
 .comment       0x00000000       0x24 c:/altera/11.0/nios2eds/bin/gnu/h-i686-mingw32/bin/../lib/gcc/nios2-elf/4.1.2/../../../../nios2-elf/lib\libc.a(lib_a-fstatr.o)
 .comment       0x00000000       0x24 c:/altera/11.0/nios2eds/bin/gnu/h-i686-mingw32/bin/../lib/gcc/nios2-elf/4.1.2/../../../../nios2-elf/lib\libc.a(lib_a-isattyr.o)
 .comment       0x00000000       0x24 c:/altera/11.0/nios2eds/bin/gnu/h-i686-mingw32/bin/../lib/gcc/nios2-elf/4.1.2/../../../../nios2-elf/lib\libc.a(lib_a-lseekr.o)
 .comment       0x00000000       0x24 c:/altera/11.0/nios2eds/bin/gnu/h-i686-mingw32/bin/../lib/gcc/nios2-elf/4.1.2/../../../../nios2-elf/lib\libc.a(lib_a-readr.o)
 .comment       0x00000000       0x24 BSP/\libhal_bsp.a(alt_exit.o)
 .comment       0x00000000       0x24 BSP/\libhal_bsp.a(alt_fstat.o)
 .comment       0x00000000       0x24 BSP/\libhal_bsp.a(alt_isatty.o)
 .comment       0x00000000       0x24 BSP/\libhal_bsp.a(alt_lseek.o)
 .comment       0x00000000       0x24 BSP/\libhal_bsp.a(alt_malloc_lock.o)
 .comment       0x00000000       0x24 BSP/\libhal_bsp.a(alt_read.o)
 .comment       0x00000000       0x24 BSP/\libhal_bsp.a(alt_sbrk.o)
 .comment       0x00000000       0x24 BSP/\libhal_bsp.a(alt_write.o)

.debug
 *(.debug)

.line
 *(.line)

.debug_srcinfo
 *(.debug_srcinfo)

.debug_sfnames
 *(.debug_sfnames)

.debug_aranges  0x00000000      0xdd8
 *(.debug_aranges)
 .debug_aranges
                0x00000000       0x28 BSP//obj/HAL/src/crt0.o
 .debug_aranges
                0x00000028       0x20 obj//C/ece5760/lab2/lander/media_graphics_HAL.o
 .debug_aranges
                0x00000048       0x20 c:/altera/11.0/nios2eds/bin/gnu/h-i686-mingw32/bin/../lib/gcc/nios2-elf/4.1.2/../../../../nios2-elf/lib\libm.a(lib_a-s_cos.o)
 .debug_aranges
                0x00000068       0x20 c:/altera/11.0/nios2eds/bin/gnu/h-i686-mingw32/bin/../lib/gcc/nios2-elf/4.1.2/../../../../nios2-elf/lib\libm.a(lib_a-s_sin.o)
 .debug_aranges
                0x00000088       0x20 c:/altera/11.0/nios2eds/bin/gnu/h-i686-mingw32/bin/../lib/gcc/nios2-elf/4.1.2/../../../../nios2-elf/lib\libm.a(lib_a-e_rem_pio2.o)
 .debug_aranges
                0x000000a8       0x20 c:/altera/11.0/nios2eds/bin/gnu/h-i686-mingw32/bin/../lib/gcc/nios2-elf/4.1.2/../../../../nios2-elf/lib\libm.a(lib_a-k_cos.o)
 .debug_aranges
                0x000000c8       0x20 c:/altera/11.0/nios2eds/bin/gnu/h-i686-mingw32/bin/../lib/gcc/nios2-elf/4.1.2/../../../../nios2-elf/lib\libm.a(lib_a-k_rem_pio2.o)
 .debug_aranges
                0x000000e8       0x20 c:/altera/11.0/nios2eds/bin/gnu/h-i686-mingw32/bin/../lib/gcc/nios2-elf/4.1.2/../../../../nios2-elf/lib\libm.a(lib_a-k_sin.o)
 .debug_aranges
                0x00000108       0x20 c:/altera/11.0/nios2eds/bin/gnu/h-i686-mingw32/bin/../lib/gcc/nios2-elf/4.1.2/../../../../nios2-elf/lib\libm.a(lib_a-s_fabs.o)
 .debug_aranges
                0x00000128       0x20 c:/altera/11.0/nios2eds/bin/gnu/h-i686-mingw32/bin/../lib/gcc/nios2-elf/4.1.2/../../../../nios2-elf/lib\libm.a(lib_a-s_floor.o)
 .debug_aranges
                0x00000148       0x20 c:/altera/11.0/nios2eds/bin/gnu/h-i686-mingw32/bin/../lib/gcc/nios2-elf/4.1.2/../../../../nios2-elf/lib\libm.a(lib_a-s_scalbn.o)
 .debug_aranges
                0x00000168       0x20 c:/altera/11.0/nios2eds/bin/gnu/h-i686-mingw32/bin/../lib/gcc/nios2-elf/4.1.2/../../../../nios2-elf/lib\libm.a(lib_a-s_copysign.o)
 .debug_aranges
                0x00000188       0x20 c:/altera/11.0/nios2eds/bin/gnu/h-i686-mingw32/bin/../lib/gcc/nios2-elf/4.1.2\libgcc.a(_div_sf.o)
 .debug_aranges
                0x000001a8       0x20 c:/altera/11.0/nios2eds/bin/gnu/h-i686-mingw32/bin/../lib/gcc/nios2-elf/4.1.2\libgcc.a(_eq_sf.o)
 .debug_aranges
                0x000001c8       0x20 c:/altera/11.0/nios2eds/bin/gnu/h-i686-mingw32/bin/../lib/gcc/nios2-elf/4.1.2\libgcc.a(_gt_sf.o)
 .debug_aranges
                0x000001e8       0x20 c:/altera/11.0/nios2eds/bin/gnu/h-i686-mingw32/bin/../lib/gcc/nios2-elf/4.1.2\libgcc.a(_ge_sf.o)
 .debug_aranges
                0x00000208       0x20 c:/altera/11.0/nios2eds/bin/gnu/h-i686-mingw32/bin/../lib/gcc/nios2-elf/4.1.2\libgcc.a(_lt_sf.o)
 .debug_aranges
                0x00000228       0x20 c:/altera/11.0/nios2eds/bin/gnu/h-i686-mingw32/bin/../lib/gcc/nios2-elf/4.1.2\libgcc.a(_le_sf.o)
 .debug_aranges
                0x00000248       0x20 c:/altera/11.0/nios2eds/bin/gnu/h-i686-mingw32/bin/../lib/gcc/nios2-elf/4.1.2\libgcc.a(_si_to_sf.o)
 .debug_aranges
                0x00000268       0x20 c:/altera/11.0/nios2eds/bin/gnu/h-i686-mingw32/bin/../lib/gcc/nios2-elf/4.1.2\libgcc.a(_sf_to_si.o)
 .debug_aranges
                0x00000288       0x20 c:/altera/11.0/nios2eds/bin/gnu/h-i686-mingw32/bin/../lib/gcc/nios2-elf/4.1.2\libgcc.a(_sf_to_df.o)
 .debug_aranges
                0x000002a8       0x20 c:/altera/11.0/nios2eds/bin/gnu/h-i686-mingw32/bin/../lib/gcc/nios2-elf/4.1.2\libgcc.a(_usi_to_sf.o)
 .debug_aranges
                0x000002c8       0x20 c:/altera/11.0/nios2eds/bin/gnu/h-i686-mingw32/bin/../lib/gcc/nios2-elf/4.1.2\libgcc.a(_addsub_df.o)
 .debug_aranges
                0x000002e8       0x20 c:/altera/11.0/nios2eds/bin/gnu/h-i686-mingw32/bin/../lib/gcc/nios2-elf/4.1.2\libgcc.a(_mul_df.o)
 .debug_aranges
                0x00000308       0x20 c:/altera/11.0/nios2eds/bin/gnu/h-i686-mingw32/bin/../lib/gcc/nios2-elf/4.1.2\libgcc.a(_eq_df.o)
 .debug_aranges
                0x00000328       0x20 c:/altera/11.0/nios2eds/bin/gnu/h-i686-mingw32/bin/../lib/gcc/nios2-elf/4.1.2\libgcc.a(_gt_df.o)
 .debug_aranges
                0x00000348       0x20 c:/altera/11.0/nios2eds/bin/gnu/h-i686-mingw32/bin/../lib/gcc/nios2-elf/4.1.2\libgcc.a(_ge_df.o)
 .debug_aranges
                0x00000368       0x20 c:/altera/11.0/nios2eds/bin/gnu/h-i686-mingw32/bin/../lib/gcc/nios2-elf/4.1.2\libgcc.a(_si_to_df.o)
 .debug_aranges
                0x00000388       0x20 c:/altera/11.0/nios2eds/bin/gnu/h-i686-mingw32/bin/../lib/gcc/nios2-elf/4.1.2\libgcc.a(_df_to_si.o)
 .debug_aranges
                0x000003a8       0x20 c:/altera/11.0/nios2eds/bin/gnu/h-i686-mingw32/bin/../lib/gcc/nios2-elf/4.1.2\libgcc.a(_make_df.o)
 .debug_aranges
                0x000003c8       0x20 c:/altera/11.0/nios2eds/bin/gnu/h-i686-mingw32/bin/../lib/gcc/nios2-elf/4.1.2\libgcc.a(_df_to_sf.o)
 .debug_aranges
                0x000003e8       0x20 c:/altera/11.0/nios2eds/bin/gnu/h-i686-mingw32/bin/../lib/gcc/nios2-elf/4.1.2\libgcc.a(lib2-divmod.o)
 .debug_aranges
                0x00000408       0x20 c:/altera/11.0/nios2eds/bin/gnu/h-i686-mingw32/bin/../lib/gcc/nios2-elf/4.1.2\libgcc.a(_muldi3.o)
 .debug_aranges
                0x00000428       0x20 c:/altera/11.0/nios2eds/bin/gnu/h-i686-mingw32/bin/../lib/gcc/nios2-elf/4.1.2\libgcc.a(_clzsi2.o)
 .debug_aranges
                0x00000448       0x20 c:/altera/11.0/nios2eds/bin/gnu/h-i686-mingw32/bin/../lib/gcc/nios2-elf/4.1.2\libgcc.a(_pack_sf.o)
 .debug_aranges
                0x00000468       0x20 c:/altera/11.0/nios2eds/bin/gnu/h-i686-mingw32/bin/../lib/gcc/nios2-elf/4.1.2\libgcc.a(_unpack_sf.o)
 .debug_aranges
                0x00000488       0x20 c:/altera/11.0/nios2eds/bin/gnu/h-i686-mingw32/bin/../lib/gcc/nios2-elf/4.1.2\libgcc.a(_fpcmp_parts_sf.o)
 .debug_aranges
                0x000004a8       0x20 c:/altera/11.0/nios2eds/bin/gnu/h-i686-mingw32/bin/../lib/gcc/nios2-elf/4.1.2\libgcc.a(_make_sf.o)
 .debug_aranges
                0x000004c8       0x20 c:/altera/11.0/nios2eds/bin/gnu/h-i686-mingw32/bin/../lib/gcc/nios2-elf/4.1.2\libgcc.a(_pack_df.o)
 .debug_aranges
                0x000004e8       0x20 c:/altera/11.0/nios2eds/bin/gnu/h-i686-mingw32/bin/../lib/gcc/nios2-elf/4.1.2\libgcc.a(_unpack_df.o)
 .debug_aranges
                0x00000508       0x20 c:/altera/11.0/nios2eds/bin/gnu/h-i686-mingw32/bin/../lib/gcc/nios2-elf/4.1.2\libgcc.a(_fpcmp_parts_df.o)
 .debug_aranges
                0x00000528       0x20 BSP/\libhal_bsp.a(alt_load.o)
 .debug_aranges
                0x00000548       0x20 BSP/\libhal_bsp.a(alt_main.o)
 .debug_aranges
                0x00000568       0x20 BSP/\libhal_bsp.a(alt_printf.o)
 .debug_aranges
                0x00000588       0x20 BSP/\libhal_bsp.a(alt_putchar.o)
 .debug_aranges
                0x000005a8       0x20 BSP/\libhal_bsp.a(alt_sys_init.o)
 .debug_aranges
                0x000005c8       0x20 BSP/\libhal_bsp.a(altera_avalon_jtag_uart_fd.o)
 .debug_aranges
                0x000005e8       0x20 BSP/\libhal_bsp.a(altera_avalon_jtag_uart_init.o)
 .debug_aranges
                0x00000608       0x20 BSP/\libhal_bsp.a(altera_avalon_jtag_uart_ioctl.o)
 .debug_aranges
                0x00000628       0x20 BSP/\libhal_bsp.a(altera_avalon_jtag_uart_read.o)
 .debug_aranges
                0x00000648       0x20 BSP/\libhal_bsp.a(altera_avalon_jtag_uart_write.o)
 .debug_aranges
                0x00000668       0x20 BSP/\libhal_bsp.a(altera_avalon_timer_sc.o)
 .debug_aranges
                0x00000688       0x20 BSP/\libhal_bsp.a(altera_up_avalon_character_lcd.o)
 .debug_aranges
                0x000006a8       0x20 BSP/\libhal_bsp.a(altera_up_avalon_ps2.o)
 .debug_aranges
                0x000006c8       0x20 BSP/\libhal_bsp.a(altera_up_avalon_rs232.o)
 .debug_aranges
                0x000006e8       0x20 BSP/\libhal_bsp.a(altera_up_avalon_video_character_buffer_with_dma.o)
 .debug_aranges
                0x00000708       0x20 BSP/\libhal_bsp.a(altera_up_avalon_video_pixel_buffer_dma.o)
 .debug_aranges
                0x00000728       0x20 BSP/\libhal_bsp.a(alt_alarm_start.o)
 .debug_aranges
                0x00000748       0x20 BSP/\libhal_bsp.a(alt_close.o)
 .debug_aranges
                0x00000768       0x20 BSP/\libhal_bsp.a(alt_dcache_flush_all.o)
 .debug_aranges
                0x00000788       0x20 BSP/\libhal_bsp.a(alt_dev.o)
 .debug_aranges
                0x000007a8       0x20 BSP/\libhal_bsp.a(alt_dev_llist_insert.o)
 .debug_aranges
                0x000007c8       0x20 BSP/\libhal_bsp.a(alt_find_dev.o)
 .debug_aranges
                0x000007e8       0x20 BSP/\libhal_bsp.a(alt_icache_flush_all.o)
 .debug_aranges
                0x00000808       0x20 BSP/\libhal_bsp.a(alt_io_redirect.o)
 .debug_aranges
                0x00000828       0x20 BSP/\libhal_bsp.a(alt_irq_register.o)
 .debug_aranges
                0x00000848       0x20 BSP/\libhal_bsp.a(alt_open.o)
 .debug_aranges
                0x00000868       0x20 BSP/\libhal_bsp.a(alt_release_fd.o)
 .debug_aranges
                0x00000888       0x20 BSP/\libhal_bsp.a(alt_tick.o)
 .debug_aranges
                0x000008a8       0x20 BSP/\libhal_bsp.a(altera_nios2_irq.o)
 .debug_aranges
                0x000008c8       0x20 BSP/\libhal_bsp.a(alt_find_file.o)
 .debug_aranges
                0x000008e8       0x20 BSP/\libhal_bsp.a(alt_get_fd.o)
 .debug_aranges
                0x00000908       0x20 BSP/\libhal_bsp.a(alt_icache_flush.o)
 .debug_aranges
                0x00000928       0x30 BSP/\libhal_bsp.a(alt_irq_entry.o)
 .debug_aranges
                0x00000958       0x28 BSP/\libhal_bsp.a(alt_irq_handler.o)
 .debug_aranges
                0x00000980       0x38 BSP/\libhal_bsp.a(alt_exception_entry.o)
 .debug_aranges
                0x000009b8       0x20 c:/altera/11.0/nios2eds/bin/gnu/h-i686-mingw32/bin/../lib/gcc/nios2-elf/4.1.2/../../../../nios2-elf/lib\libc.a(lib_a-exit.o)
 .debug_aranges
                0x000009d8       0x20 c:/altera/11.0/nios2eds/bin/gnu/h-i686-mingw32/bin/../lib/gcc/nios2-elf/4.1.2/../../../../nios2-elf/lib\libc.a(lib_a-memcmp.o)
 .debug_aranges
                0x000009f8       0x20 c:/altera/11.0/nios2eds/bin/gnu/h-i686-mingw32/bin/../lib/gcc/nios2-elf/4.1.2/../../../../nios2-elf/lib\libc.a(lib_a-memcpy.o)
 .debug_aranges
                0x00000a18       0x20 c:/altera/11.0/nios2eds/bin/gnu/h-i686-mingw32/bin/../lib/gcc/nios2-elf/4.1.2/../../../../nios2-elf/lib\libc.a(lib_a-putc.o)
 .debug_aranges
                0x00000a38       0x20 c:/altera/11.0/nios2eds/bin/gnu/h-i686-mingw32/bin/../lib/gcc/nios2-elf/4.1.2/../../../../nios2-elf/lib\libc.a(lib_a-strcmp.o)
 .debug_aranges
                0x00000a58       0x20 c:/altera/11.0/nios2eds/bin/gnu/h-i686-mingw32/bin/../lib/gcc/nios2-elf/4.1.2/../../../../nios2-elf/lib\libc.a(lib_a-strlen.o)
 .debug_aranges
                0x00000a78       0x20 c:/altera/11.0/nios2eds/bin/gnu/h-i686-mingw32/bin/../lib/gcc/nios2-elf/4.1.2/../../../../nios2-elf/lib\libc.a(lib_a-wbuf.o)
 .debug_aranges
                0x00000a98       0x20 c:/altera/11.0/nios2eds/bin/gnu/h-i686-mingw32/bin/../lib/gcc/nios2-elf/4.1.2/../../../../nios2-elf/lib\libc.a(lib_a-wsetup.o)
 .debug_aranges
                0x00000ab8       0x20 c:/altera/11.0/nios2eds/bin/gnu/h-i686-mingw32/bin/../lib/gcc/nios2-elf/4.1.2/../../../../nios2-elf/lib\libc.a(lib_a-__call_atexit.o)
 .debug_aranges
                0x00000ad8       0x20 c:/altera/11.0/nios2eds/bin/gnu/h-i686-mingw32/bin/../lib/gcc/nios2-elf/4.1.2/../../../../nios2-elf/lib\libc.a(lib_a-fflush.o)
 .debug_aranges
                0x00000af8       0x20 c:/altera/11.0/nios2eds/bin/gnu/h-i686-mingw32/bin/../lib/gcc/nios2-elf/4.1.2/../../../../nios2-elf/lib\libc.a(lib_a-findfp.o)
 .debug_aranges
                0x00000b18       0x20 c:/altera/11.0/nios2eds/bin/gnu/h-i686-mingw32/bin/../lib/gcc/nios2-elf/4.1.2/../../../../nios2-elf/lib\libc.a(lib_a-freer.o)
 .debug_aranges
                0x00000b38       0x20 c:/altera/11.0/nios2eds/bin/gnu/h-i686-mingw32/bin/../lib/gcc/nios2-elf/4.1.2/../../../../nios2-elf/lib\libc.a(lib_a-fwalk.o)
 .debug_aranges