Archive member included because of file (symbol)

c:/altera/11.0/nios2eds/bin/gnu/h-i686-mingw32/bin/../lib/gcc/nios2-elf/4.1.2/../../../../nios2-elf/lib\libm.a(lib_a-s_cos.o)
                              obj//C/ece5760/lab2/lander/media_graphics_HAL.o (cos)
c:/altera/11.0/nios2eds/bin/gnu/h-i686-mingw32/bin/../lib/gcc/nios2-elf/4.1.2/../../../../nios2-elf/lib\libm.a(lib_a-s_sin.o)
                              obj//C/ece5760/lab2/lander/media_graphics_HAL.o (sin)
c:/altera/11.0/nios2eds/bin/gnu/h-i686-mingw32/bin/../lib/gcc/nios2-elf/4.1.2/../../../../nios2-elf/lib\libm.a(lib_a-e_rem_pio2.o)
                              c:/altera/11.0/nios2eds/bin/gnu/h-i686-mingw32/bin/../lib/gcc/nios2-elf/4.1.2/../../../../nios2-elf/lib\libm.a(lib_a-s_cos.o) (__ieee754_rem_pio2)
c:/altera/11.0/nios2eds/bin/gnu/h-i686-mingw32/bin/../lib/gcc/nios2-elf/4.1.2/../../../../nios2-elf/lib\libm.a(lib_a-k_cos.o)
                              c:/altera/11.0/nios2eds/bin/gnu/h-i686-mingw32/bin/../lib/gcc/nios2-elf/4.1.2/../../../../nios2-elf/lib\libm.a(lib_a-s_cos.o) (__kernel_cos)
c:/altera/11.0/nios2eds/bin/gnu/h-i686-mingw32/bin/../lib/gcc/nios2-elf/4.1.2/../../../../nios2-elf/lib\libm.a(lib_a-k_rem_pio2.o)
                              c:/altera/11.0/nios2eds/bin/gnu/h-i686-mingw32/bin/../lib/gcc/nios2-elf/4.1.2/../../../../nios2-elf/lib\libm.a(lib_a-e_rem_pio2.o) (__kernel_rem_pio2)
c:/altera/11.0/nios2eds/bin/gnu/h-i686-mingw32/bin/../lib/gcc/nios2-elf/4.1.2/../../../../nios2-elf/lib\libm.a(lib_a-k_sin.o)
                              c:/altera/11.0/nios2eds/bin/gnu/h-i686-mingw32/bin/../lib/gcc/nios2-elf/4.1.2/../../../../nios2-elf/lib\libm.a(lib_a-s_cos.o) (__kernel_sin)
c:/altera/11.0/nios2eds/bin/gnu/h-i686-mingw32/bin/../lib/gcc/nios2-elf/4.1.2/../../../../nios2-elf/lib\libm.a(lib_a-s_fabs.o)
                              c:/altera/11.0/nios2eds/bin/gnu/h-i686-mingw32/bin/../lib/gcc/nios2-elf/4.1.2/../../../../nios2-elf/lib\libm.a(lib_a-e_rem_pio2.o) (fabs)
c:/altera/11.0/nios2eds/bin/gnu/h-i686-mingw32/bin/../lib/gcc/nios2-elf/4.1.2/../../../../nios2-elf/lib\libm.a(lib_a-s_floor.o)
                              c:/altera/11.0/nios2eds/bin/gnu/h-i686-mingw32/bin/../lib/gcc/nios2-elf/4.1.2/../../../../nios2-elf/lib\libm.a(lib_a-k_rem_pio2.o) (floor)
c:/altera/11.0/nios2eds/bin/gnu/h-i686-mingw32/bin/../lib/gcc/nios2-elf/4.1.2/../../../../nios2-elf/lib\libm.a(lib_a-s_scalbn.o)
                              c:/altera/11.0/nios2eds/bin/gnu/h-i686-mingw32/bin/../lib/gcc/nios2-elf/4.1.2/../../../../nios2-elf/lib\libm.a(lib_a-k_rem_pio2.o) (scalbn)
c:/altera/11.0/nios2eds/bin/gnu/h-i686-mingw32/bin/../lib/gcc/nios2-elf/4.1.2/../../../../nios2-elf/lib\libm.a(lib_a-s_copysign.o)
                              c:/altera/11.0/nios2eds/bin/gnu/h-i686-mingw32/bin/../lib/gcc/nios2-elf/4.1.2/../../../../nios2-elf/lib\libm.a(lib_a-s_scalbn.o) (copysign)
c:/altera/11.0/nios2eds/bin/gnu/h-i686-mingw32/bin/../lib/gcc/nios2-elf/4.1.2\libgcc.a(_eq_sf.o)
                              obj//C/ece5760/lab2/lander/media_graphics_HAL.o (__eqsf2)
c:/altera/11.0/nios2eds/bin/gnu/h-i686-mingw32/bin/../lib/gcc/nios2-elf/4.1.2\libgcc.a(_gt_sf.o)
                              obj//C/ece5760/lab2/lander/media_graphics_HAL.o (__gtsf2)
c:/altera/11.0/nios2eds/bin/gnu/h-i686-mingw32/bin/../lib/gcc/nios2-elf/4.1.2\libgcc.a(_ge_sf.o)
                              obj//C/ece5760/lab2/lander/media_graphics_HAL.o (__gesf2)
c:/altera/11.0/nios2eds/bin/gnu/h-i686-mingw32/bin/../lib/gcc/nios2-elf/4.1.2\libgcc.a(_lt_sf.o)
                              obj//C/ece5760/lab2/lander/media_graphics_HAL.o (__ltsf2)
c:/altera/11.0/nios2eds/bin/gnu/h-i686-mingw32/bin/../lib/gcc/nios2-elf/4.1.2\libgcc.a(_le_sf.o)
                              obj//C/ece5760/lab2/lander/media_graphics_HAL.o (__lesf2)
c:/altera/11.0/nios2eds/bin/gnu/h-i686-mingw32/bin/../lib/gcc/nios2-elf/4.1.2\libgcc.a(_sf_to_si.o)
                              obj//C/ece5760/lab2/lander/media_graphics_HAL.o (__fixsfsi)
c:/altera/11.0/nios2eds/bin/gnu/h-i686-mingw32/bin/../lib/gcc/nios2-elf/4.1.2\libgcc.a(_sf_to_df.o)
                              obj//C/ece5760/lab2/lander/media_graphics_HAL.o (__extendsfdf2)
c:/altera/11.0/nios2eds/bin/gnu/h-i686-mingw32/bin/../lib/gcc/nios2-elf/4.1.2\libgcc.a(_usi_to_sf.o)
                              obj//C/ece5760/lab2/lander/media_graphics_HAL.o (__floatunsisf)
c:/altera/11.0/nios2eds/bin/gnu/h-i686-mingw32/bin/../lib/gcc/nios2-elf/4.1.2\libgcc.a(_addsub_df.o)
                              obj//C/ece5760/lab2/lander/media_graphics_HAL.o (__subdf3)
c:/altera/11.0/nios2eds/bin/gnu/h-i686-mingw32/bin/../lib/gcc/nios2-elf/4.1.2\libgcc.a(_mul_df.o)
                              obj//C/ece5760/lab2/lander/media_graphics_HAL.o (__muldf3)
c:/altera/11.0/nios2eds/bin/gnu/h-i686-mingw32/bin/../lib/gcc/nios2-elf/4.1.2\libgcc.a(_eq_df.o)
[...]
Memory Configuration

Name             Origin             Length             Attributes
reset            0x00000000         0x00000020
SDRAM            0x00000020         0x007fffe0
*default*        0x00000000         0xffffffff

Linker script and memory map

LOAD BSP//obj/HAL/src/crt0.o
LOAD obj//C/ece5760/lab2/lander/media_graphics_HAL.o
LOAD c:/altera/11.0/nios2eds/bin/gnu/h-i686-mingw32/bin/../lib/gcc/nios2-elf/4.1.2/../../../../nios2-elf/lib\libstdc++.a
LOAD c:/altera/11.0/nios2eds/bin/gnu/h-i686-mingw32/bin/../lib/gcc/nios2-elf/4.1.2/../../../../nios2-elf/lib\libm.a
LOAD c:/altera/11.0/nios2eds/bin/gnu/h-i686-mingw32/bin/../lib/gcc/nios2-elf/4.1.2\libgcc.a
START GROUP
LOAD c:/altera/11.0/nios2eds/bin/gnu/h-i686-mingw32/bin/../lib/gcc/nios2-elf/4.1.2/../../../../nios2-elf/lib\libc.a
LOAD c:/altera/11.0/nios2eds/bin/gnu/h-i686-mingw32/bin/../lib/gcc/nios2-elf/4.1.2\libgcc.a
LOAD BSP/\libhal_bsp.a
END GROUP
LOAD c:/altera/11.0/nios2eds/bin/gnu/h-i686-mingw32/bin/../lib/gcc/nios2-elf/4.1.2\libgcc.a
                0x00000000                __alt_mem_SDRAM = 0x0

.entry          0x00000000       0x20
 *(.entry)
 .entry         0x00000000       0x20 BSP//obj/HAL/src/crt0.o
                0x00000000                __reset

.exceptions     0x00000020      0x148
                0x00000020                PROVIDE (__ram_exceptions_start, ABSOLUTE (.))
                0x00000020                . = ALIGN (0x20)
 *(.irq)
 *(.exceptions.entry.label)
 .exceptions.entry.label
                0x00000020        0x0 BSP/\libhal_bsp.a(alt_irq_entry.o)
                0x00000020                alt_irq_entry
 .exceptions.entry.label
                0x00000020        0x0 BSP/\libhal_bsp.a(alt_exception_entry.o)
                0x00000020                alt_exception
 *(.exceptions.entry.user)
 *(.exceptions.entry)
 .exceptions.entry
                0x00000020       0x54 BSP/\libhal_bsp.a(alt_exception_entry.o)
 *(.exceptions.irqtest.user)
 *(.exceptions.irqtest)
 .exceptions.irqtest
                0x00000074       0x10 BSP/\libhal_bsp.a(alt_irq_entry.o)
 *(.exceptions.irqhandler.user)
 *(.exceptions.irqhandler)
 .exceptions.irqhandler
                0x00000084        0x4 BSP/\libhal_bsp.a(alt_irq_entry.o)
 *(.exceptions.irqreturn.user)
 *(.exceptions.irqreturn)
 .exceptions.irqreturn
                0x00000088        0x4 BSP/\libhal_bsp.a(alt_irq_entry.o)
 *(.exceptions.notirq.label)
 .exceptions.notirq.label
                0x0000008c        0x0 BSP/\libhal_bsp.a(alt_irq_entry.o)
 *(.exceptions.notirq.user)
 *(.exceptions.notirq)
 .exceptions.notirq
                0x0000008c        0x8 BSP/\libhal_bsp.a(alt_exception_entry.o)
 *(.exceptions.soft.user)
 *(.exceptions.soft)
 *(.exceptions.unknown.user)
 *(.exceptions.unknown)
 .exceptions.unknown
                0x00000094        0x4 BSP/\libhal_bsp.a(alt_exception_entry.o)
 *(.exceptions.exit.label)
 .exceptions.exit.label
                0x00000098        0x0 BSP/\libhal_bsp.a(alt_irq_entry.o)
 .exceptions.exit.label
                0x00000098        0x0 BSP/\libhal_bsp.a(alt_exception_entry.o)
 *(.exceptions.exit.user)
 *(.exceptions.exit)
 .exceptions.exit
                0x00000098       0x54 BSP/\libhal_bsp.a(alt_exception_entry.o)
 *(.exceptions)
 .exceptions    0x000000ec       0x7c BSP/\libhal_bsp.a(alt_irq_handler.o)
                0x000000ec                alt_irq_handler
                0x00000168                PROVIDE (__ram_exceptions_end, ABSOLUTE (.))
                0x00000020                PROVIDE (__flash_exceptions_start, LOADADDR (.exceptions))

.text           0x00000168     0x98d0
                0x00000168                PROVIDE (stext, ABSOLUTE (.))
 *(.interp)
 *(.hash)
 *(.dynsym)
 *(.dynstr)
 *(.gnu.version)
 *(.gnu.version_d)
 *(.gnu.version_r)
 *(.rel.init)
 *(.rela.init)
 *(.rel.text .rel.text.* .rel.gnu.linkonce.t.*)
 *(.rela.text .rela.text.* .rela.gnu.linkonce.t.*)
 *(.rel.fini)
 *(.rela.fini)
 *(.rel.rodata .rel.rodata.* .rel.gnu.linkonce.r.*)
 *(.rela.rodata .rela.rodata.* .rela.gnu.linkonce.r.*)
 *(.rel.data .rel.data.* .rel.gnu.linkonce.d.*)
 *(.rela.data .rela.data.* .rela.gnu.linkonce.d.*)
 *(.rel.tdata .rel.tdata.* .rel.gnu.linkonce.td.*)
 *(.rela.tdata .rela.tdata.* .rela.gnu.linkonce.td.*)
 *(.rel.tbss .rel.tbss.* .rel.gnu.linkonce.tb.*)
 *(.rela.tbss .rela.tbss.* .rela.gnu.linkonce.tb.*)
 *(.rel.ctors)
 *(.rela.ctors)
 *(.rel.dtors)
 *(.rela.dtors)
 *(.rel.got)
 *(.rela.got)
 *(.rel.sdata .rel.sdata.* .rel.gnu.linkonce.s.*)
 *(.rela.sdata .rela.sdata.* .rela.gnu.linkonce.s.*)
 *(.rel.sbss .rel.sbss.* .rel.gnu.linkonce.sb.*)
 *(.rela.sbss .rela.sbss.* .rela.gnu.linkonce.sb.*)
 *(.rel.sdata2 .rel.sdata2.* .rel.gnu.linkonce.s2.*)
 *(.rela.sdata2 .rela.sdata2.* .rela.gnu.linkonce.s2.*)
 *(.rel.sbss2 .rel.sbss2.* .rel.gnu.linkonce.sb2.*)
 *(.rela.sbss2 .rela.sbss2.* .rela.gnu.linkonce.sb2.*)
 *(.rel.bss .rel.bss.* .rel.gnu.linkonce.b.*)
 *(.rela.bss .rela.bss.* .rela.gnu.linkonce.b.*)
 *(.rel.plt)
 *(.rela.plt)
 *(.rel.dyn)
 *(.init)
 *(.plt)
 *(.text .stub .text.* .gnu.linkonce.t.*)
 .text          0x00000168       0x3c BSP//obj/HAL/src/crt0.o
                0x00000168                _start
 .text          0x000001a4      0x818 obj//C/ece5760/lab2/lander/media_graphics_HAL.o
                0x000001a4                groundCollision
                0x000001ac                draw_sprite
                0x0000026c                draw_landscape
                0x00000348                main
 .text          0x000009bc      0x168 c:/altera/11.0/nios2eds/bin/gnu/h-i686-mingw32/bin/../lib/gcc/nios2-elf/4.1.2/../../../../nios2-elf/lib\libm.a(lib_a-s_cos.o)
                0x000009bc                cos
 .text          0x00000b24      0x16c c:/altera/11.0/nios2eds/bin/gnu/h-i686-mingw32/bin/../lib/gcc/nios2-elf/4.1.2/../../../../nios2-elf/lib\libm.a(lib_a-s_sin.o)
                0x00000b24                sin
 .text          0x00000c90      0x828 c:/altera/11.0/nios2eds/bin/gnu/h-i686-mingw32/bin/../lib/gcc/nios2-elf/4.1.2/../../../../nios2-elf/lib\libm.a(lib_a-e_rem_pio2.o)
                0x00000c90                __ieee754_rem_pio2
 .text          0x000014b8      0x52c c:/altera/11.0/nios2eds/bin/gnu/h-i686-mingw32/bin/../lib/gcc/nios2-elf/4.1.2/../../../../nios2-elf/lib\libm.a(lib_a-k_cos.o)
                0x000014b8                __kernel_cos
 .text          0x000019e4      0xe7c c:/altera/11.0/nios2eds/bin/gnu/h-i686-mingw32/bin/../lib/gcc/nios2-elf/4.1.2/../../../../nios2-elf/lib\libm.a(lib_a-k_rem_pio2.o)
                0x000019e4                __kernel_rem_pio2
 .text          0x00002860      0x318 c:/altera/11.0/nios2eds/bin/gnu/h-i686-mingw32/bin/../lib/gcc/nios2-elf/4.1.2/../../../../nios2-elf/lib\libm.a(lib_a-k_sin.o)
                0x00002860                __kernel_sin
 .text          0x00002b78       0x18 c:/altera/11.0/nios2eds/bin/gnu/h-i686-mingw32/bin/../lib/gcc/nios2-elf/4.1.2/../../../../nios2-elf/lib\libm.a(lib_a-s_fabs.o)
                0x00002b78                fabs
 .text          0x00002b90      0x224 c:/altera/11.0/nios2eds/bin/gnu/h-i686-mingw32/bin/../lib/gcc/nios2-elf/4.1.2/../../../../nios2-elf/lib\libm.a(lib_a-s_floor.o)
                0x00002b90                floor
 .text          0x00002db4      0x1e0 c:/altera/11.0/nios2eds/bin/gnu/h-i686-mingw32/bin/../lib/gcc/nios2-elf/4.1.2/../../../../nios2-elf/lib\libm.a(lib_a-s_scalbn.o)
                0x00002db4                scalbn
 .text          0x00002f94       0x24 c:/altera/11.0/nios2eds/bin/gnu/h-i686-mingw32/bin/../lib/gcc/nios2-elf/4.1.2/../../../../nios2-elf/lib\libm.a(lib_a-s_copysign.o)
                0x00002f94                copysign
 .text          0x00002fb8       0x78 c:/altera/11.0/nios2eds/bin/gnu/h-i686-mingw32/bin/../lib/gcc/nios2-elf/4.1.2\libgcc.a(_eq_sf.o)
                0x00002fb8                __eqsf2
 .text          0x00003030       0x78 c:/altera/11.0/nios2eds/bin/gnu/h-i686-mingw32/bin/../lib/gcc/nios2-elf/4.1.2\libgcc.a(_gt_sf.o)
                0x00003030                __gtsf2
 .text          0x000030a8       0x78 c:/altera/11.0/nios2eds/bin/gnu/h-i686-mingw32/bin/../lib/gcc/nios2-elf/4.1.2\libgcc.a(_ge_sf.o)
                0x000030a8                __gesf2
 .text          0x00003120       0x78 c:/altera/11.0/nios2eds/bin/gnu/h-i686-mingw32/bin/../lib/gcc/nios2-elf/4.1.2\libgcc.a(_lt_sf.o)
                0x00003120                __ltsf2
 .text          0x00003198       0x78 c:/altera/11.0/nios2eds/bin/gnu/h-i686-mingw32/bin/../lib/gcc/nios2-elf/4.1.2\libgcc.a(_le_sf.o)
                0x00003198                __lesf2
 .text          0x00003210       0x94 c:/altera/11.0/nios2eds/bin/gnu/h-i686-mingw32/bin/../lib/gcc/nios2-elf/4.1.2\libgcc.a(_sf_to_si.o)
                0x00003210                __fixsfsi
 .text          0x000032a4       0x54 c:/altera/11.0/nios2eds/bin/gnu/h-i686-mingw32/bin/../lib/gcc/nios2-elf/4.1.2\libgcc.a(_sf_to_df.o)
                0x000032a4                __extendsfdf2
 .text          0x000032f8       0xc0 c:/altera/11.0/nios2eds/bin/gnu/h-i686-mingw32/bin/../lib/gcc/nios2-elf/4.1.2\libgcc.a(_usi_to_sf.o)
                0x000032f8                __floatunsisf
 .text          0x000033b8      0x504 c:/altera/11.0/nios2eds/bin/gnu/h-i686-mingw32/bin/../lib/gcc/nios2-elf/4.1.2\libgcc.a(_addsub_df.o)
                0x000037c8                __subdf3
                0x00003848                __adddf3
 .text          0x000038bc      0x3c4 c:/altera/11.0/nios2eds/bin/gnu/h-i686-mingw32/bin/../lib/gcc/nios2-elf/4.1.2\libgcc.a(_mul_df.o)
                0x000038bc                __muldf3
 .text          0x00003c80       0x88 c:/altera/11.0/nios2eds/bin/gnu/h-i686-mingw32/bin/../lib/gcc/nios2-elf/4.1.2\libgcc.a(_eq_df.o)
                0x00003c80                __eqdf2
 .text          0x00003d08       0x88 c:/altera/11.0/nios2eds/bin/gnu/h-i686-mingw32/bin/../lib/gcc/nios2-elf/4.1.2\libgcc.a(_gt_df.o)
                0x00003d08                __gtdf2
 .text          0x00003d90       0x88 c:/altera/11.0/nios2eds/bin/gnu/h-i686-mingw32/bin/../lib/gcc/nios2-elf/4.1.2\libgcc.a(_ge_df.o)
                0x00003d90                __gedf2
 .text          0x00003e18       0xf8 c:/altera/11.0/nios2eds/bin/gnu/h-i686-mingw32/bin/../lib/gcc/nios2-elf/4.1.2\libgcc.a(_si_to_df.o)
                0x00003e18                __floatsidf
 .text          0x00003f10       0xd8 c:/altera/11.0/nios2eds/bin/gnu/h-i686-mingw32/bin/../lib/gcc/nios2-elf/4.1.2\libgcc.a(_df_to_si.o)
                0x00003f10                __fixdfsi
 .text          0x00003fe8       0x38 c:/altera/11.0/nios2eds/bin/gnu/h-i686-mingw32/bin/../lib/gcc/nios2-elf/4.1.2\libgcc.a(_make_df.o)
                0x00003fe8                __make_dp
 .text          0x00004020       0x74 c:/altera/11.0/nios2eds/bin/gnu/h-i686-mingw32/bin/../lib/gcc/nios2-elf/4.1.2\libgcc.a(_df_to_sf.o)
                0x00004020                __truncdfsf2
 .text          0x00004094        0x0 c:/altera/11.0/nios2eds/bin/gnu/h-i686-mingw32/bin/../lib/gcc/nios2-elf/4.1.2\libgcc.a(_thenan_df.o)
 .text          0x00004094      0x14c c:/altera/11.0/nios2eds/bin/gnu/h-i686-mingw32/bin/../lib/gcc/nios2-elf/4.1.2\libgcc.a(lib2-divmod.o)
                0x00004110                __divsi3
                0x00004170                __modsi3
                0x000041d0                __udivsi3
                0x000041d8                __umodsi3
 .text          0x000041e0       0x98 c:/altera/11.0/nios2eds/bin/gnu/h-i686-mingw32/bin/../lib/gcc/nios2-elf/4.1.2\libgcc.a(_muldi3.o)
                0x000041e0                __muldi3
 .text          0x00004278       0x80 c:/altera/11.0/nios2eds/bin/gnu/h-i686-mingw32/bin/../lib/gcc/nios2-elf/4.1.2\libgcc.a(_clzsi2.o)
                0x00004278                __clzsi2
 .text          0x000042f8      0x160 c:/altera/11.0/nios2eds/bin/gnu/h-i686-mingw32/bin/../lib/gcc/nios2-elf/4.1.2\libgcc.a(_pack_sf.o)
                0x000042f8                __pack_f
 .text          0x00004458       0xc8 c:/altera/11.0/nios2eds/bin/gnu/h-i686-mingw32/bin/../lib/gcc/nios2-elf/4.1.2\libgcc.a(_unpack_sf.o)
                0x00004458                __unpack_f
 .text          0x00004520       0xa8 c:/altera/11.0/nios2eds/bin/gnu/h-i686-mingw32/bin/../lib/gcc/nios2-elf/4.1.2\libgcc.a(_fpcmp_parts_sf.o)
                0x00004520                __fpcmp_parts_f
 .text          0x000045c8       0x2c c:/altera/11.0/nios2eds/bin/gnu/h-i686-mingw32/bin/../lib/gcc/nios2-elf/4.1.2\libgcc.a(_make_sf.o)
                0x000045c8                __make_fp
 .text          0x000045f4      0x314 c:/altera/11.0/nios2eds/bin/gnu/h-i686-mingw32/bin/../lib/gcc/nios2-elf/4.1.2\libgcc.a(_pack_df.o)
                0x000045f4                __pack_d
 .text          0x00004908      0x138 c:/altera/11.0/nios2eds/bin/gnu/h-i686-mingw32/bin/../lib/gcc/nios2-elf/4.1.2\libgcc.a(_unpack_df.o)
                0x00004908                __unpack_d
 .text          0x00004a40       0xc8 c:/altera/11.0/nios2eds/bin/gnu/h-i686-mingw32/bin/../lib/gcc/nios2-elf/4.1.2\libgcc.a(_fpcmp_parts_df.o)
                0x00004a40                __fpcmp_parts_d
 .text          0x00004b08        0x0 c:/altera/11.0/nios2eds/bin/gnu/h-i686-mingw32/bin/../lib/gcc/nios2-elf/4.1.2\libgcc.a(_clz.o)
 .text          0x00004b08       0x98 c:/altera/11.0/nios2eds/bin/gnu/h-i686-mingw32/bin/../lib/gcc/nios2-elf/4.1.2/../../../../nios2-elf/lib\libc.a(lib_a-memset.o)
                0x00004b08                memset
 .text          0x00004ba0       0xc4 BSP/\libhal_bsp.a(alt_load.o)
                0x00004ba0                alt_load
 .text          0x00004c64       0x50 BSP/\libhal_bsp.a(alt_main.o)
                0x00004c64                alt_main
 .text          0x00004cb4      0x1dc BSP/\libhal_bsp.a(alt_printf.o)
                0x00004cb4                alt_printf
 .text          0x00004e90       0x28 BSP/\libhal_bsp.a(alt_putchar.o)
                0x00004e90                alt_putchar
 .text          0x00004eb8      0x2cc BSP/\libhal_bsp.a(alt_sys_init.o)
                0x00004eb8                alt_irq_init
                0x00004ed8                alt_sys_init
 .text          0x00005184       0x98 BSP/\libhal_bsp.a(altera_avalon_jtag_uart_fd.o)
                0x00005184                altera_avalon_jtag_uart_ioctl_fd
                0x000051a4                altera_avalon_jtag_uart_close_fd
                0x000051cc                altera_avalon_jtag_uart_write_fd
                0x000051f4                altera_avalon_jtag_uart_read_fd
 .text          0x0000521c      0x238 BSP/\libhal_bsp.a(altera_avalon_jtag_uart_init.o)
                0x0000521c                altera_avalon_jtag_uart_close
                0x000052a8                altera_avalon_jtag_uart_init
 .text          0x00005454       0x74 BSP/\libhal_bsp.a(altera_avalon_jtag_uart_ioctl.o)
                0x00005454                altera_avalon_jtag_uart_ioctl
 .text          0x000054c8      0x168 BSP/\libhal_bsp.a(altera_avalon_jtag_uart_read.o)
                0x000054c8                altera_avalon_jtag_uart_read
 .text          0x00005630      0x17c BSP/\libhal_bsp.a(altera_avalon_jtag_uart_write.o)
                0x00005630                altera_avalon_jtag_uart_write
 .text          0x000057ac       0x80 BSP/\libhal_bsp.a(altera_avalon_timer_sc.o)
                0x000057ac                alt_avalon_timer_sc_init
 .text          0x0000582c      0x30c BSP/\libhal_bsp.a(altera_up_avalon_character_lcd.o)
                0x0000582c                get_DDRAM_addr
                0x00005848                alt_up_character_lcd_string
                0x00005894                alt_up_character_lcd_write
                0x000058c0                alt_up_character_lcd_write_fd
                0x000058e0                alt_up_character_lcd_init
                0x000058f0                alt_up_character_lcd_send_cmd
                0x00005900                alt_up_character_lcd_cursor_blink_on
                0x0000591c                alt_up_character_lcd_cursor_off
                0x00005938                alt_up_character_lcd_erase_pos
                0x000059a4                alt_up_character_lcd_shift_display
                0x00005a34                alt_up_character_lcd_shift_cursor
                0x00005ac4                alt_up_character_lcd_set_cursor_pos
                0x00005b18                alt_up_character_lcd_open_dev
 .text          0x00005b38      0x388 BSP/\libhal_bsp.a(altera_up_avalon_ps2.o)
                0x00005b38                read_RI_bit
                0x00005b44                read_RE_bit
                0x00005b4c                read_CE_bit
                0x00005b58                read_num_bytes_available
                0x00005b60                read_data_valid
                0x00005b6c                read_data_byte
                0x00005b74                alt_up_ps2_open_dev
                0x00005b94                alt_up_ps2_clear_fifo
                0x00005bc4                alt_up_ps2_read_data_byte
                0x00005c1c                alt_up_ps2_read_data_byte_timeout
                0x00005c9c                alt_up_ps2_read_fd
                0x00005cc4                alt_up_ps2_wait_for_ack
                0x00005d20                alt_up_ps2_write_data_byte
                0x00005d60                alt_up_ps2_write_fd
                0x00005dd0                alt_up_ps2_write_data_byte_with_ack
                0x00005e04                alt_up_ps2_init
                0x00005e8c                alt_up_ps2_disable_read_interrupt
                0x00005ea8                alt_up_ps2_enable_read_interrupt
 .text          0x00005ec0      0x1d4 BSP/\libhal_bsp.a(altera_up_avalon_rs232.o)
                0x00005ec0                alt_up_rs232_check_parity
                0x00005ecc                alt_up_rs232_open_dev
                0x00005eec                alt_up_rs232_read_data
                0x00005f38                alt_up_rs232_read_fd
                0x00005fb8                alt_up_rs232_get_available_space_in_write_FIFO
                0x00005fc8                alt_up_rs232_write_data
                0x00005fe0                alt_up_rs232_write_fd
                0x00006050                alt_up_rs232_disable_read_interrupt
                0x0000606c                alt_up_rs232_enable_read_interrupt
                0x00006084                alt_up_rs232_get_used_space_in_read_FIFO
 .text          0x00006094      0x178 BSP/\libhal_bsp.a(altera_up_avalon_video_character_buffer_with_dma.o)
                0x00006094                alt_up_char_buffer_string
                0x0000611c                alt_up_char_buffer_draw
                0x00006174                alt_up_char_buffer_clear
                0x0000619c                alt_up_char_buffer_open_dev
                0x000061bc                alt_up_char_buffer_init
 .text          0x0000620c      0xa50 BSP/\libhal_bsp.a(altera_up_avalon_video_pixel_buffer_dma.o)
                0x0000620c                helper_plot_pixel
                0x00006268                alt_up_pixel_buffer_dma_draw_line
                0x00006454                alt_up_pixel_buffer_dma_draw_vline
                0x000065e8                alt_up_pixel_buffer_dma_draw_hline
                0x0000675c                alt_up_pixel_buffer_dma_draw_rectangle
                0x0000682c                alt_up_pixel_buffer_dma_draw_box
                0x00006a70                alt_up_pixel_buffer_dma_clear_screen
                0x00006b24                alt_up_pixel_buffer_dma_swap_buffers
                0x00006b48                alt_up_pixel_buffer_dma_draw
                0x00006c04                alt_up_pixel_buffer_dma_check_swap_buffers_status
                0x00006c14                alt_up_pixel_buffer_dma_change_back_buffer_address
                0x00006c3c                alt_up_pixel_buffer_dma_open_dev
 .text          0x00006c5c       0x94 BSP/\libhal_bsp.a(alt_alarm_start.o)
                0x00006c5c                alt_alarm_start
 .text          0x00006cf0       0xdc BSP/\libhal_bsp.a(alt_close.o)
                0x00006cf0                close
 .text          0x00006dcc        0x4 BSP/\libhal_bsp.a(alt_dcache_flush_all.o)
                0x00006dcc                alt_dcache_flush_all
 .text          0x00006dd0        0x8 BSP/\libhal_bsp.a(alt_dev.o)
 .text          0x00006dd8       0x70 BSP/\libhal_bsp.a(alt_dev_llist_insert.o)
                0x00006dd8                alt_dev_llist_insert
 .text          0x00006e48        0x0 BSP/\libhal_bsp.a(alt_errno.o)
 .text          0x00006e48       0x70 BSP/\libhal_bsp.a(alt_find_dev.o)
                0x00006e48                alt_find_dev
 .text          0x00006eb8       0x20 BSP/\libhal_bsp.a(alt_icache_flush_all.o)
                0x00006eb8                alt_icache_flush_all
 .text          0x00006ed8       0xfc BSP/\libhal_bsp.a(alt_io_redirect.o)
                0x00006f3c                alt_io_redirect
 .text          0x00006fd4       0xbc BSP/\libhal_bsp.a(alt_irq_register.o)
                0x00006fd4                alt_irq_register
 .text          0x00007090        0x0 BSP/\libhal_bsp.a(alt_irq_vars.o)
 .text          0x00007090      0x17c BSP/\libhal_bsp.a(alt_open.o)
                0x00007090                open
 .text          0x0000720c       0x24 BSP/\libhal_bsp.a(alt_release_fd.o)
                0x0000720c                alt_release_fd
 .text          0x00007230       0xe0 BSP/\libhal_bsp.a(alt_tick.o)
                0x00007230                alt_alarm_stop
                0x00007264                alt_tick
 .text          0x00007310        0x8 BSP/\libhal_bsp.a(altera_nios2_irq.o)
                0x00007310                altera_nios2_irq_init
 .text          0x00007318       0xbc BSP/\libhal_bsp.a(alt_find_file.o)
                0x00007318                alt_find_file
 .text          0x000073d4       0x6c BSP/\libhal_bsp.a(alt_get_fd.o)
                0x000073d4                alt_get_fd
 .text          0x00007440       0x3c BSP/\libhal_bsp.a(alt_icache_flush.o)
                0x00007440                alt_icache_flush
 .text          0x0000747c        0x0 BSP/\libhal_bsp.a(alt_irq_entry.o)
 .text          0x0000747c        0x0 BSP/\libhal_bsp.a(alt_irq_handler.o)
 .text          0x0000747c        0x0 BSP/\libhal_bsp.a(alt_exception_entry.o)
 .text          0x0000747c       0x38 c:/altera/11.0/nios2eds/bin/gnu/h-i686-mingw32/bin/../lib/gcc/nios2-elf/4.1.2/../../../../nios2-elf/lib\libc.a(lib_a-exit.o)
                0x0000747c                exit
 .text          0x000074b4        0x0 c:/altera/11.0/nios2eds/bin/gnu/h-i686-mingw32/bin/../lib/gcc/nios2-elf/4.1.2/../../../../nios2-elf/lib\libc.a(lib_a-impure.o)
 .text          0x000074b4        0x0 c:/altera/11.0/nios2eds/bin/gnu/h-i686-mingw32/bin/../lib/gcc/nios2-elf/4.1.2/../../../../nios2-elf/lib\libc.a(lib_a-int_errno.o)
 .text          0x000074b4       0x74 c:/altera/11.0/nios2eds/bin/gnu/h-i686-mingw32/bin/../lib/gcc/nios2-elf/4.1.2/../../../../nios2-elf/lib\libc.a(lib_a-memcmp.o)
                0x000074b4                memcmp
 .text          0x00007528       0xa0 c:/altera/11.0/nios2eds/bin/gnu/h-i686-mingw32/bin/../lib/gcc/nios2-elf/4.1.2/../../../../nios2-elf/lib\libc.a(lib_a-memcpy.o)
                0x00007528                memcpy
 .text          0x000075c8      0x1ec c:/altera/11.0/nios2eds/bin/gnu/h-i686-mingw32/bin/../lib/gcc/nios2-elf/4.1.2/../../../../nios2-elf/lib\libc.a(lib_a-putc.o)
                0x000075c8                putc
                0x000076cc                _putc_r
 .text          0x000077b4       0xbc c:/altera/11.0/nios2eds/bin/gnu/h-i686-mingw32/bin/../lib/gcc/nios2-elf/4.1.2/../../../../nios2-elf/lib\libc.a(lib_a-strcmp.o)
                0x000077b4                strcmp
 .text          0x00007870       0x74 c:/altera/11.0/nios2eds/bin/gnu/h-i686-mingw32/bin/../lib/gcc/nios2-elf/4.1.2/../../../../nios2-elf/lib\libc.a(lib_a-strlen.o)
                0x00007870                strlen
 .text          0x000078e4      0x14c c:/altera/11.0/nios2eds/bin/gnu/h-i686-mingw32/bin/../lib/gcc/nios2-elf/4.1.2/../../../../nios2-elf/lib\libc.a(lib_a-wbuf.o)
                0x000078e4                __swbuf_r
                0x00007a14                __swbuf
 .text          0x00007a30      0x13c c:/altera/11.0/nios2eds/bin/gnu/h-i686-mingw32/bin/../lib/gcc/nios2-elf/4.1.2/../../../../nios2-elf/lib\libc.a(lib_a-wsetup.o)
                0x00007a30                __swsetup_r
 .text          0x00007b6c      0x1b4 c:/altera/11.0/nios2eds/bin/gnu/h-i686-mingw32/bin/../lib/gcc/nios2-elf/4.1.2/../../../../nios2-elf/lib\libc.a(lib_a-__call_atexit.o)
                0x00007b70                __call_exitprocs
 .text          0x00007d20      0x230 c:/altera/11.0/nios2eds/bin/gnu/h-i686-mingw32/bin/../lib/gcc/nios2-elf/4.1.2/../../../../nios2-elf/lib\libc.a(lib_a-fflush.o)
                0x00007d20                _fflush_r
                0x00007f1c                fflush
 .text          0x00007f50      0x2c0 c:/altera/11.0/nios2eds/bin/gnu/h-i686-mingw32/bin/../lib/gcc/nios2-elf/4.1.2/../../../../nios2-elf/lib\libc.a(lib_a-findfp.o)
                0x00007fa8                __sfp_lock_acquire
                0x00007fac                __sfp_lock_release
                0x00007fb0                __sinit_lock_acquire
                0x00007fb4                __sinit_lock_release
                0x00007fb8                __sinit
                0x0000806c                __fp_unlock_all
                0x00008084                __fp_lock_all
                0x0000809c                _cleanup_r
                0x000080a8                _cleanup
                0x000080b8                __sfmoreglue
                0x00008120                __sfp
 .text          0x00008210      0x440 c:/altera/11.0/nios2eds/bin/gnu/h-i686-mingw32/bin/../lib/gcc/nios2-elf/4.1.2/../../../../nios2-elf/lib\libc.a(lib_a-freer.o)
                0x00008210                _malloc_trim_r
                0x0000833c                _free_r
 .text          0x00008650      0x180 c:/altera/11.0/nios2eds/bin/gnu/h-i686-mingw32/bin/../lib/gcc/nios2-elf/4.1.2/../../../../nios2-elf/lib\libc.a(lib_a-fwalk.o)
                0x00008650                _fwalk_reent
                0x00008718                _fwalk
 .text          0x000087d0      0x194 c:/altera/11.0/nios2eds/bin/gnu/h-i686-mingw32/bin/../lib/gcc/nios2-elf/4.1.2/../../../../nios2-elf/lib\libc.a(lib_a-makebuf.o)
                0x000087d0                __smakebuf_r
 .text          0x00008964      0x740 c:/altera/11.0/nios2eds/bin/gnu/h-i686-mingw32/bin/../lib/gcc/nios2-elf/4.1.2/../../../../nios2-elf/lib\libc.a(lib_a-mallocr.o)
                0x00008964                _malloc_r
 .text          0x000090a4       0x70 c:/altera/11.0/nios2eds/bin/gnu/h-i686-mingw32/bin/../lib/gcc/nios2-elf/4.1.2/../../../../nios2-elf/lib\libc.a(lib_a-sbrkr.o)
                0x000090a4                _sbrk_r
 .text          0x00009114      0x14c c:/altera/11.0/nios2eds/bin/gnu/h-i686-mingw32/bin/../lib/gcc/nios2-elf/4.1.2/../../../../nios2-elf/lib\libc.a(lib_a-stdio.o)
                0x00009114                __sclose
                0x0000911c                __sseek
                0x00009184                __swrite
                0x00009200                __sread
 .text          0x00009260       0x78 c:/altera/11.0/nios2eds/bin/gnu/h-i686-mingw32/bin/../lib/gcc/nios2-elf/4.1.2/../../../../nios2-elf/lib\libc.a(lib_a-writer.o)
                0x00009260                _write_r
 .text          0x000092d8       0x70 c:/altera/11.0/nios2eds/bin/gnu/h-i686-mingw32/bin/../lib/gcc/nios2-elf/4.1.2/../../../../nios2-elf/lib\libc.a(lib_a-closer.o)
                0x000092d8                _close_r
 .text          0x00009348      0x124 c:/altera/11.0/nios2eds/bin/gnu/h-i686-mingw32/bin/../lib/gcc/nios2-elf/4.1.2/../../../../nios2-elf/lib\libc.a(lib_a-fclose.o)
                0x00009348                _fclose_r
                0x00009458                fclose
 .text          0x0000946c       0x74 c:/altera/11.0/nios2eds/bin/gnu/h-i686-mingw32/bin/../lib/gcc/nios2-elf/4.1.2/../../../../nios2-elf/lib\libc.a(lib_a-fstatr.o)
                0x0000946c                _fstat_r
 .text          0x000094e0       0x70 c:/altera/11.0/nios2eds/bin/gnu/h-i686-mingw32/bin/../lib/gcc/nios2-elf/4.1.2/../../../../nios2-elf/lib\libc.a(lib_a-isattyr.o)
                0x000094e0                _isatty_r
 .text          0x00009550       0x78 c:/altera/11.0/nios2eds/bin/gnu/h-i686-mingw32/bin/../lib/gcc/nios2-elf/4.1.2/../../../../nios2-elf/lib\libc.a(lib_a-lseekr.o)
                0x00009550                _lseek_r
 .text          0x000095c8       0x78 c:/altera/11.0/nios2eds/bin/gnu/h-i686-mingw32/bin/../lib/gcc/nios2-elf/4.1.2/../../../../nios2-elf/lib\libc.a(lib_a-readr.o)
                0x000095c8                _read_r
 .text          0x00009640       0x14 BSP/\libhal_bsp.a(alt_exit.o)
                0x00009640                _exit
 .text          0x00009654       0x80 BSP/\libhal_bsp.a(alt_fstat.o)
                0x00009654                fstat
 .text          0x000096d4       0x84 BSP/\libhal_bsp.a(alt_isatty.o)
                0x000096d4                isatty
 .text          0x00009758       0x98 BSP/\libhal_bsp.a(alt_lseek.o)
                0x00009758                lseek
 .text          0x000097f0        0x8 BSP/\libhal_bsp.a(alt_malloc_lock.o)
                0x000097f0                __malloc_lock
                0x000097f4                __malloc_unlock
 .text          0x000097f8       0xf8 BSP/\libhal_bsp.a(alt_read.o)
                0x000097f8                read
 .text          0x000098f0       0x50 BSP/\libhal_bsp.a(alt_sbrk.o)
                0x000098f0                sbrk
 .text          0x00009940       0xf4 BSP/\libhal_bsp.a(alt_write.o)
                0x00009940                write
 *(.gnu.warning.*)
 *(.fini)
                0x00009a34                PROVIDE (__etext, ABSOLUTE (.))
                0x00009a34                PROVIDE (_etext, ABSOLUTE (.))
                0x00009a34                PROVIDE (etext, ABSOLUTE (.))
 *(.eh_frame_hdr)
                0x00009a34                . = ALIGN (0x4)
                0x00009a34                PROVIDE (__preinit_array_start, ABSOLUTE (.))
 *(.preinit_array)
                0x00009a34                PROVIDE (__preinit_array_end, ABSOLUTE (.))
                0x00009a34                PROVIDE (__init_array_start, ABSOLUTE (.))
 *(.init_array)
                0x00009a34                PROVIDE (__init_array_end, ABSOLUTE (.))
                0x00009a34                PROVIDE (__fini_array_start, ABSOLUTE (.))
 *(.fini_array)
                0x00009a34                PROVIDE (__fini_array_end, ABSOLUTE (.))
 *(.eh_frame)
 *(.gcc_except_table)
 *(.dynamic)
                0x00009a34                PROVIDE (__CTOR_LIST__, ABSOLUTE (.))
 *(.ctors)
 *(SORT(.ctors.*))
 .ctors.65535   0x00009a34        0x4 c:/altera/11.0/nios2eds/bin/gnu/h-i686-mingw32/bin/../lib/gcc/nios2-elf/4.1.2/../../../../nios2-elf/lib\libc.a(lib_a-__call_atexit.o)
                0x00009a38                PROVIDE (__CTOR_END__, ABSOLUTE (.))
                0x00009a38                PROVIDE (__DTOR_LIST__, ABSOLUTE (.))
 *(.dtors)
 *(SORT(.dtors.*))
                0x00009a38                PROVIDE (__DTOR_END__, ABSOLUTE (.))
 *(.jcr)
                0x00009a38                . = ALIGN (0x4)

.rodata         0x00009a38      0x550
                0x00009a38                PROVIDE (__ram_rodata_start, ABSOLUTE (.))
                0x00009a38                . = ALIGN (0x4)
 *(.rodata .rodata.* .gnu.linkonce.r.*)
 .rodata.str1.4
                0x00009a38       0xdc obj//C/ece5760/lab2/lander/media_graphics_HAL.o
 .rodata        0x00009b14       0x50 obj//C/ece5760/lab2/lander/media_graphics_HAL.o
 .rodata        0x00009b64      0x188 c:/altera/11.0/nios2eds/bin/gnu/h-i686-mingw32/bin/../lib/gcc/nios2-elf/4.1.2/../../../../nios2-elf/lib\libm.a(lib_a-e_rem_pio2.o)
 .rodata        0x00009cec       0x50 c:/altera/11.0/nios2eds/bin/gnu/h-i686-mingw32/bin/../lib/gcc/nios2-elf/4.1.2/../../../../nios2-elf/lib\libm.a(lib_a-k_rem_pio2.o)
 .rodata        0x00009d3c       0x14 c:/altera/11.0/nios2eds/bin/gnu/h-i686-mingw32/bin/../lib/gcc/nios2-elf/4.1.2\libgcc.a(_thenan_df.o)
                0x00009d3c                __thenan_df
 .rodata        0x00009d50      0x100 c:/altera/11.0/nios2eds/bin/gnu/h-i686-mingw32/bin/../lib/gcc/nios2-elf/4.1.2\libgcc.a(_clz.o)
                0x00009d50                __clz_tab
 .rodata.str1.4
                0x00009e50        0xf BSP/\libhal_bsp.a(alt_main.o)
                                 0x10 (size before relaxing)
 *fill*         0x00009e5f        0x1 00
 .rodata.str1.4
                0x00009e60      0x116 BSP/\libhal_bsp.a(alt_sys_init.o)
                                0x140 (size before relaxing)
 .rodata.str1.4
                0x00000000      0x116 BSP/\libhal_bsp.a(altera_up_avalon_video_character_buffer_with_dma.o)
                                 0x1c (size before relaxing)
 *fill*         0x00009f76        0x2 00
 .rodata.str1.4
                0x00009f78        0xa BSP/\libhal_bsp.a(alt_dev.o)
                                  0xc (size before relaxing)
 *fill*         0x00009f82        0x2 00
 .rodata.str1.4
                0x00009f84        0x4 c:/altera/11.0/nios2eds/bin/gnu/h-i686-mingw32/bin/../lib/gcc/nios2-elf/4.1.2/../../../../nios2-elf/lib\libc.a(lib_a-impure.o)
 *(.rodata1)
                0x00009f88                . = ALIGN (0x4)
                0x00009f88                PROVIDE (__ram_rodata_end, ABSOLUTE (.))
                0x00009a38                PROVIDE (__flash_rodata_start, LOADADDR (.rodata))

.rwdata         0x00009f88     0x9f48 load address 0x00013ed0
                0x00009f88                PROVIDE (__ram_rwdata_start, ABSOLUTE (.))
                0x00009f88                . = ALIGN (0x4)
 *(.got.plt)
 *(.got)
 *(.data1)
 *(.data .data.* .gnu.linkonce.d.*)
 .data          0x00009f88        0x0 BSP//obj/HAL/src/crt0.o
 .data          0x00009f88     0x8214 obj//C/ece5760/lab2/lander/media_graphics_HAL.o
                0x00009f88                landers
 .data          0x0001219c        0x0 c:/altera/11.0/nios2eds/bin/gnu/h-i686-mingw32/bin/../lib/gcc/nios2-elf/4.1.2/../../../../nios2-elf/lib\libm.a(lib_a-s_cos.o)
 .data          0x0001219c        0x0 c:/altera/11.0/nios2eds/bin/gnu/h-i686-mingw32/bin/../lib/gcc/nios2-elf/4.1.2/../../../../nios2-elf/lib\libm.a(lib_a-s_sin.o)
 .data          0x0001219c        0x0 c:/altera/11.0/nios2eds/bin/gnu/h-i686-mingw32/bin/../lib/gcc/nios2-elf/4.1.2/../../../../nios2-elf/lib\libm.a(lib_a-e_rem_pio2.o)
 .data          0x0001219c        0x0 c:/altera/11.0/nios2eds/bin/gnu/h-i686-mingw32/bin/../lib/gcc/nios2-elf/4.1.2/../../../../nios2-elf/lib\libm.a(lib_a-k_cos.o)
 .data          0x0001219c        0x0 c:/altera/11.0/nios2eds/bin/gnu/h-i686-mingw32/bin/../lib/gcc/nios2-elf/4.1.2/../../../../nios2-elf/lib\libm.a(lib_a-k_rem_pio2.o)
 .data          0x0001219c        0x0 c:/altera/11.0/nios2eds/bin/gnu/h-i686-mingw32/bin/../lib/gcc/nios2-elf/4.1.2/../../../../nios2-elf/lib\libm.a(lib_a-k_sin.o)
 .data          0x0001219c        0x0 c:/altera/11.0/nios2eds/bin/gnu/h-i686-mingw32/bin/../lib/gcc/nios2-elf/4.1.2/../../../../nios2-elf/lib\libm.a(lib_a-s_fabs.o)
 .data          0x0001219c        0x0 c:/altera/11.0/nios2eds/bin/gnu/h-i686-mingw32/bin/../lib/gcc/nios2-elf/4.1.2/../../../../nios2-elf/lib\libm.a(lib_a-s_floor.o)
 .data          0x0001219c        0x0 c:/altera/11.0/nios2eds/bin/gnu/h-i686-mingw32/bin/../lib/gcc/nios2-elf/4.1.2/../../../../nios2-elf/lib\libm.a(lib_a-s_scalbn.o)
 .data          0x0001219c        0x0 c:/altera/11.0/nios2eds/bin/gnu/h-i686-mingw32/bin/../lib/gcc/nios2-elf/4.1.2/../../../../nios2-elf/lib\libm.a(lib_a-s_copysign.o)
 .data          0x0001219c        0x0 c:/altera/11.0/nios2eds/bin/gnu/h-i686-mingw32/bin/../lib/gcc/nios2-elf/4.1.2\libgcc.a(_eq_sf.o)
 .data          0x0001219c        0x0 c:/altera/11.0/nios2eds/bin/gnu/h-i686-mingw32/bin/../lib/gcc/nios2-elf/4.1.2\libgcc.a(_gt_sf.o)
 .data          0x0001219c        0x0 c:/altera/11.0/nios2eds/bin/gnu/h-i686-mingw32/bin/../lib/gcc/nios2-elf/4.1.2\libgcc.a(_ge_sf.o)
 .data          0x0001219c        0x0 c:/altera/11.0/nios2eds/bin/gnu/h-i686-mingw32/bin/../lib/gcc/nios2-elf/4.1.2\libgcc.a(_lt_sf.o)
 .data          0x0001219c        0x0 c:/altera/11.0/nios2eds/bin/gnu/h-i686-mingw32/bin/../lib/gcc/nios2-elf/4.1.2\libgcc.a(_le_sf.o)
 .data          0x0001219c        0x0 c:/altera/11.0/nios2eds/bin/gnu/h-i686-mingw32/bin/../lib/gcc/nios2-elf/4.1.2\libgcc.a(_sf_to_si.o)
 .data          0x0001219c        0x0 c:/altera/11.0/nios2eds/bin/gnu/h-i686-mingw32/bin/../lib/gcc/nios2-elf/4.1.2\libgcc.a(_sf_to_df.o)
 .data          0x0001219c        0x0 c:/altera/11.0/nios2eds/bin/gnu/h-i686-mingw32/bin/../lib/gcc/nios2-elf/4.1.2\libgcc.a(_usi_to_sf.o)
 .data          0x0001219c        0x0 c:/altera/11.0/nios2eds/bin/gnu/h-i686-mingw32/bin/../lib/gcc/nios2-elf/4.1.2\libgcc.a(_addsub_df.o)
 .data          0x0001219c        0x0 c:/altera/11.0/nios2eds/bin/gnu/h-i686-mingw32/bin/../lib/gcc/nios2-elf/4.1.2\libgcc.a(_mul_df.o)
 .data          0x0001219c        0x0 c:/altera/11.0/nios2eds/bin/gnu/h-i686-mingw32/bin/../lib/gcc/nios2-elf/4.1.2\libgcc.a(_eq_df.o)
 .data          0x0001219c        0x0 c:/altera/11.0/nios2eds/bin/gnu/h-i686-mingw32/bin/../lib/gcc/nios2-elf/4.1.2\libgcc.a(_gt_df.o)
 .data          0x0001219c        0x0 c:/altera/11.0/nios2eds/bin/gnu/h-i686-mingw32/bin/../lib/gcc/nios2-elf/4.1.2\libgcc.a(_ge_df.o)
 .data          0x0001219c        0x0 c:/altera/11.0/nios2eds/bin/gnu/h-i686-mingw32/bin/../lib/gcc/nios2-elf/4.1.2\libgcc.a(_si_to_df.o)
 .data          0x0001219c        0x0 c:/altera/11.0/nios2eds/bin/gnu/h-i686-mingw32/bin/../lib/gcc/nios2-elf/4.1.2\libgcc.a(_df_to_si.o)
 .data          0x0001219c        0x0 c:/altera/11.0/nios2eds/bin/gnu/h-i686-mingw32/bin/../lib/gcc/nios2-elf/4.1.2\libgcc.a(_make_df.o)
 .data          0x0001219c        0x0 c:/altera/11.0/nios2eds/bin/gnu/h-i686-mingw32/bin/../lib/gcc/nios2-elf/4.1.2\libgcc.a(_df_to_sf.o)
 .data          0x0001219c        0x0 c:/altera/11.0/nios2eds/bin/gnu/h-i686-mingw32/bin/../lib/gcc/nios2-elf/4.1.2\libgcc.a(_thenan_df.o)
 .data          0x0001219c        0x0 c:/altera/11.0/nios2eds/bin/gnu/h-i686-mingw32/bin/../lib/gcc/nios2-elf/4.1.2\libgcc.a(lib2-divmod.o)
 .data          0x0001219c        0x0 c:/altera/11.0/nios2eds/bin/gnu/h-i686-mingw32/bin/../lib/gcc/nios2-elf/4.1.2\libgcc.a(_muldi3.o)
 .data          0x0001219c        0x0 c:/altera/11.0/nios2eds/bin/gnu/h-i686-mingw32/bin/../lib/gcc/nios2-elf/4.1.2\libgcc.a(_clzsi2.o)
 .data          0x0001219c        0x0 c:/altera/11.0/nios2eds/bin/gnu/h-i686-mingw32/bin/../lib/gcc/nios2-elf/4.1.2\libgcc.a(_pack_sf.o)
 .data          0x0001219c        0x0 c:/altera/11.0/nios2eds/bin/gnu/h-i686-mingw32/bin/../lib/gcc/nios2-elf/4.1.2\libgcc.a(_unpack_sf.o)
 .data          0x0001219c        0x0 c:/altera/11.0/nios2eds/bin/gnu/h-i686-mingw32/bin/../lib/gcc/nios2-elf/4.1.2\libgcc.a(_fpcmp_parts_sf.o)
 .data          0x0001219c        0x0 c:/altera/11.0/nios2eds/bin/gnu/h-i686-mingw32/bin/../lib/gcc/nios2-elf/4.1.2\libgcc.a(_make_sf.o)
 .data          0x0001219c        0x0 c:/altera/11.0/nios2eds/bin/gnu/h-i686-mingw32/bin/../lib/gcc/nios2-elf/4.1.2\libgcc.a(_pack_df.o)
 .data          0x0001219c        0x0 c:/altera/11.0/nios2eds/bin/gnu/h-i686-mingw32/bin/../lib/gcc/nios2-elf/4.1.2\libgcc.a(_unpack_df.o)
 .data          0x0001219c        0x0 c:/altera/11.0/nios2eds/bin/gnu/h-i686-mingw32/bin/../lib/gcc/nios2-elf/4.1.2\libgcc.a(_fpcmp_parts_df.o)
 .data          0x0001219c        0x0 c:/altera/11.0/nios2eds/bin/gnu/h-i686-mingw32/bin/../lib/gcc/nios2-elf/4.1.2\libgcc.a(_clz.o)
 .data          0x0001219c        0x0 c:/altera/11.0/nios2eds/bin/gnu/h-i686-mingw32/bin/../lib/gcc/nios2-elf/4.1.2/../../../../nios2-elf/lib\libc.a(lib_a-memset.o)
 .data          0x0001219c        0x0 BSP/\libhal_bsp.a(alt_load.o)
 .data          0x0001219c        0x0 BSP/\libhal_bsp.a(alt_main.o)
 .data          0x0001219c        0x0 BSP/\libhal_bsp.a(alt_printf.o)
 .data          0x0001219c        0x0 BSP/\libhal_bsp.a(alt_putchar.o)
 .data          0x0001219c     0x134c BSP/\libhal_bsp.a(alt_sys_init.o)
 .data          0x000134e8        0x0 BSP/\libhal_bsp.a(altera_avalon_jtag_uart_fd.o)
 .data          0x000134e8        0x0 BSP/\libhal_bsp.a(altera_avalon_jtag_uart_init.o)
 .data          0x000134e8        0x0 BSP/\libhal_bsp.a(altera_avalon_jtag_uart_ioctl.o)
 .data          0x000134e8        0x0 BSP/\libhal_bsp.a(altera_avalon_jtag_uart_read.o)
 .data          0x000134e8        0x0 BSP/\libhal_bsp.a(altera_avalon_jtag_uart_write.o)
 .data          0x000134e8        0x0 BSP/\libhal_bsp.a(altera_avalon_timer_sc.o)
 .data          0x000134e8        0x0 BSP/\libhal_bsp.a(altera_up_avalon_character_lcd.o)
 .data          0x000134e8        0x0 BSP/\libhal_bsp.a(altera_up_avalon_ps2.o)
 .data          0x000134e8        0x0 BSP/\libhal_bsp.a(altera_up_avalon_rs232.o)
 .data          0x000134e8        0x0 BSP/\libhal_bsp.a(altera_up_avalon_video_character_buffer_with_dma.o)
 .data          0x000134e8        0x0 BSP/\libhal_bsp.a(altera_up_avalon_video_pixel_buffer_dma.o)
 .data          0x000134e8        0x0 BSP/\libhal_bsp.a(alt_alarm_start.o)
 .data          0x000134e8        0x0 BSP/\libhal_bsp.a(alt_close.o)
 .data          0x000134e8        0x0 BSP/\libhal_bsp.a(alt_dcache_flush_all.o)
 .data          0x000134e8      0x1a8 BSP/\libhal_bsp.a(alt_dev.o)
                0x000134e8                alt_dev_null
                0x00013510                alt_fd_list
 .data          0x00013690        0x0 BSP/\libhal_bsp.a(alt_dev_llist_insert.o)
 .data          0x00013690        0x0 BSP/\libhal_bsp.a(alt_errno.o)
 .data          0x00013690        0x0 BSP/\libhal_bsp.a(alt_find_dev.o)
 .data          0x00013690        0x0 BSP/\libhal_bsp.a(alt_icache_flush_all.o)
 .data          0x00013690        0x0 BSP/\libhal_bsp.a(alt_io_redirect.o)
 .data          0x00013690        0x0 BSP/\libhal_bsp.a(alt_irq_register.o)
 .data          0x00013690        0x0 BSP/\libhal_bsp.a(alt_irq_vars.o)
 .data          0x00013690        0x0 BSP/\libhal_bsp.a(alt_open.o)
 .data          0x00013690        0x0 BSP/\libhal_bsp.a(alt_release_fd.o)
 .data          0x00013690        0x0 BSP/\libhal_bsp.a(alt_tick.o)
 .data          0x00013690        0x0 BSP/\libhal_bsp.a(altera_nios2_irq.o)
 .data          0x00013690        0x0 BSP/\libhal_bsp.a(alt_find_file.o)
 .data          0x00013690        0x0 BSP/\libhal_bsp.a(alt_get_fd.o)
 .data          0x00013690        0x0 BSP/\libhal_bsp.a(alt_icache_flush.o)
 .data          0x00013690        0x0 BSP/\libhal_bsp.a(alt_irq_entry.o)
 .data          0x00013690        0x0 BSP/\libhal_bsp.a(alt_irq_handler.o)
 .data          0x00013690        0x0 BSP/\libhal_bsp.a(alt_exception_entry.o)
 .data          0x00013690        0x0 c:/altera/11.0/nios2eds/bin/gnu/h-i686-mingw32/bin/../lib/gcc/nios2-elf/4.1.2/../../../../nios2-elf/lib\libc.a(lib_a-exit.o)
 .data          0x00013690      0x400 c:/altera/11.0/nios2eds/bin/gnu/h-i686-mingw32/bin/../lib/gcc/nios2-elf/4.1.2/../../../../nios2-elf/lib\libc.a(lib_a-impure.o)
 .data          0x00013a90        0x0 c:/altera/11.0/nios2eds/bin/gnu/h-i686-mingw32/bin/../lib/gcc/nios2-elf/4.1.2/../../../../nios2-elf/lib\libc.a(lib_a-int_errno.o)
 .data          0x00013a90        0x0 c:/altera/11.0/nios2eds/bin/gnu/h-i686-mingw32/bin/../lib/gcc/nios2-elf/4.1.2/../../../../nios2-elf/lib\libc.a(lib_a-memcmp.o)
 .data          0x00013a90        0x0 c:/altera/11.0/nios2eds/bin/gnu/h-i686-mingw32/bin/../lib/gcc/nios2-elf/4.1.2/../../../../nios2-elf/lib\libc.a(lib_a-memcpy.o)
 .data          0x00013a90        0x0 c:/altera/11.0/nios2eds/bin/gnu/h-i686-mingw32/bin/../lib/gcc/nios2-elf/4.1.2/../../../../nios2-elf/lib\libc.a(lib_a-putc.o)
 .data          0x00013a90        0x0 c:/altera/11.0/nios2eds/bin/gnu/h-i686-mingw32/bin/../lib/gcc/nios2-elf/4.1.2/../../../../nios2-elf/lib\libc.a(lib_a-strcmp.o)
 .data          0x00013a90        0x0 c:/altera/11.0/nios2eds/bin/gnu/h-i686-mingw32/bin/../lib/gcc/nios2-elf/4.1.2/../../../../nios2-elf/lib\libc.a(lib_a-strlen.o)
 .data          0x00013a90        0x0 c:/altera/11.0/nios2eds/bin/gnu/h-i686-mingw32/bin/../lib/gcc/nios2-elf/4.1.2/../../../../nios2-elf/lib\libc.a(lib_a-wbuf.o)
 .data          0x00013a90        0x0 c:/altera/11.0/nios2eds/bin/gnu/h-i686-mingw32/bin/../lib/gcc/nios2-elf/4.1.2/../../../../nios2-elf/lib\libc.a(lib_a-wsetup.o)
 .data          0x00013a90        0x0 c:/altera/11.0/nios2eds/bin/gnu/h-i686-mingw32/bin/../lib/gcc/nios2-elf/4.1.2/../../../../nios2-elf/lib\libc.a(lib_a-__call_atexit.o)
 .data          0x00013a90        0x0 c:/altera/11.0/nios2eds/bin/gnu/h-i686-mingw32/bin/../lib/gcc/nios2-elf/4.1.2/../../../../nios2-elf/lib\libc.a(lib_a-fflush.o)
 .data          0x00013a90        0x0 c:/altera/11.0/nios2eds/bin/gnu/h-i686-mingw32/bin/../lib/gcc/nios2-elf/4.1.2/../../../../nios2-elf/lib\libc.a(lib_a-findfp.o)
 .data          0x00013a90        0x0 c:/altera/11.0/nios2eds/bin/gnu/h-i686-mingw32/bin/../lib/gcc/nios2-elf/4.1.2/../../../../nios2-elf/lib\libc.a(lib_a-freer.o)
 .data          0x00013a90        0x0 c:/altera/11.0/nios2eds/bin/gnu/h-i686-mingw32/bin/../lib/gcc/nios2-elf/4.1.2/../../../../nios2-elf/lib\libc.a(lib_a-fwalk.o)
 .data          0x00013a90        0x0 c:/altera/11.0/nios2eds/bin/gnu/h-i686-mingw32/bin/../lib/gcc/nios2-elf/4.1.2/../../../../nios2-elf/lib\libc.a(lib_a-makebuf.o)
 .data          0x00013a90      0x408 c:/altera/11.0/nios2eds/bin/gnu/h-i686-mingw32/bin/../lib/gcc/nios2-elf/4.1.2/../../../../nios2-elf/lib\libc.a(lib_a-mallocr.o)
                0x00013a90                __malloc_av_
 .data          0x00013e98        0x0 c:/altera/11.0/nios2eds/bin/gnu/h-i686-mingw32/bin/../lib/gcc/nios2-elf/4.1.2/../../../../nios2-elf/lib\libc.a(lib_a-sbrkr.o)
 .data          0x00013e98        0x0 c:/altera/11.0/nios2eds/bin/gnu/h-i686-mingw32/bin/../lib/gcc/nios2-elf/4.1.2/../../../../nios2-elf/lib\libc.a(lib_a-stdio.o)
 .data          0x00013e98        0x0 c:/altera/11.0/nios2eds/bin/gnu/h-i686-mingw32/bin/../lib/gcc/nios2-elf/4.1.2/../../../../nios2-elf/lib\libc.a(lib_a-writer.o)
 .data          0x00013e98        0x0 c:/altera/11.0/nios2eds/bin/gnu/h-i686-mingw32/bin/../lib/gcc/nios2-elf/4.1.2/../../../../nios2-elf/lib\libc.a(lib_a-closer.o)
 .data          0x00013e98        0x0 c:/altera/11.0/nios2eds/bin/gnu/h-i686-mingw32/bin/../lib/gcc/nios2-elf/4.1.2/../../../../nios2-elf/lib\libc.a(lib_a-fclose.o)
 .data          0x00013e98        0x0 c:/altera/11.0/nios2eds/bin/gnu/h-i686-mingw32/bin/../lib/gcc/nios2-elf/4.1.2/../../../../nios2-elf/lib\libc.a(lib_a-fstatr.o)
 .data          0x00013e98        0x0 c:/altera/11.0/nios2eds/bin/gnu/h-i686-mingw32/bin/../lib/gcc/nios2-elf/4.1.2/../../../../nios2-elf/lib\libc.a(lib_a-isattyr.o)
 .data          0x00013e98        0x0 c:/altera/11.0/nios2eds/bin/gnu/h-i686-mingw32/bin/../lib/gcc/nios2-elf/4.1.2/../../../../nios2-elf/lib\libc.a(lib_a-lseekr.o)
 .data          0x00013e98        0x0 c:/altera/11.0/nios2eds/bin/gnu/h-i686-mingw32/bin/../lib/gcc/nios2-elf/4.1.2/../../../../nios2-elf/lib\libc.a(lib_a-readr.o)
 .data          0x00013e98        0x0 BSP/\libhal_bsp.a(alt_exit.o)
 .data          0x00013e98        0x0 BSP/\libhal_bsp.a(alt_fstat.o)
 .data          0x00013e98        0x0 BSP/\libhal_bsp.a(alt_isatty.o)
 .data          0x00013e98        0x0 BSP/\libhal_bsp.a(alt_lseek.o)
 .data          0x00013e98        0x0 BSP/\libhal_bsp.a(alt_malloc_lock.o)
 .data          0x00013e98        0x0 BSP/\libhal_bsp.a(alt_read.o)
 .data          0x00013e98        0x0 BSP/\libhal_bsp.a(alt_sbrk.o)
 .data          0x00013e98        0x0 BSP/\libhal_bsp.a(alt_write.o)
                0x0001be98                _gp = ABSOLUTE ((. + 0x8000))
                0x0001be98                PROVIDE (gp, _gp)
 *(.rwdata .rwdata.*)
 *(.sdata .sdata.* .gnu.linkonce.s.*)
 .sdata         0x00013e98       0x14 BSP/\libhal_bsp.a(alt_dev.o)
                0x00013e98                alt_fs_list
                0x00013ea0                alt_dev_list
                0x00013ea8                alt_max_fd
 .sdata         0x00013eac        0x4 BSP/\libhal_bsp.a(alt_errno.o)
                0x00013eac                alt_errno
 .sdata         0x00013eb0        0x4 BSP/\libhal_bsp.a(alt_irq_vars.o)
                0x00013eb0                alt_priority_mask
 .sdata         0x00013eb4        0x8 BSP/\libhal_bsp.a(alt_tick.o)
                0x00013eb4                alt_alarm_list
 .sdata         0x00013ebc        0x8 c:/altera/11.0/nios2eds/bin/gnu/h-i686-mingw32/bin/../lib/gcc/nios2-elf/4.1.2/../../../../nios2-elf/lib\libc.a(lib_a-impure.o)
                0x00013ebc                _impure_ptr
                0x00013ec0                _global_impure_ptr
 .sdata         0x00013ec4        0x8 c:/altera/11.0/nios2eds/bin/gnu/h-i686-mingw32/bin/../lib/gcc/nios2-elf/4.1.2/../../../../nios2-elf/lib\libc.a(lib_a-mallocr.o)
                0x00013ec4                __malloc_trim_threshold
                0x00013ec8                __malloc_sbrk_base
 .sdata         0x00013ecc        0x4 BSP/\libhal_bsp.a(alt_sbrk.o)
 *(.sdata2 .sdata2.* .gnu.linkonce.s2.*)
                0x00013ed0                . = ALIGN (0x4)
                0x00013ed0                _edata = ABSOLUTE (.)
                0x00013ed0                PROVIDE (edata, ABSOLUTE (.))
                0x00013ed0                PROVIDE (__ram_rwdata_end, ABSOLUTE (.))
                0x00013ed0                PROVIDE (__flash_rwdata_start, LOADADDR (.rwdata))

.bss            0x0001de18      0x150
                0x0001de18                __bss_start = ABSOLUTE (.)
                0x0001de18                PROVIDE (__sbss_start, ABSOLUTE (.))
                0x0001de18                PROVIDE (___sbss_start, ABSOLUTE (.))
 *(.dynsbss)
 *(.sbss .sbss.* .gnu.linkonce.sb.*)
 .sbss          0x0001de18        0xc BSP/\libhal_bsp.a(alt_main.o)
                0x0001de18                alt_argc
                0x0001de1c                alt_argv
                0x0001de20                alt_envp
 .sbss          0x0001de24        0x4 BSP/\libhal_bsp.a(alt_irq_vars.o)
                0x0001de24                alt_irq_active
 .sbss          0x0001de28        0x8 BSP/\libhal_bsp.a(alt_tick.o)
                0x0001de28                _alt_tick_rate
                0x0001de2c                _alt_nticks
 .sbss          0x0001de30        0x4 c:/altera/11.0/nios2eds/bin/gnu/h-i686-mingw32/bin/../lib/gcc/nios2-elf/4.1.2/../../../../nios2-elf/lib\libc.a(lib_a-int_errno.o)
                0x0001de30                errno
 .sbss          0x0001de34        0xc c:/altera/11.0/nios2eds/bin/gnu/h-i686-mingw32/bin/../lib/gcc/nios2-elf/4.1.2/../../../../nios2-elf/lib\libc.a(lib_a-mallocr.o)
                0x0001de34                __malloc_top_pad
                0x0001de38                __malloc_max_sbrked_mem
                0x0001de3c                __malloc_max_total_mem
 *(.sbss2 .sbss2.* .gnu.linkonce.sb2.*)
 *(.scommon)
                0x0001de40                PROVIDE (__sbss_end, ABSOLUTE (.))
                0x0001de40                PROVIDE (___sbss_end, ABSOLUTE (.))
 *(.dynbss)
 *(.bss .bss.* .gnu.linkonce.b.*)
 .bss           0x0001de40        0x0 BSP//obj/HAL/src/crt0.o
 .bss           0x0001de40        0x0 obj//C/ece5760/lab2/lander/media_graphics_HAL.o
 .bss           0x0001de40        0x0 c:/altera/11.0/nios2eds/bin/gnu/h-i686-mingw32/bin/../lib/gcc/nios2-elf/4.1.2/../../../../nios2-elf/lib\libm.a(lib_a-s_cos.o)
 .bss           0x0001de40        0x0 c:/altera/11.0/nios2eds/bin/gnu/h-i686-mingw32/bin/../lib/gcc/nios2-elf/4.1.2/../../../../nios2-elf/lib\libm.a(lib_a-s_sin.o)
 .bss           0x0001de40        0x0 c:/altera/11.0/nios2eds/bin/gnu/h-i686-mingw32/bin/../lib/gcc/nios2-elf/4.1.2/../../../../nios2-elf/lib\libm.a(lib_a-e_rem_pio2.o)
 .bss           0x0001de40        0x0 c:/altera/11.0/nios2eds/bin/gnu/h-i686-mingw32/bin/../lib/gcc/nios2-elf/4.1.2/../../../../nios2-elf/lib\libm.a(lib_a-k_cos.o)
 .bss           0x0001de40        0x0 c:/altera/11.0/nios2eds/bin/gnu/h-i686-mingw32/bin/../lib/gcc/nios2-elf/4.1.2/../../../../nios2-elf/lib\libm.a(lib_a-k_rem_pio2.o)
 .bss           0x0001de40        0x0 c:/altera/11.0/nios2eds/bin/gnu/h-i686-mingw32/bin/../lib/gcc/nios2-elf/4.1.2/../../../../nios2-elf/lib\libm.a(lib_a-k_sin.o)
 .bss           0x0001de40        0x0 c:/altera/11.0/nios2eds/bin/gnu/h-i686-mingw32/bin/../lib/gcc/nios2-elf/4.1.2/../../../../nios2-elf/lib\libm.a(lib_a-s_fabs.o)
 .bss           0x0001de40        0x0 c:/altera/11.0/nios2eds/bin/gnu/h-i686-mingw32/bin/../lib/gcc/nios2-elf/4.1.2/../../../../nios2-elf/lib\libm.a(lib_a-s_floor.o)
 .bss           0x0001de40        0x0 c:/altera/11.0/nios2eds/bin/gnu/h-i686-mingw32/bin/../lib/gcc/nios2-elf/4.1.2/../../../../nios2-elf/lib\libm.a(lib_a-s_scalbn.o)
 .bss           0x0001de40        0x0 c:/altera/11.0/nios2eds/bin/gnu/h-i686-mingw32/bin/../lib/gcc/nios2-elf/4.1.2/../../../../nios2-elf/lib\libm.a(lib_a-s_copysign.o)
 .bss           0x0001de40        0x0 c:/altera/11.0/nios2eds/bin/gnu/h-i686-mingw32/bin/../lib/gcc/nios2-elf/4.1.2\libgcc.a(_eq_sf.o)
 .bss           0x0001de40        0x0 c:/altera/11.0/nios2eds/bin/gnu/h-i686-mingw32/bin/../lib/gcc/nios2-elf/4.1.2\libgcc.a(_gt_sf.o)
 .bss           0x0001de40        0x0 c:/altera/11.0/nios2eds/bin/gnu/h-i686-mingw32/bin/../lib/gcc/nios2-elf/4.1.2\libgcc.a(_ge_sf.o)
 .bss           0x0001de40        0x0 c:/altera/11.0/nios2eds/bin/gnu/h-i686-mingw32/bin/../lib/gcc/nios2-elf/4.1.2\libgcc.a(_lt_sf.o)
 .bss           0x0001de40        0x0 c:/altera/11.0/nios2eds/bin/gnu/h-i686-mingw32/bin/../lib/gcc/nios2-elf/4.1.2\libgcc.a(_le_sf.o)
 .bss           0x0001de40        0x0 c:/altera/11.0/nios2eds/bin/gnu/h-i686-mingw32/bin/../lib/gcc/nios2-elf/4.1.2\libgcc.a(_sf_to_si.o)
 .bss           0x0001de40        0x0 c:/altera/11.0/nios2eds/bin/gnu/h-i686-mingw32/bin/../lib/gcc/nios2-elf/4.1.2\libgcc.a(_sf_to_df.o)
 .bss           0x0001de40        0x0 c:/altera/11.0/nios2eds/bin/gnu/h-i686-mingw32/bin/../lib/gcc/nios2-elf/4.1.2\libgcc.a(_usi_to_sf.o)
 .bss           0x0001de40        0x0 c:/altera/11.0/nios2eds/bin/gnu/h-i686-mingw32/bin/../lib/gcc/nios2-elf/4.1.2\libgcc.a(_addsub_df.o)
 .bss           0x0001de40        0x0 c:/altera/11.0/nios2eds/bin/gnu/h-i686-mingw32/bin/../lib/gcc/nios2-elf/4.1.2\libgcc.a(_mul_df.o)
 .bss           0x0001de40        0x0 c:/altera/11.0/nios2eds/bin/gnu/h-i686-mingw32/bin/../lib/gcc/nios2-elf/4.1.2\libgcc.a(_eq_df.o)
 .bss           0x0001de40        0x0 c:/altera/11.0/nios2eds/bin/gnu/h-i686-mingw32/bin/../lib/gcc/nios2-elf/4.1.2\libgcc.a(_gt_df.o)
 .bss           0x0001de40        0x0 c:/altera/11.0/nios2eds/bin/gnu/h-i686-mingw32/bin/../lib/gcc/nios2-elf/4.1.2\libgcc.a(_ge_df.o)
 .bss           0x0001de40        0x0 c:/altera/11.0/nios2eds/bin/gnu/h-i686-mingw32/bin/../lib/gcc/nios2-elf/4.1.2\libgcc.a(_si_to_df.o)
 .bss           0x0001de40        0x0 c:/altera/11.0/nios2eds/bin/gnu/h-i686-mingw32/bin/../lib/gcc/nios2-elf/4.1.2\libgcc.a(_df_to_si.o)
 .bss           0x0001de40        0x0 c:/altera/11.0/nios2eds/bin/gnu/h-i686-mingw32/bin/../lib/gcc/nios2-elf/4.1.2\libgcc.a(_make_df.o)
 .bss           0x0001de40        0x0 c:/altera/11.0/nios2eds/bin/gnu/h-i686-mingw32/bin/../lib/gcc/nios2-elf/4.1.2\libgcc.a(_df_to_sf.o)
 .bss           0x0001de40        0x0 c:/altera/11.0/nios2eds/bin/gnu/h-i686-mingw32/bin/../lib/gcc/nios2-elf/4.1.2\libgcc.a(_thenan_df.o)
 .bss           0x0001de40        0x0 c:/altera/11.0/nios2eds/bin/gnu/h-i686-mingw32/bin/../lib/gcc/nios2-elf/4.1.2\libgcc.a(lib2-divmod.o)
 .bss           0x0001de40        0x0 c:/altera/11.0/nios2eds/bin/gnu/h-i686-mingw32/bin/../lib/gcc/nios2-elf/4.1.2\libgcc.a(_muldi3.o)
 .bss           0x0001de40        0x0 c:/altera/11.0/nios2eds/bin/gnu/h-i686-mingw32/bin/../lib/gcc/nios2-elf/4.1.2\libgcc.a(_clzsi2.o)
 .bss           0x0001de40        0x0 c:/altera/11.0/nios2eds/bin/gnu/h-i686-mingw32/bin/../lib/gcc/nios2-elf/4.1.2\libgcc.a(_pack_sf.o)
 .bss           0x0001de40        0x0 c:/altera/11.0/nios2eds/bin/gnu/h-i686-mingw32/bin/../lib/gcc/nios2-elf/4.1.2\libgcc.a(_unpack_sf.o)
 .bss           0x0001de40        0x0 c:/altera/11.0/nios2eds/bin/gnu/h-i686-mingw32/bin/../lib/gcc/nios2-elf/4.1.2\libgcc.a(_fpcmp_parts_sf.o)
 .bss           0x0001de40        0x0 c:/altera/11.0/nios2eds/bin/gnu/h-i686-mingw32/bin/../lib/gcc/nios2-elf/4.1.2\libgcc.a(_make_sf.o)
 .bss           0x0001de40        0x0 c:/altera/11.0/nios2eds/bin/gnu/h-i686-mingw32/bin/../lib/gcc/nios2-elf/4.1.2\libgcc.a(_pack_df.o)
 .bss           0x0001de40        0x0 c:/altera/11.0/nios2eds/bin/gnu/h-i686-mingw32/bin/../lib/gcc/nios2-elf/4.1.2\libgcc.a(_unpack_df.o)
 .bss           0x0001de40        0x0 c:/altera/11.0/nios2eds/bin/gnu/h-i686-mingw32/bin/../lib/gcc/nios2-elf/4.1.2\libgcc.a(_fpcmp_parts_df.o)
 .bss           0x0001de40        0x0 c:/altera/11.0/nios2eds/bin/gnu/h-i686-mingw32/bin/../lib/gcc/nios2-elf/4.1.2\libgcc.a(_clz.o)
 .bss           0x0001de40        0x0 c:/altera/11.0/nios2eds/bin/gnu/h-i686-mingw32/bin/../lib/gcc/nios2-elf/4.1.2/../../../../nios2-elf/lib\libc.a(lib_a-memset.o)
 .bss           0x0001de40        0x0 BSP/\libhal_bsp.a(alt_load.o)
 .bss           0x0001de40        0x0 BSP/\libhal_bsp.a(alt_main.o)
 .bss           0x0001de40        0x0 BSP/\libhal_bsp.a(alt_printf.o)
 .bss           0x0001de40        0x0 BSP/\libhal_bsp.a(alt_putchar.o)
 .bss           0x0001de40        0x0 BSP/\libhal_bsp.a(alt_sys_init.o)
 .bss           0x0001de40        0x0 BSP/\libhal_bsp.a(altera_avalon_jtag_uart_fd.o)
 .bss           0x0001de40        0x0 BSP/\libhal_bsp.a(altera_avalon_jtag_uart_init.o)
 .bss           0x0001de40        0x0 BSP/\libhal_bsp.a(altera_avalon_jtag_uart_ioctl.o)
 .bss           0x0001de40        0x0 BSP/\libhal_bsp.a(altera_avalon_jtag_uart_read.o)
 .bss           0x0001de40        0x0 BSP/\libhal_bsp.a(altera_avalon_jtag_uart_write.o)
 .bss           0x0001de40        0x0 BSP/\libhal_bsp.a(altera_avalon_timer_sc.o)
 .bss           0x0001de40        0x0 BSP/\libhal_bsp.a(altera_up_avalon_character_lcd.o)
 .bss           0x0001de40        0x0 BSP/\libhal_bsp.a(altera_up_avalon_ps2.o)
 .bss           0x0001de40        0x0 BSP/\libhal_bsp.a(altera_up_avalon_rs232.o)
 .bss           0x0001de40        0x0 BSP/\libhal_bsp.a(altera_up_avalon_video_character_buffer_with_dma.o)
 .bss           0x0001de40        0x0 BSP/\libhal_bsp.a(altera_up_avalon_video_pixel_buffer_dma.o)
 .bss           0x0001de40        0x0 BSP/\libhal_bsp.a(alt_alarm_start.o)
 .bss           0x0001de40        0x0 BSP/\libhal_bsp.a(alt_close.o)
 .bss           0x0001de40        0x0 BSP/\libhal_bsp.a(alt_dcache_flush_all.o)
 .bss           0x0001de40        0x0 BSP/\libhal_bsp.a(alt_dev.o)
 .bss           0x0001de40        0x0 BSP/\libhal_bsp.a(alt_dev_llist_insert.o)
 .bss           0x0001de40        0x0 BSP/\libhal_bsp.a(alt_errno.o)
 .bss           0x0001de40        0x0 BSP/\libhal_bsp.a(alt_find_dev.o)
 .bss           0x0001de40        0x0 BSP/\libhal_bsp.a(alt_icache_flush_all.o)
 .bss           0x0001de40        0x0 BSP/\libhal_bsp.a(alt_io_redirect.o)
 .bss           0x0001de40        0x0 BSP/\libhal_bsp.a(alt_irq_register.o)
 .bss           0x0001de40        0x0 BSP/\libhal_bsp.a(alt_irq_vars.o)
 .bss           0x0001de40        0x0 BSP/\libhal_bsp.a(alt_open.o)
 .bss           0x0001de40        0x0 BSP/\libhal_bsp.a(alt_release_fd.o)
 .bss           0x0001de40        0x0 BSP/\libhal_bsp.a(alt_tick.o)
 .bss           0x0001de40        0x0 BSP/\libhal_bsp.a(altera_nios2_irq.o)
 .bss           0x0001de40        0x0 BSP/\libhal_bsp.a(alt_find_file.o)
 .bss           0x0001de40        0x0 BSP/\libhal_bsp.a(alt_get_fd.o)
 .bss           0x0001de40        0x0 BSP/\libhal_bsp.a(alt_icache_flush.o)
 .bss           0x0001de40        0x0 BSP/\libhal_bsp.a(alt_irq_entry.o)
 .bss           0x0001de40        0x0 BSP/\libhal_bsp.a(alt_irq_handler.o)
 .bss           0x0001de40        0x0 BSP/\libhal_bsp.a(alt_exception_entry.o)
 .bss           0x0001de40        0x0 c:/altera/11.0/nios2eds/bin/gnu/h-i686-mingw32/bin/../lib/gcc/nios2-elf/4.1.2/../../../../nios2-elf/lib\libc.a(lib_a-exit.o)
 .bss           0x0001de40        0x0 c:/altera/11.0/nios2eds/bin/gnu/h-i686-mingw32/bin/../lib/gcc/nios2-elf/4.1.2/../../../../nios2-elf/lib\libc.a(lib_a-impure.o)
 .bss           0x0001de40        0x0 c:/altera/11.0/nios2eds/bin/gnu/h-i686-mingw32/bin/../lib/gcc/nios2-elf/4.1.2/../../../../nios2-elf/lib\libc.a(lib_a-int_errno.o)
 .bss           0x0001de40        0x0 c:/altera/11.0/nios2eds/bin/gnu/h-i686-mingw32/bin/../lib/gcc/nios2-elf/4.1.2/../../../../nios2-elf/lib\libc.a(lib_a-memcmp.o)
 .bss           0x0001de40        0x0 c:/altera/11.0/nios2eds/bin/gnu/h-i686-mingw32/bin/../lib/gcc/nios2-elf/4.1.2/../../../../nios2-elf/lib\libc.a(lib_a-memcpy.o)
 .bss           0x0001de40        0x0 c:/altera/11.0/nios2eds/bin/gnu/h-i686-mingw32/bin/../lib/gcc/nios2-elf/4.1.2/../../../../nios2-elf/lib\libc.a(lib_a-putc.o)
 .bss           0x0001de40        0x0 c:/altera/11.0/nios2eds/bin/gnu/h-i686-mingw32/bin/../lib/gcc/nios2-elf/4.1.2/../../../../nios2-elf/lib\libc.a(lib_a-strcmp.o)
 .bss           0x0001de40        0x0 c:/altera/11.0/nios2eds/bin/gnu/h-i686-mingw32/bin/../lib/gcc/nios2-elf/4.1.2/../../../../nios2-elf/lib\libc.a(lib_a-strlen.o)
 .bss           0x0001de40        0x0 c:/altera/11.0/nios2eds/bin/gnu/h-i686-mingw32/bin/../lib/gcc/nios2-elf/4.1.2/../../../../nios2-elf/lib\libc.a(lib_a-wbuf.o)
 .bss           0x0001de40        0x0 c:/altera/11.0/nios2eds/bin/gnu/h-i686-mingw32/bin/../lib/gcc/nios2-elf/4.1.2/../../../../nios2-elf/lib\libc.a(lib_a-wsetup.o)
 .bss           0x0001de40        0x0 c:/altera/11.0/nios2eds/bin/gnu/h-i686-mingw32/bin/../lib/gcc/nios2-elf/4.1.2/../../../../nios2-elf/lib\libc.a(lib_a-__call_atexit.o)
 .bss           0x0001de40        0x0 c:/altera/11.0/nios2eds/bin/gnu/h-i686-mingw32/bin/../lib/gcc/nios2-elf/4.1.2/../../../../nios2-elf/lib\libc.a(lib_a-fflush.o)
 .bss           0x0001de40        0x0 c:/altera/11.0/nios2eds/bin/gnu/h-i686-mingw32/bin/../lib/gcc/nios2-elf/4.1.2/../../../../nios2-elf/lib\libc.a(lib_a-findfp.o)
 .bss           0x0001de40        0x0 c:/altera/11.0/nios2eds/bin/gnu/h-i686-mingw32/bin/../lib/gcc/nios2-elf/4.1.2/../../../../nios2-elf/lib\libc.a(lib_a-freer.o)
 .bss           0x0001de40        0x0 c:/altera/11.0/nios2eds/bin/gnu/h-i686-mingw32/bin/../lib/gcc/nios2-elf/4.1.2/../../../../nios2-elf/lib\libc.a(lib_a-fwalk.o)
 .bss           0x0001de40        0x0 c:/altera/11.0/nios2eds/bin/gnu/h-i686-mingw32/bin/../lib/gcc/nios2-elf/4.1.2/../../../../nios2-elf/lib\libc.a(lib_a-makebuf.o)
 .bss           0x0001de40       0x28 c:/altera/11.0/nios2eds/bin/gnu/h-i686-mingw32/bin/../lib/gcc/nios2-elf/4.1.2/../../../../nios2-elf/lib\libc.a(lib_a-mallocr.o)
                0x0001de40                __malloc_current_mallinfo
 .bss           0x0001de68        0x0 c:/altera/11.0/nios2eds/bin/gnu/h-i686-mingw32/bin/../lib/gcc/nios2-elf/4.1.2/../../../../nios2-elf/lib\libc.a(lib_a-sbrkr.o)
 .bss           0x0001de68        0x0 c:/altera/11.0/nios2eds/bin/gnu/h-i686-mingw32/bin/../lib/gcc/nios2-elf/4.1.2/../../../../nios2-elf/lib\libc.a(lib_a-stdio.o)
 .bss           0x0001de68        0x0 c:/altera/11.0/nios2eds/bin/gnu/h-i686-mingw32/bin/../lib/gcc/nios2-elf/4.1.2/../../../../nios2-elf/lib\libc.a(lib_a-writer.o)
 .bss           0x0001de68        0x0 c:/altera/11.0/nios2eds/bin/gnu/h-i686-mingw32/bin/../lib/gcc/nios2-elf/4.1.2/../../../../nios2-elf/lib\libc.a(lib_a-closer.o)
 .bss           0x0001de68        0x0 c:/altera/11.0/nios2eds/bin/gnu/h-i686-mingw32/bin/../lib/gcc/nios2-elf/4.1.2/../../../../nios2-elf/lib\libc.a(lib_a-fclose.o)
 .bss           0x0001de68        0x0 c:/altera/11.0/nios2eds/bin/gnu/h-i686-mingw32/bin/../lib/gcc/nios2-elf/4.1.2/../../../../nios2-elf/lib\libc.a(lib_a-fstatr.o)
 .bss           0x0001de68        0x0 c:/altera/11.0/nios2eds/bin/gnu/h-i686-mingw32/bin/../lib/gcc/nios2-elf/4.1.2/../../../../nios2-elf/lib\libc.a(lib_a-isattyr.o)
 .bss           0x0001de68        0x0 c:/altera/11.0/nios2eds/bin/gnu/h-i686-mingw32/bin/../lib/gcc/nios2-elf/4.1.2/../../../../nios2-elf/lib\libc.a(lib_a-lseekr.o)
 .bss           0x0001de68        0x0 c:/altera/11.0/nios2eds/bin/gnu/h-i686-mingw32/bin/../lib/gcc/nios2-elf/4.1.2/../../../../nios2-elf/lib\libc.a(lib_a-readr.o)
 .bss           0x0001de68        0x0 BSP/\libhal_bsp.a(alt_exit.o)
 .bss           0x0001de68        0x0 BSP/\libhal_bsp.a(alt_fstat.o)
 .bss           0x0001de68        0x0 BSP/\libhal_bsp.a(alt_isatty.o)
 .bss           0x0001de68        0x0 BSP/\libhal_bsp.a(alt_lseek.o)
 .bss           0x0001de68        0x0 BSP/\libhal_bsp.a(alt_malloc_lock.o)
 .bss           0x0001de68        0x0 BSP/\libhal_bsp.a(alt_read.o)
 .bss           0x0001de68        0x0 BSP/\libhal_bsp.a(alt_sbrk.o)
 .bss           0x0001de68        0x0 BSP/\libhal_bsp.a(alt_write.o)
 *(COMMON)
 COMMON         0x0001de68      0x100 BSP/\libhal_bsp.a(alt_irq_handler.o)
                0x0001de68                alt_irq
                0x0001df68                . = ALIGN (0x4)
                0x0001df68                __bss_end = ABSOLUTE (.)

.SDRAM          0x0001df68        0x0
                0x0001df68                PROVIDE (_alt_partition_SDRAM_start, ABSOLUTE (.))
 *(.SDRAM. SDRAM.*)
                0x0001df68                . = ALIGN (0x4)
                0x0001df68                PROVIDE (_alt_partition_SDRAM_end, ABSOLUTE (.))
                0x0001df68                _end = ABSOLUTE (.)
                0x0001df68                end = ABSOLUTE (.)
                0x0001df68                __alt_stack_base = ABSOLUTE (.)
                0x0001df68                PROVIDE (_alt_partition_SDRAM_load_addr, LOADADDR (.SDRAM))

.stab
 *(.stab)

.stabstr
 *(.stabstr)

.stab.excl
 *(.stab.excl)

.stab.exclstr
 *(.stab.exclstr)

.stab.index
 *(.stab.index)

.stab.indexstr
 *(.stab.indexstr)

.comment        0x00000000       0x23
 *(.comment)
 .comment       0x00000000       0x23 obj//C/ece5760/lab2/lander/media_graphics_HAL.o
                                 0x24 (size before relaxing)
 .comment       0x00000000       0x24 c:/altera/11.0/nios2eds/bin/gnu/h-i686-mingw32/bin/../lib/gcc/nios2-elf/4.1.2/../../../../nios2-elf/lib\libm.a(lib_a-s_cos.o)
 .comment       0x00000000       0x24 c:/altera/11.0/nios2eds/bin/gnu/h-i686-mingw32/bin/../lib/gcc/nios2-elf/4.1.2/../../../../nios2-elf/lib\libm.a(lib_a-s_sin.o)
 .comment       0x00000000       0x24 c:/altera/11.0/nios2eds/bin/gnu/h-i686-mingw32/bin/../lib/gcc/nios2-elf/4.1.2/../../../../nios2-elf/lib\libm.a(lib_a-e_rem_pio2.o)
 .comment       0x00000000       0x24 c:/altera/11.0/nios2eds/bin/gnu/h-i686-mingw32/bin/../lib/gcc/nios2-elf/4.1.2/../../../../nios2-elf/lib\libm.a(lib_a-k_cos.o)
 .comment       0x00000000       0x24 c:/altera/11.0/nios2eds/bin/gnu/h-i686-mingw32/bin/../lib/gcc/nios2-elf/4.1.2/../../../../nios2-elf/lib\libm.a(lib_a-k_rem_pio2.o)
 .comment       0x00000000       0x24 c:/altera/11.0/nios2eds/bin/gnu/h-i686-mingw32/bin/../lib/gcc/nios2-elf/4.1.2/../../../../nios2-elf/lib\libm.a(lib_a-k_sin.o)
 .comment       0x00000000       0x24 c:/altera/11.0/nios2eds/bin/gnu/h-i686-mingw32/bin/../lib/gcc/nios2-elf/4.1.2/../../../../nios2-elf/lib\libm.a(lib_a-s_fabs.o)
 .comment       0x00000000       0x24 c:/altera/11.0/nios2eds/bin/gnu/h-i686-mingw32/bin/../lib/gcc/nios2-elf/4.1.2/../../../../nios2-elf/lib\libm.a(lib_a-s_floor.o)
 .comment       0x00000000       0x24 c:/altera/11.0/nios2eds/bin/gnu/h-i686-mingw32/bin/../lib/gcc/nios2-elf/4.1.2/../../../../nios2-elf/lib\libm.a(lib_a-s_scalbn.o)
 .comment       0x00000000       0x24 c:/altera/11.0/nios2eds/bin/gnu/h-i686-mingw32/bin/../lib/gcc/nios2-elf/4.1.2/../../../../nios2-elf/lib\libm.a(lib_a-s_copysign.o)
 .comment       0x00000000       0x24 c:/altera/11.0/nios2eds/bin/gnu/h-i686-mingw32/bin/../lib/gcc/nios2-elf/4.1.2\libgcc.a(_eq_sf.o)
 .comment       0x00000000       0x24 c:/altera/11.0/nios2eds/bin/gnu/h-i686-mingw32/bin/../lib/gcc/nios2-elf/4.1.2\libgcc.a(_gt_sf.o)
 .comment       0x00000000       0x24 c:/altera/11.0/nios2eds/bin/gnu/h-i686-mingw32/bin/../lib/gcc/nios2-elf/4.1.2\libgcc.a(_ge_sf.o)
 .comment       0x00000000       0x24 c:/altera/11.0/nios2eds/bin/gnu/h-i686-mingw32/bin/../lib/gcc/nios2-elf/4.1.2\libgcc.a(_lt_sf.o)
 .comment       0x00000000       0x24 c:/altera/11.0/nios2eds/bin/gnu/h-i686-mingw32/bin/../lib/gcc/nios2-elf/4.1.2\libgcc.a(_le_sf.o)
 .comment       0x00000000       0x24 c:/altera/11.0/nios2eds/bin/gnu/h-i686-mingw32/bin/../lib/gcc/nios2-elf/4.1.2\libgcc.a(_sf_to_si.o)
 .comment       0x00000000       0x24 c:/altera/11.0/nios2eds/bin/gnu/h-i686-mingw32/bin/../lib/gcc/nios2-elf/4.1.2\libgcc.a(_sf_to_df.o)
 .comment       0x00000000       0x24 c:/altera/11.0/nios2eds/bin/gnu/h-i686-mingw32/bin/../lib/gcc/nios2-elf/4.1.2\libgcc.a(_usi_to_sf.o)
 .comment       0x00000000       0x24 c:/altera/11.0/nios2eds/bin/gnu/h-i686-mingw32/bin/../lib/gcc/nios2-elf/4.1.2\libgcc.a(_addsub_df.o)
 .comment       0x00000000       0x24 c:/altera/11.0/nios2eds/bin/gnu/h-i686-mingw32/bin/../lib/gcc/nios2-elf/4.1.2\libgcc.a(_mul_df.o)
 .comment       0x00000000       0x24 c:/altera/11.0/nios2eds/bin/gnu/h-i686-mingw32/bin/../lib/gcc/nios2-elf/4.1.2\libgcc.a(_eq_df.o)
 .comment       0x00000000       0x24 c:/altera/11.0/nios2eds/bin/gnu/h-i686-mingw32/bin/../lib/gcc/nios2-elf/4.1.2\libgcc.a(_gt_df.o)
 .comment       0x00000000       0x24 c:/altera/11.0/nios2eds/bin/gnu/h-i686-mingw32/bin/../lib/gcc/nios2-elf/4.1.2\libgcc.a(_ge_df.o)
 .comment       0x00000000       0x24 c:/altera/11.0/nios2eds/bin/gnu/h-i686-mingw32/bin/../lib/gcc/nios2-elf/4.1.2\libgcc.a(_si_to_df.o)
 .comment       0x00000000       0x24 c:/altera/11.0/nios2eds/bin/gnu/h-i686-mingw32/bin/../lib/gcc/nios2-elf/4.1.2\libgcc.a(_df_to_si.o)
 .comment       0x00000000       0x24 c:/altera/11.0/nios2eds/bin/gnu/h-i686-mingw32/bin/../lib/gcc/nios2-elf/4.1.2\libgcc.a(_make_df.o)
 .comment       0x00000000       0x24 c:/altera/11.0/nios2eds/bin/gnu/h-i686-mingw32/bin/../lib/gcc/nios2-elf/4.1.2\libgcc.a(_df_to_sf.o)
 .comment       0x00000000       0x24 c:/altera/11.0/nios2eds/bin/gnu/h-i686-mingw32/bin/../lib/gcc/nios2-elf/4.1.2\libgcc.a(_thenan_df.o)
 .comment       0x00000000       0x24 c:/altera/11.0/nios2eds/bin/gnu/h-i686-mingw32/bin/../lib/gcc/nios2-elf/4.1.2\libgcc.a(lib2-divmod.o)
 .comment       0x00000000       0x24 c:/altera/11.0/nios2eds/bin/gnu/h-i686-mingw32/bin/../lib/gcc/nios2-elf/4.1.2\libgcc.a(_muldi3.o)
 .comment       0x00000000       0x24 c:/altera/11.0/nios2eds/bin/gnu/h-i686-mingw32/bin/../lib/gcc/nios2-elf/4.1.2\libgcc.a(_clzsi2.o)
 .comment       0x00000000       0x24 c:/altera/11.0/nios2eds/bin/gnu/h-i686-mingw32/bin/../lib/gcc/nios2-elf/4.1.2\libgcc.a(_pack_sf.o)
 .comment       0x00000000       0x24 c:/altera/11.0/nios2eds/bin/gnu/h-i686-mingw32/bin/../lib/gcc/nios2-elf/4.1.2\libgcc.a(_unpack_sf.o)
 .comment       0x00000000       0x24 c:/altera/11.0/nios2eds/bin/gnu/h-i686-mingw32/bin/../lib/gcc/nios2-elf/4.1.2\libgcc.a(_fpcmp_parts_sf.o)
 .comment       0x00000000       0x24 c:/altera/11.0/nios2eds/bin/gnu/h-i686-mingw32/bin/../lib/gcc/nios2-elf/4.1.2\libgcc.a(_make_sf.o)
 .comment       0x00000000       0x24 c:/altera/11.0/nios2eds/bin/gnu/h-i686-mingw32/bin/../lib/gcc/nios2-elf/4.1.2\libgcc.a(_pack_df.o)
 .comment       0x00000000       0x24 c:/altera/11.0/nios2eds/bin/gnu/h-i686-mingw32/bin/../lib/gcc/nios2-elf/4.1.2\libgcc.a(_unpack_df.o)
 .comment       0x00000000       0x24 c:/altera/11.0/nios2eds/bin/gnu/h-i686-mingw32/bin/../lib/gcc/nios2-elf/4.1.2\libgcc.a(_fpcmp_parts_df.o)
 .comment       0x00000000       0x24 c:/altera/11.0/nios2eds/bin/gnu/h-i686-mingw32/bin/../lib/gcc/nios2-elf/4.1.2\libgcc.a(_clz.o)
 .comment       0x00000000       0x24 c:/altera/11.0/nios2eds/bin/gnu/h-i686-mingw32/bin/../lib/gcc/nios2-elf/4.1.2/../../../../nios2-elf/lib\libc.a(lib_a-memset.o)
 .comment       0x00000000       0x24 BSP/\libhal_bsp.a(alt_load.o)
 .comment       0x00000000       0x24 BSP/\libhal_bsp.a(alt_main.o)
 .comment       0x00000000       0x24 BSP/\libhal_bsp.a(alt_printf.o)
 .comment       0x00000000       0x24 BSP/\libhal_bsp.a(alt_putchar.o)
 .comment       0x00000000       0x24 BSP/\libhal_bsp.a(alt_sys_init.o)
 .comment       0x00000000       0x24 BSP/\libhal_bsp.a(altera_avalon_jtag_uart_fd.o)
 .comment       0x00000000       0x24 BSP/\libhal_bsp.a(altera_avalon_jtag_uart_init.o)
 .comment       0x00000000       0x24 BSP/\libhal_bsp.a(altera_avalon_jtag_uart_ioctl.o)
 .comment       0x00000000       0x24 BSP/\libhal_bsp.a(altera_avalon_jtag_uart_read.o)
 .comment       0x00000000       0x24 BSP/\libhal_bsp.a(altera_avalon_jtag_uart_write.o)
 .comment       0x00000000       0x24 BSP/\libhal_bsp.a(altera_avalon_timer_sc.o)
 .comment       0x00000000       0x24 BSP/\libhal_bsp.a(altera_up_avalon_character_lcd.o)
 .comment       0x00000000       0x24 BSP/\libhal_bsp.a(altera_up_avalon_ps2.o)
 .comment       0x00000000       0x24 BSP/\libhal_bsp.a(altera_up_avalon_rs232.o)
 .comment       0x00000000       0x24 BSP/\libhal_bsp.a(altera_up_avalon_video_character_buffer_with_dma.o)
 .comment       0x00000000       0x24 BSP/\libhal_bsp.a(altera_up_avalon_video_pixel_buffer_dma.o)
 .comment       0x00000000       0x24 BSP/\libhal_bsp.a(alt_alarm_start.o)
 .comment       0x00000000       0x24 BSP/\libhal_bsp.a(alt_close.o)
 .comment       0x00000000       0x24 BSP/\libhal_bsp.a(alt_dcache_flush_all.o)
 .comment       0x00000000       0x24 BSP/\libhal_bsp.a(alt_dev.o)
 .comment       0x00000000       0x24 BSP/\libhal_bsp.a(alt_dev_llist_insert.o)
 .comment       0x00000000       0x24 BSP/\libhal_bsp.a(alt_errno.o)
 .comment       0x00000000       0x24 BSP/\libhal_bsp.a(alt_find_dev.o)
 .comment       0x00000000       0x24 BSP/\libhal_bsp.a(alt_icache_flush_all.o)
 .comment       0x00000000       0x24 BSP/\libhal_bsp.a(alt_io_redirect.o)
 .comment       0x00000000       0x24 BSP/\libhal_bsp.a(alt_irq_register.o)
 .comment       0x00000000       0x24 BSP/\libhal_bsp.a(alt_irq_vars.o)
 .comment       0x00000000       0x24 BSP/\libhal_bsp.a(alt_open.o)
 .comment       0x00000000       0x24 BSP/\libhal_bsp.a(alt_release_fd.o)
 .comment       0x00000000       0x24 BSP/\libhal_bsp.a(alt_tick.o)
 .comment       0x00000000       0x24 BSP/\libhal_bsp.a(altera_nios2_irq.o)
 .comment       0x00000000       0x24 BSP/\libhal_bsp.a(alt_find_file.o)
 .comment       0x00000000       0x24 BSP/\libhal_bsp.a(alt_get_fd.o)
 .comment       0x00000000       0x24 BSP/\libhal_bsp.a(alt_icache_flush.o)
 .comment       0x00000000       0x24 BSP/\libhal_bsp.a(alt_irq_handler.o)
 .comment       0x00000000       0x24 c:/altera/11.0/nios2eds/bin/gnu/h-i686-mingw32/bin/../lib/gcc/nios2-elf/4.1.2/../../../../nios2-elf/lib\libc.a(lib_a-exit.o)
 .comment       0x00000000       0x24 c:/altera/11.0/nios2eds/bin/gnu/h-i686-mingw32/bin/../lib/gcc/nios2-elf/4.1.2/../../../../nios2-elf/lib\libc.a(lib_a-impure.o)
 .comment       0x00000000       0x24 c:/altera/11.0/nios2eds/bin/gnu/h-i686-mingw32/bin/../lib/gcc/nios2-elf/4.1.2/../../../../nios2-elf/lib\libc.a(lib_a-int_errno.o)
 .comment       0x00000000       0x24 c:/altera/11.0/nios2eds/bin/gnu/h-i686-mingw32/bin/../lib/gcc/nios2-elf/4.1.2/../../../../nios2-elf/lib\libc.a(lib_a-memcmp.o)
 .comment       0x00000000       0x24 c:/altera/11.0/nios2eds/bin/gnu/h-i686-mingw32/bin/../lib/gcc/nios2-elf/4.1.2/../../../../nios2-elf/lib\libc.a(lib_a-memcpy.o)
 .comment       0x00000000       0x24 c:/altera/11.0/nios2eds/bin/gnu/h-i686-mingw32/bin/../lib/gcc/nios2-elf/4.1.2/../../../../nios2-elf/lib\libc.a(lib_a-putc.o)
 .comment       0x00000000       0x24 c:/altera/11.0/nios2eds/bin/gnu/h-i686-mingw32/bin/../lib/gcc/nios2-elf/4.1.2/../../../../nios2-elf/lib\libc.a(lib_a-strcmp.o)
 .comment       0x00000000       0x24 c:/altera/11.0/nios2eds/bin/gnu/h-i686-mingw32/bin/../lib/gcc/nios2-elf/4.1.2/../../../../nios2-elf/lib\libc.a(lib_a-strlen.o)
 .comment       0x00000000       0x24 c:/altera/11.0/nios2eds/bin/gnu/h-i686-mingw32/bin/../lib/gcc/nios2-elf/4.1.2/../../../../nios2-elf/lib\libc.a(lib_a-wbuf.o)
 .comment       0x00000000       0x24 c:/altera/11.0/nios2eds/bin/gnu/h-i686-mingw32/bin/../lib/gcc/nios2-elf/4.1.2/../../../../nios2-elf/lib\libc.a(lib_a-wsetup.o)
 .comment       0x00000000       0x24 c:/altera/11.0/nios2eds/bin/gnu/h-i686-mingw32/bin/../lib/gcc/nios2-elf/4.1.2/../../../../nios2-elf/lib\libc.a(lib_a-__call_atexit.o)
 .comment       0x00000000       0x24 c:/altera/11.0/nios2eds/bin/gnu/h-i686-mingw32/bin/../lib/gcc/nios2-elf/4.1.2/../../../../nios2-elf/lib\libc.a(lib_a-fflush.o)
 .comment       0x00000000       0x24 c:/altera/11.0/nios2eds/bin/gnu/h-i686-mingw32/bin/../lib/gcc/nios2-elf/4.1.2/../../../../nios2-elf/lib\libc.a(lib_a-findfp.o)
 .comment       0x00000000       0x24 c:/altera/11.0/nios2eds/bin/gnu/h-i686-mingw32/bin/../lib/gcc/nios2-elf/4.1.2/../../../../nios2-elf/lib\libc.a(lib_a-freer.o)
 .comment       0x00000000       0x24 c:/altera/11.0/nios2eds/bin/gnu/h-i686-mingw32/bin/../lib/gcc/nios2-elf/4.1.2/../../../../nios2-elf/lib\libc.a(lib_a-fwalk.o)
 .comment       0x00000000       0x24 c:/altera/11.0/nios2eds/bin/gnu/h-i686-mingw32/bin/../lib/gcc/nios2-elf/4.1.2/../../../../nios2-elf/lib\libc.a(lib_a-makebuf.o)
 .comment       0x00000000       0x24 c:/altera/11.0/nios2eds/bin/gnu/h-i686-mingw32/bin/../lib/gcc/nios2-elf/4.1.2/../../../../nios2-elf/lib\libc.a(lib_a-mallocr.o)
 .comment       0x00000000       0x24 c:/altera/11.0/nios2eds/bin/gnu/h-i686-mingw32/bin/../lib/gcc/nios2-elf/4.1.2/../../../../nios2-elf/lib\libc.a(lib_a-sbrkr.o)
 .comment       0x00000000       0x24 c:/altera/11.0/nios2eds/bin/gnu/h-i686-mingw32/bin/../lib/gcc/nios2-elf/4.1.2/../../../../nios2-elf/lib\libc.a(lib_a-stdio.o)
 .comment       0x00000000       0x24 c:/altera/11.0/nios2eds/bin/gnu/h-i686-mingw32/bin/../lib/gcc/nios2-elf/4.1.2/../../../../nios2-elf/lib\libc.a(lib_a-writer.o)
 .comment       0x00000000       0x24 c:/altera/11.0/nios2eds/bin/gnu/h-i686-mingw32/bin/../lib/gcc/nios2-elf/4.1.2/../../../../nios2-elf/lib\libc.a(lib_a-closer.o)
 .comment       0x00000000       0x24 c:/altera/11.0/nios2eds/bin/gnu/h-i686-mingw32/bin/../lib/gcc/nios2-elf/4.1.2/../../../../nios2-elf/lib\libc.a(lib_a-fclose.o)
 .comment       0x00000000       0x24 c:/altera/11.0/nios2eds/bin/gnu/h-i686-mingw32/bin/../lib/gcc/nios2-elf/4.1.2/../../../../nios2-elf/lib\libc.a(lib_a-fstatr.o)
 .comment       0x00000000       0x24 c:/altera/11.0/nios2eds/bin/gnu/h-i686-mingw32/bin/../lib/gcc/nios2-elf/4.1.2/../../../../nios2-elf/lib\libc.a(lib_a-isattyr.o)
 .comment       0x00000000       0x24 c:/altera/11.0/nios2eds/bin/gnu/h-i686-mingw32/bin/../lib/gcc/nios2-elf/4.1.2/../../../../nios2-elf/lib\libc.a(lib_a-lseekr.o)
 .comment       0x00000000       0x24 c:/altera/11.0/nios2eds/bin/gnu/h-i686-mingw32/bin/../lib/gcc/nios2-elf/4.1.2/../../../../nios2-elf/lib\libc.a(lib_a-readr.o)
 .comment       0x00000000       0x24 BSP/\libhal_bsp.a(alt_exit.o)
 .comment       0x00000000       0x24 BSP/\libhal_bsp.a(alt_fstat.o)
 .comment       0x00000000       0x24 BSP/\libhal_bsp.a(alt_isatty.o)
 .comment       0x00000000       0x24 BSP/\libhal_bsp.a(alt_lseek.o)
 .comment       0x00000000       0x24 BSP/\libhal_bsp.a(alt_malloc_lock.o)
 .comment       0x00000000       0x24 BSP/\libhal_bsp.a(alt_read.o)
 .comment       0x00000000       0x24 BSP/\libhal_bsp.a(alt_sbrk.o)
 .comment       0x00000000       0x24 BSP/\libhal_bsp.a(alt_write.o)

.debug
 *(.debug)

.line
 *(.line)

.debug_srcinfo
 *(.debug_srcinfo)

.debug_sfnames
 *(.debug_sfnames)

.debug_aranges  0x00000000      0xd98
 *(.debug_aranges)
 .debug_aranges
                0x00000000       0x28 BSP//obj/HAL/src/crt0.o
 .debug_aranges
                0x00000028       0x20 obj//C/ece5760/lab2/lander/media_graphics_HAL.o
 .debug_aranges
                0x00000048       0x20 c:/altera/11.0/nios2eds/bin/gnu/h-i686-mingw32/bin/../lib/gcc/nios2-elf/4.1.2/../../../../nios2-elf/lib\libm.a(lib_a-s_cos.o)
 .debug_aranges
                0x00000068       0x20 c:/altera/11.0/nios2eds/bin/gnu/h-i686-mingw32/bin/../lib/gcc/nios2-elf/4.1.2/../../../../nios2-elf/lib\libm.a(lib_a-s_sin.o)
 .debug_aranges
                0x00000088       0x20 c:/altera/11.0/nios2eds/bin/gnu/h-i686-mingw32/bin/../lib/gcc/nios2-elf/4.1.2/../../../../nios2-elf/lib\libm.a(lib_a-e_rem_pio2.o)
 .debug_aranges
                0x000000a8       0x20 c:/altera/11.0/nios2eds/bin/gnu/h-i686-mingw32/bin/../lib/gcc/nios2-elf/4.1.2/../../../../nios2-elf/lib\libm.a(lib_a-k_cos.o)
 .debug_aranges
                0x000000c8       0x20 c:/altera/11.0/nios2eds/bin/gnu/h-i686-mingw32/bin/../lib/gcc/nios2-elf/4.1.2/../../../../nios2-elf/lib\libm.a(lib_a-k_rem_pio2.o)
 .debug_aranges
                0x000000e8       0x20 c:/altera/11.0/nios2eds/bin/gnu/h-i686-mingw32/bin/../lib/gcc/nios2-elf/4.1.2/../../../../nios2-elf/lib\libm.a(lib_a-k_sin.o)
 .debug_aranges
                0x00000108       0x20 c:/altera/11.0/nios2eds/bin/gnu/h-i686-mingw32/bin/../lib/gcc/nios2-elf/4.1.2/../../../../nios2-elf/lib\libm.a(lib_a-s_fabs.o)
 .debug_aranges
                0x00000128       0x20 c:/altera/11.0/nios2eds/bin/gnu/h-i686-mingw32/bin/../lib/gcc/nios2-elf/4.1.2/../../../../nios2-elf/lib\libm.a(lib_a-s_floor.o)
 .debug_aranges
                0x00000148       0x20 c:/altera/11.0/nios2eds/bin/gnu/h-i686-mingw32/bin/../lib/gcc/nios2-elf/4.1.2/../../../../nios2-elf/lib\libm.a(lib_a-s_scalbn.o)
 .debug_aranges
                0x00000168       0x20 c:/altera/11.0/nios2eds/bin/gnu/h-i686-mingw32/bin/../lib/gcc/nios2-elf/4.1.2/../../../../nios2-elf/lib\libm.a(lib_a-s_copysign.o)
 .debug_aranges
                0x00000188       0x20 c:/altera/11.0/nios2eds/bin/gnu/h-i686-mingw32/bin/../lib/gcc/nios2-elf/4.1.2\libgcc.a(_eq_sf.o)
 .debug_aranges
                0x000001a8       0x20 c:/altera/11.0/nios2eds/bin/gnu/h-i686-mingw32/bin/../lib/gcc/nios2-elf/4.1.2\libgcc.a(_gt_sf.o)
 .debug_aranges
                0x000001c8       0x20 c:/altera/11.0/nios2eds/bin/gnu/h-i686-mingw32/bin/../lib/gcc/nios2-elf/4.1.2\libgcc.a(_ge_sf.o)
 .debug_aranges
                0x000001e8       0x20 c:/altera/11.0/nios2eds/bin/gnu/h-i686-mingw32/bin/../lib/gcc/nios2-elf/4.1.2\libgcc.a(_lt_sf.o)
 .debug_aranges
                0x00000208       0x20 c:/altera/11.0/nios2eds/bin/gnu/h-i686-mingw32/bin/../lib/gcc/nios2-elf/4.1.2\libgcc.a(_le_sf.o)
 .debug_aranges
                0x00000228       0x20 c:/altera/11.0/nios2eds/bin/gnu/h-i686-mingw32/bin/../lib/gcc/nios2-elf/4.1.2\libgcc.a(_sf_to_si.o)
 .debug_aranges
                0x00000248       0x20 c:/altera/11.0/nios2eds/bin/gnu/h-i686-mingw32/bin/../lib/gcc/nios2-elf/4.1.2\libgcc.a(_sf_to_df.o)
 .debug_aranges
                0x00000268       0x20 c:/altera/11.0/nios2eds/bin/gnu/h-i686-mingw32/bin/../lib/gcc/nios2-elf/4.1.2\libgcc.a(_usi_to_sf.o)
 .debug_aranges
                0x00000288       0x20 c:/altera/11.0/nios2eds/bin/gnu/h-i686-mingw32/bin/../lib/gcc/nios2-elf/4.1.2\libgcc.a(_addsub_df.o)
 .debug_aranges
                0x000002a8       0x20 c:/altera/11.0/nios2eds/bin/gnu/h-i686-mingw32/bin/../lib/gcc/nios2-elf/4.1.2\libgcc.a(_mul_df.o)
 .debug_aranges
                0x000002c8       0x20 c:/altera/11.0/nios2eds/bin/gnu/h-i686-mingw32/bin/../lib/gcc/nios2-elf/4.1.2\libgcc.a(_eq_df.o)
 .debug_aranges
                0x000002e8       0x20 c:/altera/11.0/nios2eds/bin/gnu/h-i686-mingw32/bin/../lib/gcc/nios2-elf/4.1.2\libgcc.a(_gt_df.o)
 .debug_aranges
                0x00000308       0x20 c:/altera/11.0/nios2eds/bin/gnu/h-i686-mingw32/bin/../lib/gcc/nios2-elf/4.1.2\libgcc.a(_ge_df.o)
 .debug_aranges
                0x00000328       0x20 c:/altera/11.0/nios2eds/bin/gnu/h-i686-mingw32/bin/../lib/gcc/nios2-elf/4.1.2\libgcc.a(_si_to_df.o)
 .debug_aranges
                0x00000348       0x20 c:/altera/11.0/nios2eds/bin/gnu/h-i686-mingw32/bin/../lib/gcc/nios2-elf/4.1.2\libgcc.a(_df_to_si.o)
 .debug_aranges
                0x00000368       0x20 c:/altera/11.0/nios2eds/bin/gnu/h-i686-mingw32/bin/../lib/gcc/nios2-elf/4.1.2\libgcc.a(_make_df.o)
 .debug_aranges
                0x00000388       0x20 c:/altera/11.0/nios2eds/bin/gnu/h-i686-mingw32/bin/../lib/gcc/nios2-elf/4.1.2\libgcc.a(_df_to_sf.o)
 .debug_aranges
                0x000003a8       0x20 c:/altera/11.0/nios2eds/bin/gnu/h-i686-mingw32/bin/../lib/gcc/nios2-elf/4.1.2\libgcc.a(lib2-divmod.o)
 .debug_aranges
                0x000003c8       0x20 c:/altera/11.0/nios2eds/bin/gnu/h-i686-mingw32/bin/../lib/gcc/nios2-elf/4.1.2\libgcc.a(_muldi3.o)
 .debug_aranges
                0x000003e8       0x20 c:/altera/11.0/nios2eds/bin/gnu/h-i686-mingw32/bin/../lib/gcc/nios2-elf/4.1.2\libgcc.a(_clzsi2.o)
 .debug_aranges
                0x00000408       0x20 c:/altera/11.0/nios2eds/bin/gnu/h-i686-mingw32/bin/../lib/gcc/nios2-elf/4.1.2\libgcc.a(_pack_sf.o)
 .debug_aranges
                0x00000428       0x20 c:/altera/11.0/nios2eds/bin/gnu/h-i686-mingw32/bin/../lib/gcc/nios2-elf/4.1.2\libgcc.a(_unpack_sf.o)
 .debug_aranges
                0x00000448       0x20 c:/altera/11.0/nios2eds/bin/gnu/h-i686-mingw32/bin/../lib/gcc/nios2-elf/4.1.2\libgcc.a(_fpcmp_parts_sf.o)
 .debug_aranges
                0x00000468       0x20 c:/altera/11.0/nios2eds/bin/gnu/h-i686-mingw32/bin/../lib/gcc/nios2-elf/4.1.2\libgcc.a(_make_sf.o)
 .debug_aranges
                0x00000488       0x20 c:/altera/11.0/nios2eds/bin/gnu/h-i686-mingw32/bin/../lib/gcc/nios2-elf/4.1.2\libgcc.a(_pack_df.o)
 .debug_aranges
                0x000004a8       0x20 c:/altera/11.0/nios2eds/bin/gnu/h-i686-mingw32/bin/../lib/gcc/nios2-elf/4.1.2\libgcc.a(_unpack_df.o)
 .debug_aranges
                0x000004c8       0x20 c:/altera/11.0/nios2eds/bin/gnu/h-i686-mingw32/bin/../lib/gcc/nios2-elf/4.1.2\libgcc.a(_fpcmp_parts_df.o)
 .debug_aranges
                0x000004e8       0x20 c:/altera/11.0/nios2eds/bin/gnu/h-i686-mingw32/bin/../lib/gcc/nios2-elf/4.1.2/../../../../nios2-elf/lib\libc.a(lib_a-memset.o)
 .debug_aranges
                0x00000508       0x20 BSP/\libhal_bsp.a(alt_load.o)
 .debug_aranges
                0x00000528       0x20 BSP/\libhal_bsp.a(alt_main.o)
 .debug_aranges
                0x00000548       0x20 BSP/\libhal_bsp.a(alt_printf.o)
 .debug_aranges
                0x00000568       0x20 BSP/\libhal_bsp.a(alt_putchar.o)
 .debug_aranges
                0x00000588       0x20 BSP/\libhal_bsp.a(alt_sys_init.o)
 .debug_aranges
                0x000005a8       0x20 BSP/\libhal_bsp.a(altera_avalon_jtag_uart_fd.o)
 .debug_aranges
                0x000005c8       0x20 BSP/\libhal_bsp.a(altera_avalon_jtag_uart_init.o)
 .debug_aranges
                0x000005e8       0x20 BSP/\libhal_bsp.a(altera_avalon_jtag_uart_ioctl.o)
 .debug_aranges
                0x00000608       0x20 BSP/\libhal_bsp.a(altera_avalon_jtag_uart_read.o)
 .debug_aranges
                0x00000628       0x20 BSP/\libhal_bsp.a(altera_avalon_jtag_uart_write.o)
 .debug_aranges
                0x00000648       0x20 BSP/\libhal_bsp.a(altera_avalon_timer_sc.o)
 .debug_aranges
                0x00000668       0x20 BSP/\libhal_bsp.a(altera_up_avalon_character_lcd.o)
 .debug_aranges
                0x00000688       0x20 BSP/\libhal_bsp.a(altera_up_avalon_ps2.o)
 .debug_aranges
                0x000006a8       0x20 BSP/\libhal_bsp.a(altera_up_avalon_rs232.o)
 .debug_aranges
                0x000006c8       0x20 BSP/\libhal_bsp.a(altera_up_avalon_video_character_buffer_with_dma.o)
 .debug_aranges
                0x000006e8       0x20 BSP/\libhal_bsp.a(altera_up_avalon_video_pixel_buffer_dma.o)
 .debug_aranges
                0x00000708       0x20 BSP/\libhal_bsp.a(alt_alarm_start.o)
 .debug_aranges
                0x00000728       0x20 BSP/\libhal_bsp.a(alt_close.o)
 .debug_aranges
                0x00000748       0x20 BSP/\libhal_bsp.a(alt_dcache_flush_all.o)
 .debug_aranges
                0x00000768       0x20 BSP/\libhal_bsp.a(alt_dev.o)
 .debug_aranges
                0x00000788       0x20 BSP/\libhal_bsp.a(alt_dev_llist_insert.o)
 .debug_aranges
                0x000007a8       0x20 BSP/\libhal_bsp.a(alt_find_dev.o)
 .debug_aranges
                0x000007c8       0x20 BSP/\libhal_bsp.a(alt_icache_flush_all.o)
 .debug_aranges
                0x000007e8       0x20 BSP/\libhal_bsp.a(alt_io_redirect.o)
 .debug_aranges
                0x00000808       0x20 BSP/\libhal_bsp.a(alt_irq_register.o)
 .debug_aranges
                0x00000828       0x20 BSP/\libhal_bsp.a(alt_open.o)
 .debug_aranges
                0x00000848       0x20 BSP/\libhal_bsp.a(alt_release_fd.o)
 .debug_aranges
                0x00000868       0x20 BSP/\libhal_bsp.a(alt_tick.o)
 .debug_aranges
                0x00000888       0x20 BSP/\libhal_bsp.a(altera_nios2_irq.o)
 .debug_aranges
                0x000008a8       0x20 BSP/\libhal_bsp.a(alt_find_file.o)
 .debug_aranges
                0x000008c8       0x20 BSP/\libhal_bsp.a(alt_get_fd.o)
 .debug_aranges
                0x000008e8       0x20 BSP/\libhal_bsp.a(alt_icache_flush.o)
 .debug_aranges
                0x00000908       0x30 BSP/\libhal_bsp.a(alt_irq_entry.o)
 .debug_aranges
                0x00000938       0x28 BSP/\libhal_bsp.a(alt_irq_handler.o)
 .debug_aranges
                0x00000960       0x38 BSP/\libhal_bsp.a(alt_exception_entry.o)
 .debug_aranges
                0x00000998       0x20 c:/altera/11.0/nios2eds/bin/gnu/h-i686-mingw32/bin/../lib/gcc/nios2-elf/4.1.2/../../../../nios2-elf/lib\libc.a(lib_a-exit.o)
 .debug_aranges
                0x000009b8       0x20 c:/altera/11.0/nios2eds/bin/gnu/h-i686-mingw32/bin/../lib/gcc/nios2-elf/4.1.2/../../../../nios2-elf/lib\libc.a(lib_a-memcmp.o)
 .debug_aranges
                0x000009d8       0x20 c:/altera/11.0/nios2eds/bin/gnu/h-i686-mingw32/bin/../lib/gcc/nios2-elf/4.1.2/../../../../nios2-elf/lib\libc.a(lib_a-memcpy.o)
 .debug_aranges
                0x000009f8       0x20 c:/altera/11.0/nios2eds/bin/gnu/h-i686-mingw32/bin/../lib/gcc/nios2-elf/4.1.2/../../../../nios2-elf/lib\libc.a(lib_a-putc.o)
 .debug_aranges
                0x00000a18       0x20 c:/altera/11.0/nios2eds/bin/gnu/h-i686-mingw32/bin/../lib/gcc/nios2-elf/4.1.2/../../../../nios2-elf/lib\libc.a(lib_a-strcmp.o)
 .debug_aranges
                0x00000a38       0x20 c:/altera/11.0/nios2eds/bin/gnu/h-i686-mingw32/bin/../lib/gcc/nios2-elf/4.1.2/../../../../nios2-elf/lib\libc.a(lib_a-strlen.o)
 .debug_aranges
                0x00000a58       0x20 c:/altera/11.0/nios2eds/bin/gnu/h-i686-mingw32/bin/../lib/gcc/nios2-elf/4.1.2/../../../../nios2-elf/lib\libc.a(lib_a-wbuf.o)
 .debug_aranges
                0x00000a78       0x20 c:/altera/11.0/nios2eds/bin/gnu/h-i686-mingw32/bin/../lib/gcc/nios2-elf/4.1.2/../../../../nios2-elf/lib\libc.a(lib_a-wsetup.o)
 .debug_aranges
                0x00000a98       0x20 c:/altera/11.0/nios2eds/bin/gnu/h-i686-mingw32/bin/../lib/gcc/nios2-elf/4.1.2/../../../../nios2-elf/lib\libc.a(lib_a-__call_atexit.o)
 .debug_aranges
                0x00000ab8       0x20 c:/altera/11.0/nios2eds/bin/gnu/h-i686-mingw32/bin/../lib/gcc/nios2-elf/4.1.2/../../../../nios2-elf/lib\libc.a(lib_a-fflush.o)
 .debug_aranges
                0x00000ad8       0x20 c:/altera/11.0/nios2eds/bin/gnu/h-i686-mingw32/bin/../lib/gcc/nios2-elf/4.1.2/../../../../nios2-elf/lib\libc.a(lib_a-findfp.o)
 .debug_aranges
                0x00000af8       0x20 c:/altera/11.0/nios2eds/bin/gnu/h-i686-mingw32/bin/../lib/gcc/nios2-elf/4.1.2/../../../../nios2-elf/lib\libc.a(lib_a-freer.o)
 .debug_aranges
                0x00000b18       0x20 c:/altera/11.0/nios2eds/bin/gnu/h-i686-mingw32/bin/../lib/gcc/nios2-elf/4.1.2/../../../../nios2-elf/lib\libc.a(lib_a-fwalk.o)
 .debug_aranges
                0x00000b38       0x20 c:/altera/11.0/nios2eds/bin/gnu/h-i686-mingw32/bin/../lib/gcc/nios2-elf/4.1.2/../../../../nios2-elf/lib\libc.a(lib_a-makebuf.o)
 .debug_aranges
                0x00000b58       0x20 c:/altera/11.0/nios2eds/bin/gnu/h-i686-mingw32/bin/../lib/gcc/nios2-elf/4.1.2/../../../../nios2-elf/lib\libc.a(lib_a-mallocr.o)
 .debug_aranges
                0x00000b78       0x20 c:/altera/11.0/nios2eds/bin/gnu/h-i686-mingw32/bin/../lib/gcc/nios2-elf/4.1.2/../../../../nios2-elf/lib\libc.a(lib_a-sbrkr.o)
 .debug_aranges
                0x00000b98       0x20 c:/altera/11.0/nios2eds/bin/gnu/h-i686-mingw32/bin/../lib/gcc/nios2-elf/4.1.2/../../../../nios2-elf/lib\libc.a(lib_a-stdio.o)
 .debug_aranges
                0x00000bb8       0x20 c:/altera/11.0/nios2eds/bin/gnu/h-i686-mingw32/bin/../lib/gcc/nios2-elf/4.1.2/../../../../nios2-elf/lib\libc.a(lib_a-writer.o)
 .debug_aranges
                0x00000bd8       0x20 c:/altera/11.0/nios2eds/bin/gnu/h-i686-mingw32/bin/../lib/gcc/nios2-elf/4.1.2/../../../../nios2-elf/lib\libc.a(lib_a-closer.o)
 .debug_aranges
                0x00000bf8       0x20 c:/altera/11.0/nios2eds/bin/gnu/h-i686-mingw32/bin/../lib/gcc/nios2-elf/4.1.2/../../../../nios2-elf/lib\libc.a(lib_a-fclose.o)
 .debug_aranges
                0x00000c18       0x20 c:/altera/11.0/nios2eds/bin/gnu/h-i686-mingw32/bin/../lib/gcc/nios2-elf/4.1.2/../../../../nios2-elf/lib\libc.a(lib_a-fstatr.o)
 .debug_aranges
                0x00000c38       0x20 c:/altera/11.0/nios2eds/bin/gnu/h-i686-mingw32/bin/../lib/gcc/nios2-elf/4.1.2/../../../../nios2-elf/lib\libc.a(lib_a-isattyr.o)
 .debug_aranges
                0x00000c58       0x20 c:/altera/11.0/nios2eds/bin/gnu/h-i686-mingw32/bin/../lib/gcc/nios2-elf/4.1.2/../../../../nios2-elf/lib\libc.a(lib_a-lseekr.o)
 .debug_aranges
                0x00000c78       0x20 c:/altera/11.0/nios2eds/bin/gnu/h-i686-mingw32/bin/../lib/gcc/nios2-elf/4.1.2/../../../../nios2-elf/lib\libc.a(lib_a-readr.o)
 .debug_aranges
                0x00000c98       0x20 BSP/\libhal_bsp.a(alt_exit.o)
 .debug_aranges
                0x00000cb8       0x20 BSP/\libhal_bsp.a(alt_fstat.o)
 .debug_aranges
                0x00000cd8       0x20 BSP/\libhal_bsp.a(alt_isatty.o)
 .debug_aranges
                0x00000cf8       0x20 BSP/\libhal_bsp.a(alt_lseek.o)
 .debug_aranges
                0x00000d18       0x20 BSP/\libhal_bsp.a(alt_malloc_lock.o)
 .debug_aranges
                0x00000d38       0x20 BSP/\libhal_bsp.a(alt_read.o)
 .debug_aranges
                0x00000d58       0x20 BSP/\libhal_bsp.a(alt_sbrk.o)
 .debug_aranges
                0x00000d78       0x20 BSP/\libhal_bsp.a(alt_write.o)

.debug_pubnames
                0x00000000     0x1963
 *(.debug_pubnames)
 .debug_pubnames
                0x00000000       0x5e obj//C/ece5760/lab2/lander/media_graphics_HAL.o
 .debug_pubnames
                0x0000005e       0x1a c:/altera/11.0/nios2eds/bin/gnu/h-i686-mingw32/bin/../lib/gcc/nios2-elf/4.1.2/../../../../nios2-elf/lib\libm.a(lib_a-s_cos.o)