Flow report for DE2_TOP
Thu Jan 31 13:55:37 2013
Quartus II 64-Bit Version 11.0 Build 157 04/27/2011 SJ Full Version


---------------------
; Table of Contents ;
---------------------
  1. Legal Notice
  2. Flow Summary
  3. Flow Settings
  4. Flow Non-Default Global Settings
  5. Flow Elapsed Time
  6. Flow OS Summary
  7. Flow Log



----------------
; Legal Notice ;
----------------
Copyright (C) 1991-2011 Altera Corporation
Your use of Altera Corporation's design tools, logic functions 
and other software and tools, and its AMPP partner logic 
functions, and any output files from any of the foregoing 
(including device programming or simulation files), and any 
associated documentation or information are expressly subject 
to the terms and conditions of the Altera Program License 
Subscription Agreement, Altera MegaCore Function License 
Agreement, or other applicable license agreement, including, 
without limitation, that your use is for the sole purpose of 
programming logic devices manufactured by Altera and sold by 
Altera or its authorized distributors.  Please refer to the 
applicable agreement for further details.



+--------------------------------------------------------------------------------+
; Flow Summary                                                                   ;
+------------------------------------+-------------------------------------------+
; Flow Status                        ; Successful - Thu Jan 31 13:55:31 2013     ;
; Quartus II 64-Bit Version          ; 11.0 Build 157 04/27/2011 SJ Full Version ;
; Revision Name                      ; DE2_TOP                                   ;
; Top-level Entity Name              ; DE2_TOP                                   ;
; Family                             ; Cyclone II                                ;
; Device                             ; EP2C35F672C6                              ;
; Timing Models                      ; Final                                     ;
; Total logic elements               ; 6,032 / 33,216 ( 18 % )                   ;
;     Total combinational functions  ; 5,895 / 33,216 ( 18 % )                   ;
;     Dedicated logic registers      ; 1,373 / 33,216 ( 4 % )                    ;
; Total registers                    ; 1373                                      ;
; Total pins                         ; 425 / 475 ( 89 % )                        ;
; Total virtual pins                 ; 0                                         ;
; Total memory bits                  ; 434,176 / 483,840 ( 90 % )                ;
; Embedded Multiplier 9-bit elements ; 6 / 70 ( 9 % )                            ;
; Total PLLs                         ; 1 / 4 ( 25 % )                            ;
+------------------------------------+-------------------------------------------+


+-----------------------------------------+
; Flow Settings                           ;
+-------------------+---------------------+
; Option            ; Setting             ;
+-------------------+---------------------+
; Start date & time ; 01/31/2013 13:51:47 ;
; Main task         ; Compilation         ;
; Revision Name     ; DE2_TOP             ;
+-------------------+---------------------+


+---------------------------------------------------------------------------------------------------------------------------------------+
; Flow Non-Default Global Settings                                                                                                      ;
+-----------------------------------------+---------------------------------+--------------------------------+-------------+------------+
; Assignment Name                         ; Value                           ; Default Value                  ; Entity Name ; Section Id ;
+-----------------------------------------+---------------------------------+--------------------------------+-------------+------------+
; AUTO_PACKED_REGISTERS_STRATIXII         ; Normal                          ; Auto                           ; --          ; --         ;
; COMPILER_SIGNATURE_ID                   ; 132683363511504.135965830701152 ; --                             ; --          ; --         ;
; CYCLONEII_OPTIMIZATION_TECHNIQUE        ; Speed                           ; Balanced                       ; --          ; --         ;
; FITTER_EFFORT                           ; Standard Fit                    ; Auto Fit                       ; --          ; --         ;
; IP_TOOL_NAME                            ; RAM: 2-PORT                     ; --                             ; --          ; --         ;
; IP_TOOL_NAME                            ; ALTPLL                          ; --                             ; --          ; --         ;
; IP_TOOL_NAME                            ; ALTPLL                          ; --                             ; --          ; --         ;
; IP_TOOL_VERSION                         ; 10.0                            ; --                             ; --          ; --         ;
; IP_TOOL_VERSION                         ; 10.0                            ; --                             ; --          ; --         ;
; IP_TOOL_VERSION                         ; 10.0                            ; --                             ; --          ; --         ;
; MISC_FILE                               ; vga_buffer_bb.v                 ; --                             ; --          ; --         ;
; MISC_FILE                               ; VGA_Audio_PLL.ppf               ; --                             ; --          ; --         ;
; MISC_FILE                               ; sram_pll_bb.v                   ; --                             ; --          ; --         ;
; MISC_FILE                               ; sram_pll.ppf                    ; --                             ; --          ; --         ;
; OPTIMIZE_HOLD_TIMING                    ; All Paths                       ; IO Paths and Minimum TPD Paths ; --          ; --         ;
; PARTITION_COLOR                         ; 14622752                        ; --                             ; --          ; Top        ;
; PARTITION_FITTER_PRESERVATION_LEVEL     ; PLACEMENT_AND_ROUTING           ; --                             ; --          ; Top        ;
; PARTITION_NETLIST_TYPE                  ; SOURCE                          ; --                             ; --          ; Top        ;
; PHYSICAL_SYNTHESIS_COMBO_LOGIC          ; On                              ; Off                            ; --          ; --         ;
; PHYSICAL_SYNTHESIS_REGISTER_DUPLICATION ; On                              ; Off                            ; --          ; --         ;
; PHYSICAL_SYNTHESIS_REGISTER_RETIMING    ; On                              ; Off                            ; --          ; --         ;
; ROUTER_TIMING_OPTIMIZATION_LEVEL        ; MAXIMUM                         ; Normal                         ; --          ; --         ;
; SYNTH_TIMING_DRIVEN_SYNTHESIS           ; On                              ; Off                            ; --          ; --         ;
; USE_GENERATED_PHYSICAL_CONSTRAINTS      ; Off                             ; --                             ; --          ; eda_palace ;
+-----------------------------------------+---------------------------------+--------------------------------+-------------+------------+


+-------------------------------------------------------------------------------------------------------------------------------+
; Flow Elapsed Time                                                                                                             ;
+---------------------------+--------------+-------------------------+---------------------+------------------------------------+
; Module Name               ; Elapsed Time ; Average Processors Used ; Peak Virtual Memory ; Total CPU Time (on all processors) ;
+---------------------------+--------------+-------------------------+---------------------+------------------------------------+
; Analysis & Synthesis      ; 00:00:48     ; 1.0                     ; 451 MB              ; 00:00:44                           ;
; Fitter                    ; 00:02:36     ; 2.2                     ; 686 MB              ; 00:03:17                           ;
; Assembler                 ; 00:00:05     ; 1.0                     ; 402 MB              ; 00:00:03                           ;
; TimeQuest Timing Analyzer ; 00:00:11     ; 2.3                     ; 472 MB              ; 00:00:10                           ;
; Total                     ; 00:03:40     ; --                      ; --                  ; 00:04:14                           ;
+---------------------------+--------------+-------------------------+---------------------+------------------------------------+


+----------------------------------------------------------------------------------------+
; Flow OS Summary                                                                        ;
+---------------------------+------------------+-----------+------------+----------------+
; Module Name               ; Machine Hostname ; OS Name   ; OS Version ; Processor type ;
+---------------------------+------------------+-----------+------------+----------------+
; Analysis & Synthesis      ; PH238-16         ; Windows 7 ; 6.1        ; x86_64         ;
; Fitter                    ; PH238-16         ; Windows 7 ; 6.1        ; x86_64         ;
; Assembler                 ; PH238-16         ; Windows 7 ; 6.1        ; x86_64         ;
; TimeQuest Timing Analyzer ; PH238-16         ; Windows 7 ; 6.1        ; x86_64         ;
+---------------------------+------------------+-----------+------------+----------------+


------------
; Flow Log ;
------------
quartus_map --read_settings_files=on --write_settings_files=off VGA_m4k -c DE2_TOP
quartus_fit --read_settings_files=off --write_settings_files=off VGA_m4k -c DE2_TOP
quartus_asm --read_settings_files=off --write_settings_files=off VGA_m4k -c DE2_TOP
quartus_sta VGA_m4k -c DE2_TOP



