------------------------------------------------------------
TimeQuest Timing Analyzer Summary
------------------------------------------------------------

Type  : Slow Model Setup 'CLOCK_50'
Slack : -2.695
TNS   : -51.266

Type  : Slow Model Setup 'p1|altpll_component|pll|clk[0]'
Slack : 9.288
TNS   : 0.000

Type  : Slow Model Hold 'CLOCK_50'
Slack : 0.391
TNS   : 0.000

Type  : Slow Model Hold 'p1|altpll_component|pll|clk[0]'
Slack : 0.391
TNS   : 0.000

Type  : Slow Model Recovery 'p1|altpll_component|pll|clk[0]'
Slack : -4.163
TNS   : -168.755

Type  : Slow Model Removal 'p1|altpll_component|pll|clk[0]'
Slack : 3.662
TNS   : 0.000

Type  : Slow Model Minimum Pulse Width 'CLOCK_50'
Slack : -1.380
TNS   : -22.380

Type  : Slow Model Minimum Pulse Width 'p1|altpll_component|pll|clk[0]'
Slack : 17.714
TNS   : 0.000

Type  : Slow Model Minimum Pulse Width 'CLOCK_27'
Slack : 18.518
TNS   : 0.000

Type  : Fast Model Setup 'CLOCK_50'
Slack : -0.768
TNS   : -13.683

Type  : Fast Model Setup 'p1|altpll_component|pll|clk[0]'
Slack : 14.451
TNS   : 0.000

Type  : Fast Model Hold 'CLOCK_50'
Slack : 0.215
TNS   : 0.000

Type  : Fast Model Hold 'p1|altpll_component|pll|clk[0]'
Slack : 0.215
TNS   : 0.000

Type  : Fast Model Recovery 'p1|altpll_component|pll|clk[0]'
Slack : -2.550
TNS   : -104.587

Type  : Fast Model Removal 'p1|altpll_component|pll|clk[0]'
Slack : 2.316
TNS   : 0.000

Type  : Fast Model Minimum Pulse Width 'CLOCK_50'
Slack : -1.380
TNS   : -22.380

Type  : Fast Model Minimum Pulse Width 'p1|altpll_component|pll|clk[0]'
Slack : 17.714
TNS   : 0.000

Type  : Fast Model Minimum Pulse Width 'CLOCK_27'
Slack : 18.518
TNS   : 0.000

------------------------------------------------------------
