------------------------------------------------------------
TimeQuest Timing Analyzer Summary
------------------------------------------------------------

Type  : Slow Model Setup 'CLOCK_50'
Slack : -2.690
TNS   : -50.675

Type  : Slow Model Setup 'p1|altpll_component|pll|clk[0]'
Slack : 9.763
TNS   : 0.000

Type  : Slow Model Hold 'CLOCK_50'
Slack : 0.391
TNS   : 0.000

Type  : Slow Model Hold 'p1|altpll_component|pll|clk[0]'
Slack : 0.391
TNS   : 0.000

Type  : Slow Model Recovery 'p1|altpll_component|pll|clk[0]'
Slack : -4.144
TNS   : -170.526

Type  : Slow Model Removal 'p1|altpll_component|pll|clk[0]'
Slack : 3.661
TNS   : 0.000

Type  : Slow Model Minimum Pulse Width 'CLOCK_50'
Slack : -1.380
TNS   : -22.380

Type  : Slow Model Minimum Pulse Width 'p1|altpll_component|pll|clk[0]'
Slack : 17.714
TNS   : 0.000

Type  : Slow Model Minimum Pulse Width 'CLOCK_27'
Slack : 18.518
TNS   : 0.000

Type  : Fast Model Setup 'CLOCK_50'
Slack : -0.764
TNS   : -13.299

Type  : Fast Model Setup 'p1|altpll_component|pll|clk[0]'
Slack : 14.653
TNS   : 0.000

Type  : Fast Model Hold 'CLOCK_50'
Slack : 0.215
TNS   : 0.000

Type  : Fast Model Hold 'p1|altpll_component|pll|clk[0]'
Slack : 0.215
TNS   : 0.000

Type  : Fast Model Recovery 'p1|altpll_component|pll|clk[0]'
Slack : -2.551
TNS   : -105.409

Type  : Fast Model Removal 'p1|altpll_component|pll|clk[0]'
Slack : 2.317
TNS   : 0.000

Type  : Fast Model Minimum Pulse Width 'CLOCK_50'
Slack : -1.380
TNS   : -22.380

Type  : Fast Model Minimum Pulse Width 'p1|altpll_component|pll|clk[0]'
Slack : 17.714
TNS   : 0.000

Type  : Fast Model Minimum Pulse Width 'CLOCK_27'
Slack : 18.518
TNS   : 0.000

------------------------------------------------------------
