------------------------------------------------------------
TimeQuest Timing Analyzer Summary
------------------------------------------------------------

Type  : Slow Model Setup 'CLOCK_50'
Slack : -9.929
TNS   : -2475.004

Type  : Slow Model Setup 'I2C_AV_Config:u3|mI2C_CTRL_CLK'
Slack : -2.647
TNS   : -89.210

Type  : Slow Model Setup 'AUDIO_DAC_ADC:u4|oAUD_BCK'
Slack : -0.210
TNS   : -0.255

Type  : Slow Model Setup 'p1|altpll_component|pll|clk[1]'
Slack : -0.131
TNS   : -0.262

Type  : Slow Model Setup 'AUDIO_DAC_ADC:u4|LRCK_1X'
Slack : 0.048
TNS   : 0.000

Type  : Slow Model Hold 'CLOCK_50'
Slack : -2.512
TNS   : -2.512

Type  : Slow Model Hold 'p1|altpll_component|pll|clk[1]'
Slack : -0.094
TNS   : -0.188

Type  : Slow Model Hold 'AUDIO_DAC_ADC:u4|LRCK_1X'
Slack : 0.055
TNS   : 0.000

Type  : Slow Model Hold 'AUDIO_DAC_ADC:u4|oAUD_BCK'
Slack : 0.391
TNS   : 0.000

Type  : Slow Model Hold 'I2C_AV_Config:u3|mI2C_CTRL_CLK'
Slack : 0.391
TNS   : 0.000

Type  : Slow Model Recovery 'p1|altpll_component|pll|clk[1]'
Slack : -3.720
TNS   : -52.080

Type  : Slow Model Recovery 'AUDIO_DAC_ADC:u4|oAUD_BCK'
Slack : -1.028
TNS   : -4.112

Type  : Slow Model Removal 'AUDIO_DAC_ADC:u4|oAUD_BCK'
Slack : 1.798
TNS   : 0.000

Type  : Slow Model Removal 'p1|altpll_component|pll|clk[1]'
Slack : 3.495
TNS   : 0.000

Type  : Slow Model Minimum Pulse Width 'CLOCK_50'
Slack : -1.380
TNS   : -445.380

Type  : Slow Model Minimum Pulse Width 'I2C_AV_Config:u3|mI2C_CTRL_CLK'
Slack : -0.500
TNS   : -44.000

Type  : Slow Model Minimum Pulse Width 'AUDIO_DAC_ADC:u4|LRCK_1X'
Slack : -0.500
TNS   : -13.000

Type  : Slow Model Minimum Pulse Width 'AUDIO_DAC_ADC:u4|oAUD_BCK'
Slack : -0.500
TNS   : -4.000

Type  : Slow Model Minimum Pulse Width 'CLOCK_27'
Slack : 18.518
TNS   : 0.000

Type  : Slow Model Minimum Pulse Width 'p1|altpll_component|pll|clk[1]'
Slack : 26.777
TNS   : 0.000

Type  : Fast Model Setup 'CLOCK_50'
Slack : -3.743
TNS   : -879.226

Type  : Fast Model Setup 'I2C_AV_Config:u3|mI2C_CTRL_CLK'
Slack : -0.640
TNS   : -19.234

Type  : Fast Model Setup 'p1|altpll_component|pll|clk[1]'
Slack : -0.190
TNS   : -0.380

Type  : Fast Model Setup 'AUDIO_DAC_ADC:u4|oAUD_BCK'
Slack : 0.437
TNS   : 0.000

Type  : Fast Model Setup 'AUDIO_DAC_ADC:u4|LRCK_1X'
Slack : 0.457
TNS   : 0.000

Type  : Fast Model Hold 'CLOCK_50'
Slack : -1.554
TNS   : -1.554

Type  : Fast Model Hold 'p1|altpll_component|pll|clk[1]'
Slack : 0.075
TNS   : 0.000

Type  : Fast Model Hold 'AUDIO_DAC_ADC:u4|LRCK_1X'
Slack : 0.091
TNS   : 0.000

Type  : Fast Model Hold 'AUDIO_DAC_ADC:u4|oAUD_BCK'
Slack : 0.215
TNS   : 0.000

Type  : Fast Model Hold 'I2C_AV_Config:u3|mI2C_CTRL_CLK'
Slack : 0.215
TNS   : 0.000

Type  : Fast Model Recovery 'p1|altpll_component|pll|clk[1]'
Slack : -2.358
TNS   : -33.012

Type  : Fast Model Recovery 'AUDIO_DAC_ADC:u4|oAUD_BCK'
Slack : -0.390
TNS   : -1.560

Type  : Fast Model Removal 'AUDIO_DAC_ADC:u4|oAUD_BCK'
Slack : 1.270
TNS   : 0.000

Type  : Fast Model Removal 'p1|altpll_component|pll|clk[1]'
Slack : 2.243
TNS   : 0.000

Type  : Fast Model Minimum Pulse Width 'CLOCK_50'
Slack : -1.380
TNS   : -445.380

Type  : Fast Model Minimum Pulse Width 'I2C_AV_Config:u3|mI2C_CTRL_CLK'
Slack : -0.500
TNS   : -44.000

Type  : Fast Model Minimum Pulse Width 'AUDIO_DAC_ADC:u4|LRCK_1X'
Slack : -0.500
TNS   : -13.000

Type  : Fast Model Minimum Pulse Width 'AUDIO_DAC_ADC:u4|oAUD_BCK'
Slack : -0.500
TNS   : -4.000

Type  : Fast Model Minimum Pulse Width 'CLOCK_27'
Slack : 18.518
TNS   : 0.000

Type  : Fast Model Minimum Pulse Width 'p1|altpll_component|pll|clk[1]'
Slack : 26.777
TNS   : 0.000

------------------------------------------------------------
