------------------------------------------------------------
TimeQuest Timing Analyzer Summary
------------------------------------------------------------

Type  : Slow Model Setup 'CLOCK_50'
Slack : -6.045
TNS   : -2525.606

Type  : Slow Model Setup 'I2C_AV_Config:u3|mI2C_CTRL_CLK'
Slack : -2.551
TNS   : -81.159

Type  : Slow Model Setup 'p1|altpll_component|pll|clk[1]'
Slack : -0.109
TNS   : -0.218

Type  : Slow Model Setup 'AUDIO_DAC_ADC:u4|oAUD_BCK'
Slack : -0.072
TNS   : -0.143

Type  : Slow Model Setup 'AUDIO_DAC_ADC:u4|LRCK_1X'
Slack : 0.517
TNS   : 0.000

Type  : Slow Model Hold 'CLOCK_50'
Slack : -2.539
TNS   : -2.539

Type  : Slow Model Hold 'AUDIO_DAC_ADC:u4|LRCK_1X'
Slack : -0.628
TNS   : -3.104

Type  : Slow Model Hold 'p1|altpll_component|pll|clk[1]'
Slack : -0.116
TNS   : -0.232

Type  : Slow Model Hold 'AUDIO_DAC_ADC:u4|oAUD_BCK'
Slack : 0.391
TNS   : 0.000

Type  : Slow Model Hold 'I2C_AV_Config:u3|mI2C_CTRL_CLK'
Slack : 0.391
TNS   : 0.000

Type  : Slow Model Recovery 'p1|altpll_component|pll|clk[1]'
Slack : -3.700
TNS   : -51.800

Type  : Slow Model Recovery 'AUDIO_DAC_ADC:u4|oAUD_BCK'
Slack : -0.909
TNS   : -3.636

Type  : Slow Model Removal 'AUDIO_DAC_ADC:u4|oAUD_BCK'
Slack : 1.679
TNS   : 0.000

Type  : Slow Model Removal 'p1|altpll_component|pll|clk[1]'
Slack : 3.475
TNS   : 0.000

Type  : Slow Model Minimum Pulse Width 'CLOCK_50'
Slack : -1.380
TNS   : -909.380

Type  : Slow Model Minimum Pulse Width 'I2C_AV_Config:u3|mI2C_CTRL_CLK'
Slack : -0.500
TNS   : -44.000

Type  : Slow Model Minimum Pulse Width 'AUDIO_DAC_ADC:u4|LRCK_1X'
Slack : -0.500
TNS   : -16.000

Type  : Slow Model Minimum Pulse Width 'AUDIO_DAC_ADC:u4|oAUD_BCK'
Slack : -0.500
TNS   : -4.000

Type  : Slow Model Minimum Pulse Width 'CLOCK_27'
Slack : 18.518
TNS   : 0.000

Type  : Slow Model Minimum Pulse Width 'p1|altpll_component|pll|clk[1]'
Slack : 26.777
TNS   : 0.000

Type  : Fast Model Setup 'CLOCK_50'
Slack : -2.412
TNS   : -880.664

Type  : Fast Model Setup 'I2C_AV_Config:u3|mI2C_CTRL_CLK'
Slack : -0.564
TNS   : -15.398

Type  : Fast Model Setup 'p1|altpll_component|pll|clk[1]'
Slack : -0.170
TNS   : -0.340

Type  : Fast Model Setup 'AUDIO_DAC_ADC:u4|oAUD_BCK'
Slack : 0.504
TNS   : 0.000

Type  : Fast Model Setup 'AUDIO_DAC_ADC:u4|LRCK_1X'
Slack : 0.711
TNS   : 0.000

Type  : Fast Model Hold 'CLOCK_50'
Slack : -1.583
TNS   : -1.583

Type  : Fast Model Hold 'AUDIO_DAC_ADC:u4|LRCK_1X'
Slack : -0.257
TNS   : -1.054

Type  : Fast Model Hold 'p1|altpll_component|pll|clk[1]'
Slack : 0.055
TNS   : 0.000

Type  : Fast Model Hold 'AUDIO_DAC_ADC:u4|oAUD_BCK'
Slack : 0.215
TNS   : 0.000

Type  : Fast Model Hold 'I2C_AV_Config:u3|mI2C_CTRL_CLK'
Slack : 0.215
TNS   : 0.000

Type  : Fast Model Recovery 'p1|altpll_component|pll|clk[1]'
Slack : -2.346
TNS   : -32.844

Type  : Fast Model Recovery 'AUDIO_DAC_ADC:u4|oAUD_BCK'
Slack : -0.332
TNS   : -1.328

Type  : Fast Model Removal 'AUDIO_DAC_ADC:u4|oAUD_BCK'
Slack : 1.212
TNS   : 0.000

Type  : Fast Model Removal 'p1|altpll_component|pll|clk[1]'
Slack : 2.231
TNS   : 0.000

Type  : Fast Model Minimum Pulse Width 'CLOCK_50'
Slack : -1.380
TNS   : -909.380

Type  : Fast Model Minimum Pulse Width 'I2C_AV_Config:u3|mI2C_CTRL_CLK'
Slack : -0.500
TNS   : -44.000

Type  : Fast Model Minimum Pulse Width 'AUDIO_DAC_ADC:u4|LRCK_1X'
Slack : -0.500
TNS   : -16.000

Type  : Fast Model Minimum Pulse Width 'AUDIO_DAC_ADC:u4|oAUD_BCK'
Slack : -0.500
TNS   : -4.000

Type  : Fast Model Minimum Pulse Width 'CLOCK_27'
Slack : 18.518
TNS   : 0.000

Type  : Fast Model Minimum Pulse Width 'p1|altpll_component|pll|clk[1]'
Slack : 26.777
TNS   : 0.000

------------------------------------------------------------
