Archive member included because of file (symbol)

c:/altera/11.0/nios2eds/bin/gnu/h-i686-mingw32/bin/../lib/gcc/nios2-elf/4.1.2\libgcc.a(_lt_sf.o)
                              obj//C/ece5760/lab4/lander/media_graphics_HAL.o (__ltsf2)
c:/altera/11.0/nios2eds/bin/gnu/h-i686-mingw32/bin/../lib/gcc/nios2-elf/4.1.2\libgcc.a(_si_to_sf.o)
                              obj//C/ece5760/lab4/lander/media_graphics_HAL.o (__floatsisf)
c:/altera/11.0/nios2eds/bin/gnu/h-i686-mingw32/bin/../lib/gcc/nios2-elf/4.1.2\libgcc.a(_clzsi2.o)
                              c:/altera/11.0/nios2eds/bin/gnu/h-i686-mingw32/bin/../lib/gcc/nios2-elf/4.1.2\libgcc.a(_si_to_sf.o) (__clzsi2)
c:/altera/11.0/nios2eds/bin/gnu/h-i686-mingw32/bin/../lib/gcc/nios2-elf/4.1.2\libgcc.a(_pack_sf.o)
                              c:/altera/11.0/nios2eds/bin/gnu/h-i686-mingw32/bin/../lib/gcc/nios2-elf/4.1.2\libgcc.a(_si_to_sf.o) (__pack_f)
c:/altera/11.0/nios2eds/bin/gnu/h-i686-mingw32/bin/../lib/gcc/nios2-elf/4.1.2\libgcc.a(_unpack_sf.o)
                              c:/altera/11.0/nios2eds/bin/gnu/h-i686-mingw32/bin/../lib/gcc/nios2-elf/4.1.2\libgcc.a(_lt_sf.o) (__unpack_f)
c:/altera/11.0/nios2eds/bin/gnu/h-i686-mingw32/bin/../lib/gcc/nios2-elf/4.1.2\libgcc.a(_fpcmp_parts_sf.o)
                              c:/altera/11.0/nios2eds/bin/gnu/h-i686-mingw32/bin/../lib/gcc/nios2-elf/4.1.2\libgcc.a(_lt_sf.o) (__fpcmp_parts_f)
c:/altera/11.0/nios2eds/bin/gnu/h-i686-mingw32/bin/../lib/gcc/nios2-elf/4.1.2\libgcc.a(_clz.o)
                              c:/altera/11.0/nios2eds/bin/gnu/h-i686-mingw32/bin/../lib/gcc/nios2-elf/4.1.2\libgcc.a(_clzsi2.o) (__clz_tab)
BSP/\libhal_bsp.a(alt_load.o)
                              BSP//obj/HAL/src/crt0.o (alt_load)
BSP/\libhal_bsp.a(alt_main.o)
                              BSP//obj/HAL/src/crt0.o (alt_main)
BSP/\libhal_bsp.a(alt_printf.o)
                              obj//C/ece5760/lab4/lander/media_graphics_HAL.o (alt_printf)
BSP/\libhal_bsp.a(alt_putchar.o)
                              BSP/\libhal_bsp.a(alt_printf.o) (alt_putchar)
BSP/\libhal_bsp.a(alt_sys_init.o)
                              BSP/\libhal_bsp.a(alt_main.o) (alt_irq_init)
BSP/\libhal_bsp.a(altera_avalon_jtag_uart_fd.o)
                              BSP/\libhal_bsp.a(alt_sys_init.o) (altera_avalon_jtag_uart_ioctl_fd)
BSP/\libhal_bsp.a(altera_avalon_jtag_uart_init.o)
                              BSP/\libhal_bsp.a(altera_avalon_jtag_uart_fd.o) (altera_avalon_jtag_uart_close)
BSP/\libhal_bsp.a(altera_avalon_jtag_uart_ioctl.o)
                              BSP/\libhal_bsp.a(altera_avalon_jtag_uart_fd.o) (altera_avalon_jtag_uart_ioctl)
BSP/\libhal_bsp.a(altera_avalon_jtag_uart_read.o)
                              BSP/\libhal_bsp.a(altera_avalon_jtag_uart_fd.o) (altera_avalon_jtag_uart_read)
BSP/\libhal_bsp.a(altera_avalon_jtag_uart_write.o)
                              BSP/\libhal_bsp.a(altera_avalon_jtag_uart_fd.o) (altera_avalon_jtag_uart_write)
BSP/\libhal_bsp.a(altera_avalon_timer_sc.o)
                              BSP/\libhal_bsp.a(alt_sys_init.o) (alt_avalon_timer_sc_init)
BSP/\libhal_bsp.a(altera_up_avalon_character_lcd.o)
                              BSP/\libhal_bsp.a(alt_sys_init.o) (alt_up_character_lcd_write_fd)
BSP/\libhal_bsp.a(altera_up_avalon_ps2.o)
                              BSP/\libhal_bsp.a(alt_sys_init.o) (alt_up_ps2_read_fd)
BSP/\libhal_bsp.a(altera_up_avalon_rs232.o)
                              BSP/\libhal_bsp.a(alt_sys_init.o) (alt_up_rs232_read_fd)
BSP/\libhal_bsp.a(altera_up_avalon_video_character_buffer_with_dma.o)
                              obj//C/ece5760/lab4/lander/media_graphics_HAL.o (alt_up_char_buffer_open_dev)
BSP/\libhal_bsp.a(altera_up_avalon_video_pixel_buffer_dma.o)
                              obj//C/ece5760/lab4/lander/media_graphics_HAL.o (alt_up_pixel_buffer_dma_clear_screen)
BSP/\libhal_bsp.a(alt_alarm_start.o)
                              BSP/\libhal_bsp.a(altera_avalon_jtag_uart_init.o) (alt_alarm_start)
BSP/\libhal_bsp.a(alt_close.o)
                              BSP/\libhal_bsp.a(alt_main.o) (close)
BSP/\libhal_bsp.a(alt_dcache_flush_all.o)
                              BSP/\libhal_bsp.a(alt_load.o) (alt_dcache_flush_all)
BSP/\libhal_bsp.a(alt_dev.o)  BSP/\libhal_bsp.a(alt_sys_init.o) (alt_dev_list)
BSP/\libhal_bsp.a(alt_dev_llist_insert.o)
                              BSP/\libhal_bsp.a(alt_sys_init.o) (alt_dev_llist_insert)
BSP/\libhal_bsp.a(alt_errno.o)
                              BSP/\libhal_bsp.a(alt_close.o) (alt_errno)
BSP/\libhal_bsp.a(alt_find_dev.o)
                              BSP/\libhal_bsp.a(altera_up_avalon_character_lcd.o) (alt_find_dev)
BSP/\libhal_bsp.a(alt_icache_flush_all.o)
                              BSP/\libhal_bsp.a(alt_load.o) (alt_icache_flush_all)
BSP/\libhal_bsp.a(alt_io_redirect.o)
                              BSP/\libhal_bsp.a(alt_main.o) (alt_io_redirect)
BSP/\libhal_bsp.a(alt_irq_register.o)
[...]
Memory Configuration

Name             Origin             Length             Attributes
reset            0x00000000         0x00000020
SDRAM            0x00000020         0x007fffe0
*default*        0x00000000         0xffffffff

Linker script and memory map

LOAD BSP//obj/HAL/src/crt0.o
LOAD obj//C/ece5760/lab4/lander/media_graphics_HAL.o
LOAD c:/altera/11.0/nios2eds/bin/gnu/h-i686-mingw32/bin/../lib/gcc/nios2-elf/4.1.2/../../../../nios2-elf/lib\libstdc++.a
LOAD c:/altera/11.0/nios2eds/bin/gnu/h-i686-mingw32/bin/../lib/gcc/nios2-elf/4.1.2/../../../../nios2-elf/lib\libm.a
LOAD c:/altera/11.0/nios2eds/bin/gnu/h-i686-mingw32/bin/../lib/gcc/nios2-elf/4.1.2\libgcc.a
START GROUP
LOAD c:/altera/11.0/nios2eds/bin/gnu/h-i686-mingw32/bin/../lib/gcc/nios2-elf/4.1.2/../../../../nios2-elf/lib\libc.a
LOAD c:/altera/11.0/nios2eds/bin/gnu/h-i686-mingw32/bin/../lib/gcc/nios2-elf/4.1.2\libgcc.a
LOAD BSP/\libhal_bsp.a
END GROUP
LOAD c:/altera/11.0/nios2eds/bin/gnu/h-i686-mingw32/bin/../lib/gcc/nios2-elf/4.1.2\libgcc.a
                0x00000000                __alt_mem_SDRAM = 0x0

.entry          0x00000000       0x20
 *(.entry)
 .entry         0x00000000       0x20 BSP//obj/HAL/src/crt0.o
                0x00000000                __reset

.exceptions     0x00000020      0x148
                0x00000020                PROVIDE (__ram_exceptions_start, ABSOLUTE (.))
                0x00000020                . = ALIGN (0x20)
 *(.irq)
 *(.exceptions.entry.label)
 .exceptions.entry.label
                0x00000020        0x0 BSP/\libhal_bsp.a(alt_irq_entry.o)
                0x00000020                alt_irq_entry
 .exceptions.entry.label
                0x00000020        0x0 BSP/\libhal_bsp.a(alt_exception_entry.o)
                0x00000020                alt_exception
 *(.exceptions.entry.user)
 *(.exceptions.entry)
 .exceptions.entry
                0x00000020       0x54 BSP/\libhal_bsp.a(alt_exception_entry.o)
 *(.exceptions.irqtest.user)
 *(.exceptions.irqtest)
 .exceptions.irqtest
                0x00000074       0x10 BSP/\libhal_bsp.a(alt_irq_entry.o)
 *(.exceptions.irqhandler.user)
 *(.exceptions.irqhandler)
 .exceptions.irqhandler
                0x00000084        0x4 BSP/\libhal_bsp.a(alt_irq_entry.o)
 *(.exceptions.irqreturn.user)
 *(.exceptions.irqreturn)
 .exceptions.irqreturn
                0x00000088        0x4 BSP/\libhal_bsp.a(alt_irq_entry.o)
 *(.exceptions.notirq.label)
 .exceptions.notirq.label
                0x0000008c        0x0 BSP/\libhal_bsp.a(alt_irq_entry.o)
 *(.exceptions.notirq.user)
 *(.exceptions.notirq)
 .exceptions.notirq
                0x0000008c        0x8 BSP/\libhal_bsp.a(alt_exception_entry.o)
 *(.exceptions.soft.user)
 *(.exceptions.soft)
 *(.exceptions.unknown.user)
 *(.exceptions.unknown)
 .exceptions.unknown
                0x00000094        0x4 BSP/\libhal_bsp.a(alt_exception_entry.o)
 *(.exceptions.exit.label)
 .exceptions.exit.label
                0x00000098        0x0 BSP/\libhal_bsp.a(alt_irq_entry.o)
 .exceptions.exit.label
                0x00000098        0x0 BSP/\libhal_bsp.a(alt_exception_entry.o)
 *(.exceptions.exit.user)
 *(.exceptions.exit)
 .exceptions.exit
                0x00000098       0x54 BSP/\libhal_bsp.a(alt_exception_entry.o)
 *(.exceptions)
 .exceptions    0x000000ec       0x7c BSP/\libhal_bsp.a(alt_irq_handler.o)
                0x000000ec                alt_irq_handler
                0x00000168                PROVIDE (__ram_exceptions_end, ABSOLUTE (.))
                0x00000020                PROVIDE (__flash_exceptions_start, LOADADDR (.exceptions))

.text           0x00000168     0x5738
                0x00000168                PROVIDE (stext, ABSOLUTE (.))
 *(.interp)
 *(.hash)
 *(.dynsym)
 *(.dynstr)
 *(.gnu.version)
 *(.gnu.version_d)
 *(.gnu.version_r)
 *(.rel.init)
 *(.rela.init)
 *(.rel.text .rel.text.* .rel.gnu.linkonce.t.*)
 *(.rela.text .rela.text.* .rela.gnu.linkonce.t.*)
 *(.rel.fini)
 *(.rela.fini)
 *(.rel.rodata .rel.rodata.* .rel.gnu.linkonce.r.*)
 *(.rela.rodata .rela.rodata.* .rela.gnu.linkonce.r.*)
 *(.rel.data .rel.data.* .rel.gnu.linkonce.d.*)
 *(.rela.data .rela.data.* .rela.gnu.linkonce.d.*)
 *(.rel.tdata .rel.tdata.* .rel.gnu.linkonce.td.*)
 *(.rela.tdata .rela.tdata.* .rela.gnu.linkonce.td.*)
 *(.rel.tbss .rel.tbss.* .rel.gnu.linkonce.tb.*)
 *(.rela.tbss .rela.tbss.* .rela.gnu.linkonce.tb.*)
 *(.rel.ctors)
 *(.rela.ctors)
 *(.rel.dtors)
 *(.rela.dtors)
 *(.rel.got)
 *(.rela.got)
 *(.rel.sdata .rel.sdata.* .rel.gnu.linkonce.s.*)
 *(.rela.sdata .rela.sdata.* .rela.gnu.linkonce.s.*)
 *(.rel.sbss .rel.sbss.* .rel.gnu.linkonce.sb.*)
 *(.rela.sbss .rela.sbss.* .rela.gnu.linkonce.sb.*)
 *(.rel.sdata2 .rel.sdata2.* .rel.gnu.linkonce.s2.*)
 *(.rela.sdata2 .rela.sdata2.* .rela.gnu.linkonce.s2.*)
 *(.rel.sbss2 .rel.sbss2.* .rel.gnu.linkonce.sb2.*)
 *(.rela.sbss2 .rela.sbss2.* .rela.gnu.linkonce.sb2.*)
 *(.rel.bss .rel.bss.* .rel.gnu.linkonce.b.*)
 *(.rela.bss .rela.bss.* .rela.gnu.linkonce.b.*)
 *(.rel.plt)
 *(.rela.plt)
 *(.rel.dyn)
 *(.init)
 *(.plt)
 *(.text .stub .text.* .gnu.linkonce.t.*)
 .text          0x00000168       0x3c BSP//obj/HAL/src/crt0.o
                0x00000168                _start
 .text          0x000001a4      0x36c obj//C/ece5760/lab4/lander/media_graphics_HAL.o
                0x000001a4                main
 .text          0x00000510       0x78 c:/altera/11.0/nios2eds/bin/gnu/h-i686-mingw32/bin/../lib/gcc/nios2-elf/4.1.2\libgcc.a(_lt_sf.o)
                0x00000510                __ltsf2
 .text          0x00000588       0x98 c:/altera/11.0/nios2eds/bin/gnu/h-i686-mingw32/bin/../lib/gcc/nios2-elf/4.1.2\libgcc.a(_si_to_sf.o)
                0x00000588                __floatsisf
 .text          0x00000620       0x80 c:/altera/11.0/nios2eds/bin/gnu/h-i686-mingw32/bin/../lib/gcc/nios2-elf/4.1.2\libgcc.a(_clzsi2.o)
                0x00000620                __clzsi2
 .text          0x000006a0      0x160 c:/altera/11.0/nios2eds/bin/gnu/h-i686-mingw32/bin/../lib/gcc/nios2-elf/4.1.2\libgcc.a(_pack_sf.o)
                0x000006a0                __pack_f
 .text          0x00000800       0xc8 c:/altera/11.0/nios2eds/bin/gnu/h-i686-mingw32/bin/../lib/gcc/nios2-elf/4.1.2\libgcc.a(_unpack_sf.o)
                0x00000800                __unpack_f
 .text          0x000008c8       0xa8 c:/altera/11.0/nios2eds/bin/gnu/h-i686-mingw32/bin/../lib/gcc/nios2-elf/4.1.2\libgcc.a(_fpcmp_parts_sf.o)
                0x000008c8                __fpcmp_parts_f
 .text          0x00000970        0x0 c:/altera/11.0/nios2eds/bin/gnu/h-i686-mingw32/bin/../lib/gcc/nios2-elf/4.1.2\libgcc.a(_clz.o)
 .text          0x00000970       0xc4 BSP/\libhal_bsp.a(alt_load.o)
                0x00000970                alt_load
 .text          0x00000a34       0x50 BSP/\libhal_bsp.a(alt_main.o)
                0x00000a34                alt_main
 .text          0x00000a84      0x1dc BSP/\libhal_bsp.a(alt_printf.o)
                0x00000a84                alt_printf
 .text          0x00000c60       0x28 BSP/\libhal_bsp.a(alt_putchar.o)
                0x00000c60                alt_putchar
 .text          0x00000c88      0x2cc BSP/\libhal_bsp.a(alt_sys_init.o)
                0x00000c88                alt_irq_init
                0x00000ca8                alt_sys_init
 .text          0x00000f54       0x98 BSP/\libhal_bsp.a(altera_avalon_jtag_uart_fd.o)
                0x00000f54                altera_avalon_jtag_uart_ioctl_fd
                0x00000f74                altera_avalon_jtag_uart_close_fd
                0x00000f9c                altera_avalon_jtag_uart_write_fd
                0x00000fc4                altera_avalon_jtag_uart_read_fd
 .text          0x00000fec      0x238 BSP/\libhal_bsp.a(altera_avalon_jtag_uart_init.o)
                0x00000fec                altera_avalon_jtag_uart_close
                0x00001078                altera_avalon_jtag_uart_init
 .text          0x00001224       0x74 BSP/\libhal_bsp.a(altera_avalon_jtag_uart_ioctl.o)
                0x00001224                altera_avalon_jtag_uart_ioctl
 .text          0x00001298      0x168 BSP/\libhal_bsp.a(altera_avalon_jtag_uart_read.o)
                0x00001298                altera_avalon_jtag_uart_read
 .text          0x00001400      0x17c BSP/\libhal_bsp.a(altera_avalon_jtag_uart_write.o)
                0x00001400                altera_avalon_jtag_uart_write
 .text          0x0000157c       0x80 BSP/\libhal_bsp.a(altera_avalon_timer_sc.o)
                0x0000157c                alt_avalon_timer_sc_init
 .text          0x000015fc      0x30c BSP/\libhal_bsp.a(altera_up_avalon_character_lcd.o)
                0x000015fc                get_DDRAM_addr
                0x00001618                alt_up_character_lcd_string
                0x00001664                alt_up_character_lcd_write
                0x00001690                alt_up_character_lcd_write_fd
                0x000016b0                alt_up_character_lcd_init
                0x000016c0                alt_up_character_lcd_send_cmd
                0x000016d0                alt_up_character_lcd_cursor_blink_on
                0x000016ec                alt_up_character_lcd_cursor_off
                0x00001708                alt_up_character_lcd_erase_pos
                0x00001774                alt_up_character_lcd_shift_display
                0x00001804                alt_up_character_lcd_shift_cursor
                0x00001894                alt_up_character_lcd_set_cursor_pos
                0x000018e8                alt_up_character_lcd_open_dev
 .text          0x00001908      0x388 BSP/\libhal_bsp.a(altera_up_avalon_ps2.o)
                0x00001908                read_RI_bit
                0x00001914                read_RE_bit
                0x0000191c                read_CE_bit
                0x00001928                read_num_bytes_available
                0x00001930                read_data_valid
                0x0000193c                read_data_byte
                0x00001944                alt_up_ps2_open_dev
                0x00001964                alt_up_ps2_clear_fifo
                0x00001994                alt_up_ps2_read_data_byte
                0x000019ec                alt_up_ps2_read_data_byte_timeout
                0x00001a6c                alt_up_ps2_read_fd
                0x00001a94                alt_up_ps2_wait_for_ack
                0x00001af0                alt_up_ps2_write_data_byte
                0x00001b30                alt_up_ps2_write_fd
                0x00001ba0                alt_up_ps2_write_data_byte_with_ack
                0x00001bd4                alt_up_ps2_init
                0x00001c5c                alt_up_ps2_disable_read_interrupt
                0x00001c78                alt_up_ps2_enable_read_interrupt
 .text          0x00001c90      0x1d4 BSP/\libhal_bsp.a(altera_up_avalon_rs232.o)
                0x00001c90                alt_up_rs232_check_parity
                0x00001c9c                alt_up_rs232_open_dev
                0x00001cbc                alt_up_rs232_read_data
                0x00001d08                alt_up_rs232_read_fd
                0x00001d88                alt_up_rs232_get_available_space_in_write_FIFO
                0x00001d98                alt_up_rs232_write_data
                0x00001db0                alt_up_rs232_write_fd
                0x00001e20                alt_up_rs232_disable_read_interrupt
                0x00001e3c                alt_up_rs232_enable_read_interrupt
                0x00001e54                alt_up_rs232_get_used_space_in_read_FIFO
 .text          0x00001e64      0x178 BSP/\libhal_bsp.a(altera_up_avalon_video_character_buffer_with_dma.o)
                0x00001e64                alt_up_char_buffer_string
                0x00001eec                alt_up_char_buffer_draw
                0x00001f44                alt_up_char_buffer_clear
                0x00001f6c                alt_up_char_buffer_open_dev
                0x00001f8c                alt_up_char_buffer_init
 .text          0x00001fdc      0xa50 BSP/\libhal_bsp.a(altera_up_avalon_video_pixel_buffer_dma.o)
                0x00001fdc                helper_plot_pixel
                0x00002038                alt_up_pixel_buffer_dma_draw_line
                0x00002224                alt_up_pixel_buffer_dma_draw_vline
                0x000023b8                alt_up_pixel_buffer_dma_draw_hline
                0x0000252c                alt_up_pixel_buffer_dma_draw_rectangle
                0x000025fc                alt_up_pixel_buffer_dma_draw_box
                0x00002840                alt_up_pixel_buffer_dma_clear_screen
                0x000028f4                alt_up_pixel_buffer_dma_swap_buffers
                0x00002918                alt_up_pixel_buffer_dma_draw
                0x000029d4                alt_up_pixel_buffer_dma_check_swap_buffers_status
                0x000029e4                alt_up_pixel_buffer_dma_change_back_buffer_address
                0x00002a0c                alt_up_pixel_buffer_dma_open_dev
 .text          0x00002a2c       0x94 BSP/\libhal_bsp.a(alt_alarm_start.o)
                0x00002a2c                alt_alarm_start
 .text          0x00002ac0       0xdc BSP/\libhal_bsp.a(alt_close.o)
                0x00002ac0                close
 .text          0x00002b9c        0x4 BSP/\libhal_bsp.a(alt_dcache_flush_all.o)
                0x00002b9c                alt_dcache_flush_all
 .text          0x00002ba0        0x8 BSP/\libhal_bsp.a(alt_dev.o)
 .text          0x00002ba8       0x70 BSP/\libhal_bsp.a(alt_dev_llist_insert.o)
                0x00002ba8                alt_dev_llist_insert
 .text          0x00002c18        0x0 BSP/\libhal_bsp.a(alt_errno.o)
 .text          0x00002c18       0x70 BSP/\libhal_bsp.a(alt_find_dev.o)
                0x00002c18                alt_find_dev
 .text          0x00002c88       0x20 BSP/\libhal_bsp.a(alt_icache_flush_all.o)
                0x00002c88                alt_icache_flush_all
 .text          0x00002ca8       0xfc BSP/\libhal_bsp.a(alt_io_redirect.o)
                0x00002d0c                alt_io_redirect
 .text          0x00002da4       0xbc BSP/\libhal_bsp.a(alt_irq_register.o)
                0x00002da4                alt_irq_register
 .text          0x00002e60        0x0 BSP/\libhal_bsp.a(alt_irq_vars.o)
 .text          0x00002e60      0x17c BSP/\libhal_bsp.a(alt_open.o)
                0x00002e60                open
 .text          0x00002fdc       0x24 BSP/\libhal_bsp.a(alt_release_fd.o)
                0x00002fdc                alt_release_fd
 .text          0x00003000       0xe0 BSP/\libhal_bsp.a(alt_tick.o)
                0x00003000                alt_alarm_stop
                0x00003034                alt_tick
 .text          0x000030e0        0x8 BSP/\libhal_bsp.a(altera_nios2_irq.o)
                0x000030e0                altera_nios2_irq_init
 .text          0x000030e8       0xbc BSP/\libhal_bsp.a(alt_find_file.o)
                0x000030e8                alt_find_file
 .text          0x000031a4       0x6c BSP/\libhal_bsp.a(alt_get_fd.o)
                0x000031a4                alt_get_fd
 .text          0x00003210       0x3c BSP/\libhal_bsp.a(alt_icache_flush.o)
                0x00003210                alt_icache_flush
 .text          0x0000324c        0x0 BSP/\libhal_bsp.a(alt_irq_entry.o)
 .text          0x0000324c        0x0 BSP/\libhal_bsp.a(alt_irq_handler.o)
 .text          0x0000324c        0x0 BSP/\libhal_bsp.a(alt_exception_entry.o)
 .text          0x0000324c       0x38 c:/altera/11.0/nios2eds/bin/gnu/h-i686-mingw32/bin/../lib/gcc/nios2-elf/4.1.2/../../../../nios2-elf/lib\libc.a(lib_a-exit.o)
                0x0000324c                exit
 .text          0x00003284        0x0 c:/altera/11.0/nios2eds/bin/gnu/h-i686-mingw32/bin/../lib/gcc/nios2-elf/4.1.2/../../../../nios2-elf/lib\libc.a(lib_a-impure.o)
 .text          0x00003284        0x0 c:/altera/11.0/nios2eds/bin/gnu/h-i686-mingw32/bin/../lib/gcc/nios2-elf/4.1.2/../../../../nios2-elf/lib\libc.a(lib_a-int_errno.o)
 .text          0x00003284       0x74 c:/altera/11.0/nios2eds/bin/gnu/h-i686-mingw32/bin/../lib/gcc/nios2-elf/4.1.2/../../../../nios2-elf/lib\libc.a(lib_a-memcmp.o)
                0x00003284                memcmp
 .text          0x000032f8       0xa0 c:/altera/11.0/nios2eds/bin/gnu/h-i686-mingw32/bin/../lib/gcc/nios2-elf/4.1.2/../../../../nios2-elf/lib\libc.a(lib_a-memcpy.o)
                0x000032f8                memcpy
 .text          0x00003398      0x1ec c:/altera/11.0/nios2eds/bin/gnu/h-i686-mingw32/bin/../lib/gcc/nios2-elf/4.1.2/../../../../nios2-elf/lib\libc.a(lib_a-putc.o)
                0x00003398                putc
                0x0000349c                _putc_r
 .text          0x00003584       0xbc c:/altera/11.0/nios2eds/bin/gnu/h-i686-mingw32/bin/../lib/gcc/nios2-elf/4.1.2/../../../../nios2-elf/lib\libc.a(lib_a-strcmp.o)
                0x00003584                strcmp
 .text          0x00003640       0x74 c:/altera/11.0/nios2eds/bin/gnu/h-i686-mingw32/bin/../lib/gcc/nios2-elf/4.1.2/../../../../nios2-elf/lib\libc.a(lib_a-strlen.o)
                0x00003640                strlen
 .text          0x000036b4      0x14c c:/altera/11.0/nios2eds/bin/gnu/h-i686-mingw32/bin/../lib/gcc/nios2-elf/4.1.2/../../../../nios2-elf/lib\libc.a(lib_a-wbuf.o)
                0x000036b4                __swbuf_r
                0x000037e4                __swbuf
 .text          0x00003800      0x13c c:/altera/11.0/nios2eds/bin/gnu/h-i686-mingw32/bin/../lib/gcc/nios2-elf/4.1.2/../../../../nios2-elf/lib\libc.a(lib_a-wsetup.o)
                0x00003800                __swsetup_r
 .text          0x0000393c      0x1b4 c:/altera/11.0/nios2eds/bin/gnu/h-i686-mingw32/bin/../lib/gcc/nios2-elf/4.1.2/../../../../nios2-elf/lib\libc.a(lib_a-__call_atexit.o)
                0x00003940                __call_exitprocs
 .text          0x00003af0      0x230 c:/altera/11.0/nios2eds/bin/gnu/h-i686-mingw32/bin/../lib/gcc/nios2-elf/4.1.2/../../../../nios2-elf/lib\libc.a(lib_a-fflush.o)
                0x00003af0                _fflush_r
                0x00003cec                fflush
 .text          0x00003d20      0x2c0 c:/altera/11.0/nios2eds/bin/gnu/h-i686-mingw32/bin/../lib/gcc/nios2-elf/4.1.2/../../../../nios2-elf/lib\libc.a(lib_a-findfp.o)
                0x00003d78                __sfp_lock_acquire
                0x00003d7c                __sfp_lock_release
                0x00003d80                __sinit_lock_acquire
                0x00003d84                __sinit_lock_release
                0x00003d88                __sinit
                0x00003e3c                __fp_unlock_all
                0x00003e54                __fp_lock_all
                0x00003e6c                _cleanup_r
                0x00003e78                _cleanup
                0x00003e88                __sfmoreglue
                0x00003ef0                __sfp
 .text          0x00003fe0      0x440 c:/altera/11.0/nios2eds/bin/gnu/h-i686-mingw32/bin/../lib/gcc/nios2-elf/4.1.2/../../../../nios2-elf/lib\libc.a(lib_a-freer.o)
                0x00003fe0                _malloc_trim_r
                0x0000410c                _free_r
 .text          0x00004420      0x180 c:/altera/11.0/nios2eds/bin/gnu/h-i686-mingw32/bin/../lib/gcc/nios2-elf/4.1.2/../../../../nios2-elf/lib\libc.a(lib_a-fwalk.o)
                0x00004420                _fwalk_reent
                0x000044e8                _fwalk
 .text          0x000045a0      0x194 c:/altera/11.0/nios2eds/bin/gnu/h-i686-mingw32/bin/../lib/gcc/nios2-elf/4.1.2/../../../../nios2-elf/lib\libc.a(lib_a-makebuf.o)
                0x000045a0                __smakebuf_r
 .text          0x00004734      0x740 c:/altera/11.0/nios2eds/bin/gnu/h-i686-mingw32/bin/../lib/gcc/nios2-elf/4.1.2/../../../../nios2-elf/lib\libc.a(lib_a-mallocr.o)
                0x00004734                _malloc_r
 .text          0x00004e74       0x98 c:/altera/11.0/nios2eds/bin/gnu/h-i686-mingw32/bin/../lib/gcc/nios2-elf/4.1.2/../../../../nios2-elf/lib\libc.a(lib_a-memset.o)
                0x00004e74                memset
 .text          0x00004f0c       0x70 c:/altera/11.0/nios2eds/bin/gnu/h-i686-mingw32/bin/../lib/gcc/nios2-elf/4.1.2/../../../../nios2-elf/lib\libc.a(lib_a-sbrkr.o)
                0x00004f0c                _sbrk_r
 .text          0x00004f7c      0x14c c:/altera/11.0/nios2eds/bin/gnu/h-i686-mingw32/bin/../lib/gcc/nios2-elf/4.1.2/../../../../nios2-elf/lib\libc.a(lib_a-stdio.o)
                0x00004f7c                __sclose
                0x00004f84                __sseek
                0x00004fec                __swrite
                0x00005068                __sread
 .text          0x000050c8       0x78 c:/altera/11.0/nios2eds/bin/gnu/h-i686-mingw32/bin/../lib/gcc/nios2-elf/4.1.2/../../../../nios2-elf/lib\libc.a(lib_a-writer.o)
                0x000050c8                _write_r
 .text          0x00005140       0x70 c:/altera/11.0/nios2eds/bin/gnu/h-i686-mingw32/bin/../lib/gcc/nios2-elf/4.1.2/../../../../nios2-elf/lib\libc.a(lib_a-closer.o)
                0x00005140                _close_r
 .text          0x000051b0      0x124 c:/altera/11.0/nios2eds/bin/gnu/h-i686-mingw32/bin/../lib/gcc/nios2-elf/4.1.2/../../../../nios2-elf/lib\libc.a(lib_a-fclose.o)
                0x000051b0                _fclose_r
                0x000052c0                fclose
 .text          0x000052d4       0x74 c:/altera/11.0/nios2eds/bin/gnu/h-i686-mingw32/bin/../lib/gcc/nios2-elf/4.1.2/../../../../nios2-elf/lib\libc.a(lib_a-fstatr.o)
                0x000052d4                _fstat_r
 .text          0x00005348       0x70 c:/altera/11.0/nios2eds/bin/gnu/h-i686-mingw32/bin/../lib/gcc/nios2-elf/4.1.2/../../../../nios2-elf/lib\libc.a(lib_a-isattyr.o)
                0x00005348                _isatty_r
 .text          0x000053b8       0x78 c:/altera/11.0/nios2eds/bin/gnu/h-i686-mingw32/bin/../lib/gcc/nios2-elf/4.1.2/../../../../nios2-elf/lib\libc.a(lib_a-lseekr.o)
                0x000053b8                _lseek_r
 .text          0x00005430       0x78 c:/altera/11.0/nios2eds/bin/gnu/h-i686-mingw32/bin/../lib/gcc/nios2-elf/4.1.2/../../../../nios2-elf/lib\libc.a(lib_a-readr.o)
                0x00005430                _read_r
 .text          0x000054a8       0x14 BSP/\libhal_bsp.a(alt_exit.o)
                0x000054a8                _exit
 .text          0x000054bc       0x80 BSP/\libhal_bsp.a(alt_fstat.o)
                0x000054bc                fstat
 .text          0x0000553c       0x84 BSP/\libhal_bsp.a(alt_isatty.o)
                0x0000553c                isatty
 .text          0x000055c0       0x98 BSP/\libhal_bsp.a(alt_lseek.o)
                0x000055c0                lseek
 .text          0x00005658        0x8 BSP/\libhal_bsp.a(alt_malloc_lock.o)
                0x00005658                __malloc_lock
                0x0000565c                __malloc_unlock
 .text          0x00005660       0xf8 BSP/\libhal_bsp.a(alt_read.o)
                0x00005660                read
 .text          0x00005758       0x50 BSP/\libhal_bsp.a(alt_sbrk.o)
                0x00005758                sbrk
 .text          0x000057a8       0xf4 BSP/\libhal_bsp.a(alt_write.o)
                0x000057a8                write
 *(.gnu.warning.*)
 *(.fini)
                0x0000589c                PROVIDE (__etext, ABSOLUTE (.))
                0x0000589c                PROVIDE (_etext, ABSOLUTE (.))
                0x0000589c                PROVIDE (etext, ABSOLUTE (.))
 *(.eh_frame_hdr)
                0x0000589c                . = ALIGN (0x4)
                0x0000589c                PROVIDE (__preinit_array_start, ABSOLUTE (.))
 *(.preinit_array)
                0x0000589c                PROVIDE (__preinit_array_end, ABSOLUTE (.))
                0x0000589c                PROVIDE (__init_array_start, ABSOLUTE (.))
 *(.init_array)
                0x0000589c                PROVIDE (__init_array_end, ABSOLUTE (.))
                0x0000589c                PROVIDE (__fini_array_start, ABSOLUTE (.))
 *(.fini_array)
                0x0000589c                PROVIDE (__fini_array_end, ABSOLUTE (.))
 *(.eh_frame)
 *(.gcc_except_table)
 *(.dynamic)
                0x0000589c                PROVIDE (__CTOR_LIST__, ABSOLUTE (.))
 *(.ctors)
 *(SORT(.ctors.*))
 .ctors.65535   0x0000589c        0x4 c:/altera/11.0/nios2eds/bin/gnu/h-i686-mingw32/bin/../lib/gcc/nios2-elf/4.1.2/../../../../nios2-elf/lib\libc.a(lib_a-__call_atexit.o)
                0x000058a0                PROVIDE (__CTOR_END__, ABSOLUTE (.))
                0x000058a0                PROVIDE (__DTOR_LIST__, ABSOLUTE (.))
 *(.dtors)
 *(SORT(.dtors.*))
                0x000058a0                PROVIDE (__DTOR_END__, ABSOLUTE (.))
 *(.jcr)
                0x000058a0                . = ALIGN (0x4)

.rodata         0x000058a0      0x314
                0x000058a0                PROVIDE (__ram_rodata_start, ABSOLUTE (.))
                0x000058a0                . = ALIGN (0x4)
 *(.rodata .rodata.* .gnu.linkonce.r.*)
 .rodata.str1.4
                0x000058a0       0xdc obj//C/ece5760/lab4/lander/media_graphics_HAL.o
 .rodata        0x0000597c      0x100 c:/altera/11.0/nios2eds/bin/gnu/h-i686-mingw32/bin/../lib/gcc/nios2-elf/4.1.2\libgcc.a(_clz.o)
                0x0000597c                __clz_tab
 .rodata.str1.4
                0x00005a7c        0xf BSP/\libhal_bsp.a(alt_main.o)
                                 0x10 (size before relaxing)
 *fill*         0x00005a8b        0x1 00
 .rodata.str1.4
                0x00005a8c      0x116 BSP/\libhal_bsp.a(alt_sys_init.o)
                                0x140 (size before relaxing)
 .rodata.str1.4
                0x00000000      0x116 BSP/\libhal_bsp.a(altera_up_avalon_video_character_buffer_with_dma.o)
                                 0x1c (size before relaxing)
 *fill*         0x00005ba2        0x2 00
 .rodata.str1.4
                0x00005ba4        0xa BSP/\libhal_bsp.a(alt_dev.o)
                                  0xc (size before relaxing)
 *fill*         0x00005bae        0x2 00
 .rodata.str1.4
                0x00005bb0        0x4 c:/altera/11.0/nios2eds/bin/gnu/h-i686-mingw32/bin/../lib/gcc/nios2-elf/4.1.2/../../../../nios2-elf/lib\libc.a(lib_a-impure.o)
 *(.rodata1)
                0x00005bb4                . = ALIGN (0x4)
                0x00005bb4                PROVIDE (__ram_rodata_end, ABSOLUTE (.))
                0x000058a0                PROVIDE (__flash_rodata_start, LOADADDR (.rodata))

.rwdata         0x00005bb4     0xa2cc load address 0x0000fe80
                0x00005bb4                PROVIDE (__ram_rwdata_start, ABSOLUTE (.))
                0x00005bb4                . = ALIGN (0x4)
 *(.got.plt)
 *(.got)
 *(.data1)
 *(.data .data.* .gnu.linkonce.d.*)
 .data          0x00005bb4        0x0 BSP//obj/HAL/src/crt0.o
 .data          0x00005bb4     0x8598 obj//C/ece5760/lab4/lander/media_graphics_HAL.o
                0x00005bb4                landers
                0x0000ddc8                explode
 .data          0x0000e14c        0x0 c:/altera/11.0/nios2eds/bin/gnu/h-i686-mingw32/bin/../lib/gcc/nios2-elf/4.1.2\libgcc.a(_lt_sf.o)
 .data          0x0000e14c        0x0 c:/altera/11.0/nios2eds/bin/gnu/h-i686-mingw32/bin/../lib/gcc/nios2-elf/4.1.2\libgcc.a(_si_to_sf.o)
 .data          0x0000e14c        0x0 c:/altera/11.0/nios2eds/bin/gnu/h-i686-mingw32/bin/../lib/gcc/nios2-elf/4.1.2\libgcc.a(_clzsi2.o)
 .data          0x0000e14c        0x0 c:/altera/11.0/nios2eds/bin/gnu/h-i686-mingw32/bin/../lib/gcc/nios2-elf/4.1.2\libgcc.a(_pack_sf.o)
 .data          0x0000e14c        0x0 c:/altera/11.0/nios2eds/bin/gnu/h-i686-mingw32/bin/../lib/gcc/nios2-elf/4.1.2\libgcc.a(_unpack_sf.o)
 .data          0x0000e14c        0x0 c:/altera/11.0/nios2eds/bin/gnu/h-i686-mingw32/bin/../lib/gcc/nios2-elf/4.1.2\libgcc.a(_fpcmp_parts_sf.o)
 .data          0x0000e14c        0x0 c:/altera/11.0/nios2eds/bin/gnu/h-i686-mingw32/bin/../lib/gcc/nios2-elf/4.1.2\libgcc.a(_clz.o)
 .data          0x0000e14c        0x0 BSP/\libhal_bsp.a(alt_load.o)
 .data          0x0000e14c        0x0 BSP/\libhal_bsp.a(alt_main.o)
 .data          0x0000e14c        0x0 BSP/\libhal_bsp.a(alt_printf.o)
 .data          0x0000e14c        0x0 BSP/\libhal_bsp.a(alt_putchar.o)
 .data          0x0000e14c     0x134c BSP/\libhal_bsp.a(alt_sys_init.o)
 .data          0x0000f498        0x0 BSP/\libhal_bsp.a(altera_avalon_jtag_uart_fd.o)
 .data          0x0000f498        0x0 BSP/\libhal_bsp.a(altera_avalon_jtag_uart_init.o)
 .data          0x0000f498        0x0 BSP/\libhal_bsp.a(altera_avalon_jtag_uart_ioctl.o)
 .data          0x0000f498        0x0 BSP/\libhal_bsp.a(altera_avalon_jtag_uart_read.o)
 .data          0x0000f498        0x0 BSP/\libhal_bsp.a(altera_avalon_jtag_uart_write.o)
 .data          0x0000f498        0x0 BSP/\libhal_bsp.a(altera_avalon_timer_sc.o)
 .data          0x0000f498        0x0 BSP/\libhal_bsp.a(altera_up_avalon_character_lcd.o)
 .data          0x0000f498        0x0 BSP/\libhal_bsp.a(altera_up_avalon_ps2.o)
 .data          0x0000f498        0x0 BSP/\libhal_bsp.a(altera_up_avalon_rs232.o)
 .data          0x0000f498        0x0 BSP/\libhal_bsp.a(altera_up_avalon_video_character_buffer_with_dma.o)
 .data          0x0000f498        0x0 BSP/\libhal_bsp.a(altera_up_avalon_video_pixel_buffer_dma.o)
 .data          0x0000f498        0x0 BSP/\libhal_bsp.a(alt_alarm_start.o)
 .data          0x0000f498        0x0 BSP/\libhal_bsp.a(alt_close.o)
 .data          0x0000f498        0x0 BSP/\libhal_bsp.a(alt_dcache_flush_all.o)
 .data          0x0000f498      0x1a8 BSP/\libhal_bsp.a(alt_dev.o)
                0x0000f498                alt_dev_null
                0x0000f4c0                alt_fd_list
 .data          0x0000f640        0x0 BSP/\libhal_bsp.a(alt_dev_llist_insert.o)
 .data          0x0000f640        0x0 BSP/\libhal_bsp.a(alt_errno.o)
 .data          0x0000f640        0x0 BSP/\libhal_bsp.a(alt_find_dev.o)
 .data          0x0000f640        0x0 BSP/\libhal_bsp.a(alt_icache_flush_all.o)
 .data          0x0000f640        0x0 BSP/\libhal_bsp.a(alt_io_redirect.o)
 .data          0x0000f640        0x0 BSP/\libhal_bsp.a(alt_irq_register.o)
 .data          0x0000f640        0x0 BSP/\libhal_bsp.a(alt_irq_vars.o)
 .data          0x0000f640        0x0 BSP/\libhal_bsp.a(alt_open.o)
 .data          0x0000f640        0x0 BSP/\libhal_bsp.a(alt_release_fd.o)
 .data          0x0000f640        0x0 BSP/\libhal_bsp.a(alt_tick.o)
 .data          0x0000f640        0x0 BSP/\libhal_bsp.a(altera_nios2_irq.o)
 .data          0x0000f640        0x0 BSP/\libhal_bsp.a(alt_find_file.o)
 .data          0x0000f640        0x0 BSP/\libhal_bsp.a(alt_get_fd.o)
 .data          0x0000f640        0x0 BSP/\libhal_bsp.a(alt_icache_flush.o)
 .data          0x0000f640        0x0 BSP/\libhal_bsp.a(alt_irq_entry.o)
 .data          0x0000f640        0x0 BSP/\libhal_bsp.a(alt_irq_handler.o)
 .data          0x0000f640        0x0 BSP/\libhal_bsp.a(alt_exception_entry.o)
 .data          0x0000f640        0x0 c:/altera/11.0/nios2eds/bin/gnu/h-i686-mingw32/bin/../lib/gcc/nios2-elf/4.1.2/../../../../nios2-elf/lib\libc.a(lib_a-exit.o)
 .data          0x0000f640      0x400 c:/altera/11.0/nios2eds/bin/gnu/h-i686-mingw32/bin/../lib/gcc/nios2-elf/4.1.2/../../../../nios2-elf/lib\libc.a(lib_a-impure.o)
 .data          0x0000fa40        0x0 c:/altera/11.0/nios2eds/bin/gnu/h-i686-mingw32/bin/../lib/gcc/nios2-elf/4.1.2/../../../../nios2-elf/lib\libc.a(lib_a-int_errno.o)
 .data          0x0000fa40        0x0 c:/altera/11.0/nios2eds/bin/gnu/h-i686-mingw32/bin/../lib/gcc/nios2-elf/4.1.2/../../../../nios2-elf/lib\libc.a(lib_a-memcmp.o)
 .data          0x0000fa40        0x0 c:/altera/11.0/nios2eds/bin/gnu/h-i686-mingw32/bin/../lib/gcc/nios2-elf/4.1.2/../../../../nios2-elf/lib\libc.a(lib_a-memcpy.o)
 .data          0x0000fa40        0x0 c:/altera/11.0/nios2eds/bin/gnu/h-i686-mingw32/bin/../lib/gcc/nios2-elf/4.1.2/../../../../nios2-elf/lib\libc.a(lib_a-putc.o)
 .data          0x0000fa40        0x0 c:/altera/11.0/nios2eds/bin/gnu/h-i686-mingw32/bin/../lib/gcc/nios2-elf/4.1.2/../../../../nios2-elf/lib\libc.a(lib_a-strcmp.o)
 .data          0x0000fa40        0x0 c:/altera/11.0/nios2eds/bin/gnu/h-i686-mingw32/bin/../lib/gcc/nios2-elf/4.1.2/../../../../nios2-elf/lib\libc.a(lib_a-strlen.o)
 .data          0x0000fa40        0x0 c:/altera/11.0/nios2eds/bin/gnu/h-i686-mingw32/bin/../lib/gcc/nios2-elf/4.1.2/../../../../nios2-elf/lib\libc.a(lib_a-wbuf.o)
 .data          0x0000fa40        0x0 c:/altera/11.0/nios2eds/bin/gnu/h-i686-mingw32/bin/../lib/gcc/nios2-elf/4.1.2/../../../../nios2-elf/lib\libc.a(lib_a-wsetup.o)
 .data          0x0000fa40        0x0 c:/altera/11.0/nios2eds/bin/gnu/h-i686-mingw32/bin/../lib/gcc/nios2-elf/4.1.2/../../../../nios2-elf/lib\libc.a(lib_a-__call_atexit.o)
 .data          0x0000fa40        0x0 c:/altera/11.0/nios2eds/bin/gnu/h-i686-mingw32/bin/../lib/gcc/nios2-elf/4.1.2/../../../../nios2-elf/lib\libc.a(lib_a-fflush.o)
 .data          0x0000fa40        0x0 c:/altera/11.0/nios2eds/bin/gnu/h-i686-mingw32/bin/../lib/gcc/nios2-elf/4.1.2/../../../../nios2-elf/lib\libc.a(lib_a-findfp.o)
 .data          0x0000fa40        0x0 c:/altera/11.0/nios2eds/bin/gnu/h-i686-mingw32/bin/../lib/gcc/nios2-elf/4.1.2/../../../../nios2-elf/lib\libc.a(lib_a-freer.o)
 .data          0x0000fa40        0x0 c:/altera/11.0/nios2eds/bin/gnu/h-i686-mingw32/bin/../lib/gcc/nios2-elf/4.1.2/../../../../nios2-elf/lib\libc.a(lib_a-fwalk.o)
 .data          0x0000fa40        0x0 c:/altera/11.0/nios2eds/bin/gnu/h-i686-mingw32/bin/../lib/gcc/nios2-elf/4.1.2/../../../../nios2-elf/lib\libc.a(lib_a-makebuf.o)
 .data          0x0000fa40      0x408 c:/altera/11.0/nios2eds/bin/gnu/h-i686-mingw32/bin/../lib/gcc/nios2-elf/4.1.2/../../../../nios2-elf/lib\libc.a(lib_a-mallocr.o)
                0x0000fa40                __malloc_av_
 .data          0x0000fe48        0x0 c:/altera/11.0/nios2eds/bin/gnu/h-i686-mingw32/bin/../lib/gcc/nios2-elf/4.1.2/../../../../nios2-elf/lib\libc.a(lib_a-memset.o)
 .data          0x0000fe48        0x0 c:/altera/11.0/nios2eds/bin/gnu/h-i686-mingw32/bin/../lib/gcc/nios2-elf/4.1.2/../../../../nios2-elf/lib\libc.a(lib_a-sbrkr.o)
 .data          0x0000fe48        0x0 c:/altera/11.0/nios2eds/bin/gnu/h-i686-mingw32/bin/../lib/gcc/nios2-elf/4.1.2/../../../../nios2-elf/lib\libc.a(lib_a-stdio.o)
 .data          0x0000fe48        0x0 c:/altera/11.0/nios2eds/bin/gnu/h-i686-mingw32/bin/../lib/gcc/nios2-elf/4.1.2/../../../../nios2-elf/lib\libc.a(lib_a-writer.o)
 .data          0x0000fe48        0x0 c:/altera/11.0/nios2eds/bin/gnu/h-i686-mingw32/bin/../lib/gcc/nios2-elf/4.1.2/../../../../nios2-elf/lib\libc.a(lib_a-closer.o)
 .data          0x0000fe48        0x0 c:/altera/11.0/nios2eds/bin/gnu/h-i686-mingw32/bin/../lib/gcc/nios2-elf/4.1.2/../../../../nios2-elf/lib\libc.a(lib_a-fclose.o)
 .data          0x0000fe48        0x0 c:/altera/11.0/nios2eds/bin/gnu/h-i686-mingw32/bin/../lib/gcc/nios2-elf/4.1.2/../../../../nios2-elf/lib\libc.a(lib_a-fstatr.o)
 .data          0x0000fe48        0x0 c:/altera/11.0/nios2eds/bin/gnu/h-i686-mingw32/bin/../lib/gcc/nios2-elf/4.1.2/../../../../nios2-elf/lib\libc.a(lib_a-isattyr.o)
 .data          0x0000fe48        0x0 c:/altera/11.0/nios2eds/bin/gnu/h-i686-mingw32/bin/../lib/gcc/nios2-elf/4.1.2/../../../../nios2-elf/lib\libc.a(lib_a-lseekr.o)
 .data          0x0000fe48        0x0 c:/altera/11.0/nios2eds/bin/gnu/h-i686-mingw32/bin/../lib/gcc/nios2-elf/4.1.2/../../../../nios2-elf/lib\libc.a(lib_a-readr.o)
 .data          0x0000fe48        0x0 BSP/\libhal_bsp.a(alt_exit.o)
 .data          0x0000fe48        0x0 BSP/\libhal_bsp.a(alt_fstat.o)
 .data          0x0000fe48        0x0 BSP/\libhal_bsp.a(alt_isatty.o)
 .data          0x0000fe48        0x0 BSP/\libhal_bsp.a(alt_lseek.o)
 .data          0x0000fe48        0x0 BSP/\libhal_bsp.a(alt_malloc_lock.o)
 .data          0x0000fe48        0x0 BSP/\libhal_bsp.a(alt_read.o)
 .data          0x0000fe48        0x0 BSP/\libhal_bsp.a(alt_sbrk.o)
 .data          0x0000fe48        0x0 BSP/\libhal_bsp.a(alt_write.o)
                0x00017e48                _gp = ABSOLUTE ((. + 0x8000))
                0x00017e48                PROVIDE (gp, _gp)
 *(.rwdata .rwdata.*)
 *(.sdata .sdata.* .gnu.linkonce.s.*)
 .sdata         0x0000fe48       0x14 BSP/\libhal_bsp.a(alt_dev.o)
                0x0000fe48                alt_fs_list
                0x0000fe50                alt_dev_list
                0x0000fe58                alt_max_fd
 .sdata         0x0000fe5c        0x4 BSP/\libhal_bsp.a(alt_errno.o)
                0x0000fe5c                alt_errno
 .sdata         0x0000fe60        0x4 BSP/\libhal_bsp.a(alt_irq_vars.o)
                0x0000fe60                alt_priority_mask
 .sdata         0x0000fe64        0x8 BSP/\libhal_bsp.a(alt_tick.o)
                0x0000fe64                alt_alarm_list
 .sdata         0x0000fe6c        0x8 c:/altera/11.0/nios2eds/bin/gnu/h-i686-mingw32/bin/../lib/gcc/nios2-elf/4.1.2/../../../../nios2-elf/lib\libc.a(lib_a-impure.o)
                0x0000fe6c                _impure_ptr
                0x0000fe70                _global_impure_ptr
 .sdata         0x0000fe74        0x8 c:/altera/11.0/nios2eds/bin/gnu/h-i686-mingw32/bin/../lib/gcc/nios2-elf/4.1.2/../../../../nios2-elf/lib\libc.a(lib_a-mallocr.o)
                0x0000fe74                __malloc_trim_threshold
                0x0000fe78                __malloc_sbrk_base
 .sdata         0x0000fe7c        0x4 BSP/\libhal_bsp.a(alt_sbrk.o)
 *(.sdata2 .sdata2.* .gnu.linkonce.s2.*)
                0x0000fe80                . = ALIGN (0x4)
                0x0000fe80                _edata = ABSOLUTE (.)
                0x0000fe80                PROVIDE (edata, ABSOLUTE (.))
                0x0000fe80                PROVIDE (__ram_rwdata_end, ABSOLUTE (.))
                0x0000fe80                PROVIDE (__flash_rwdata_start, LOADADDR (.rwdata))

.bss            0x0001a14c      0x150
                0x0001a14c                __bss_start = ABSOLUTE (.)
                0x0001a14c                PROVIDE (__sbss_start, ABSOLUTE (.))
                0x0001a14c                PROVIDE (___sbss_start, ABSOLUTE (.))
 *(.dynsbss)
 *(.sbss .sbss.* .gnu.linkonce.sb.*)
 .sbss          0x0001a14c        0xc BSP/\libhal_bsp.a(alt_main.o)
                0x0001a14c                alt_argc
                0x0001a150                alt_argv
                0x0001a154                alt_envp
 .sbss          0x0001a158        0x4 BSP/\libhal_bsp.a(alt_irq_vars.o)
                0x0001a158                alt_irq_active
 .sbss          0x0001a15c        0x8 BSP/\libhal_bsp.a(alt_tick.o)
                0x0001a15c                _alt_tick_rate
                0x0001a160                _alt_nticks
 .sbss          0x0001a164        0x4 c:/altera/11.0/nios2eds/bin/gnu/h-i686-mingw32/bin/../lib/gcc/nios2-elf/4.1.2/../../../../nios2-elf/lib\libc.a(lib_a-int_errno.o)
                0x0001a164                errno
 .sbss          0x0001a168        0xc c:/altera/11.0/nios2eds/bin/gnu/h-i686-mingw32/bin/../lib/gcc/nios2-elf/4.1.2/../../../../nios2-elf/lib\libc.a(lib_a-mallocr.o)
                0x0001a168                __malloc_top_pad
                0x0001a16c                __malloc_max_sbrked_mem
                0x0001a170                __malloc_max_total_mem
 *(.sbss2 .sbss2.* .gnu.linkonce.sb2.*)
 *(.scommon)
                0x0001a174                PROVIDE (__sbss_end, ABSOLUTE (.))
                0x0001a174                PROVIDE (___sbss_end, ABSOLUTE (.))
 *(.dynbss)
 *(.bss .bss.* .gnu.linkonce.b.*)
 .bss           0x0001a174        0x0 BSP//obj/HAL/src/crt0.o
 .bss           0x0001a174        0x0 obj//C/ece5760/lab4/lander/media_graphics_HAL.o
 .bss           0x0001a174        0x0 c:/altera/11.0/nios2eds/bin/gnu/h-i686-mingw32/bin/../lib/gcc/nios2-elf/4.1.2\libgcc.a(_lt_sf.o)
 .bss           0x0001a174        0x0 c:/altera/11.0/nios2eds/bin/gnu/h-i686-mingw32/bin/../lib/gcc/nios2-elf/4.1.2\libgcc.a(_si_to_sf.o)
 .bss           0x0001a174        0x0 c:/altera/11.0/nios2eds/bin/gnu/h-i686-mingw32/bin/../lib/gcc/nios2-elf/4.1.2\libgcc.a(_clzsi2.o)
 .bss           0x0001a174        0x0 c:/altera/11.0/nios2eds/bin/gnu/h-i686-mingw32/bin/../lib/gcc/nios2-elf/4.1.2\libgcc.a(_pack_sf.o)
 .bss           0x0001a174        0x0 c:/altera/11.0/nios2eds/bin/gnu/h-i686-mingw32/bin/../lib/gcc/nios2-elf/4.1.2\libgcc.a(_unpack_sf.o)
 .bss           0x0001a174        0x0 c:/altera/11.0/nios2eds/bin/gnu/h-i686-mingw32/bin/../lib/gcc/nios2-elf/4.1.2\libgcc.a(_fpcmp_parts_sf.o)
 .bss           0x0001a174        0x0 c:/altera/11.0/nios2eds/bin/gnu/h-i686-mingw32/bin/../lib/gcc/nios2-elf/4.1.2\libgcc.a(_clz.o)
 .bss           0x0001a174        0x0 BSP/\libhal_bsp.a(alt_load.o)
 .bss           0x0001a174        0x0 BSP/\libhal_bsp.a(alt_main.o)
 .bss           0x0001a174        0x0 BSP/\libhal_bsp.a(alt_printf.o)
 .bss           0x0001a174        0x0 BSP/\libhal_bsp.a(alt_putchar.o)
 .bss           0x0001a174        0x0 BSP/\libhal_bsp.a(alt_sys_init.o)
 .bss           0x0001a174        0x0 BSP/\libhal_bsp.a(altera_avalon_jtag_uart_fd.o)
 .bss           0x0001a174        0x0 BSP/\libhal_bsp.a(altera_avalon_jtag_uart_init.o)
 .bss           0x0001a174        0x0 BSP/\libhal_bsp.a(altera_avalon_jtag_uart_ioctl.o)
 .bss           0x0001a174        0x0 BSP/\libhal_bsp.a(altera_avalon_jtag_uart_read.o)
 .bss           0x0001a174        0x0 BSP/\libhal_bsp.a(altera_avalon_jtag_uart_write.o)
 .bss           0x0001a174        0x0 BSP/\libhal_bsp.a(altera_avalon_timer_sc.o)
 .bss           0x0001a174        0x0 BSP/\libhal_bsp.a(altera_up_avalon_character_lcd.o)
 .bss           0x0001a174        0x0 BSP/\libhal_bsp.a(altera_up_avalon_ps2.o)
 .bss           0x0001a174        0x0 BSP/\libhal_bsp.a(altera_up_avalon_rs232.o)
 .bss           0x0001a174        0x0 BSP/\libhal_bsp.a(altera_up_avalon_video_character_buffer_with_dma.o)
 .bss           0x0001a174        0x0 BSP/\libhal_bsp.a(altera_up_avalon_video_pixel_buffer_dma.o)
 .bss           0x0001a174        0x0 BSP/\libhal_bsp.a(alt_alarm_start.o)
 .bss           0x0001a174        0x0 BSP/\libhal_bsp.a(alt_close.o)
 .bss           0x0001a174        0x0 BSP/\libhal_bsp.a(alt_dcache_flush_all.o)
 .bss           0x0001a174        0x0 BSP/\libhal_bsp.a(alt_dev.o)
 .bss           0x0001a174        0x0 BSP/\libhal_bsp.a(alt_dev_llist_insert.o)
 .bss           0x0001a174        0x0 BSP/\libhal_bsp.a(alt_errno.o)
 .bss           0x0001a174        0x0 BSP/\libhal_bsp.a(alt_find_dev.o)
 .bss           0x0001a174        0x0 BSP/\libhal_bsp.a(alt_icache_flush_all.o)
 .bss           0x0001a174        0x0 BSP/\libhal_bsp.a(alt_io_redirect.o)
 .bss           0x0001a174        0x0 BSP/\libhal_bsp.a(alt_irq_register.o)
 .bss           0x0001a174        0x0 BSP/\libhal_bsp.a(alt_irq_vars.o)
 .bss           0x0001a174        0x0 BSP/\libhal_bsp.a(alt_open.o)
 .bss           0x0001a174        0x0 BSP/\libhal_bsp.a(alt_release_fd.o)
 .bss           0x0001a174        0x0 BSP/\libhal_bsp.a(alt_tick.o)
 .bss           0x0001a174        0x0 BSP/\libhal_bsp.a(altera_nios2_irq.o)
 .bss           0x0001a174        0x0 BSP/\libhal_bsp.a(alt_find_file.o)
 .bss           0x0001a174        0x0 BSP/\libhal_bsp.a(alt_get_fd.o)
 .bss           0x0001a174        0x0 BSP/\libhal_bsp.a(alt_icache_flush.o)
 .bss           0x0001a174        0x0 BSP/\libhal_bsp.a(alt_irq_entry.o)
 .bss           0x0001a174        0x0 BSP/\libhal_bsp.a(alt_irq_handler.o)
 .bss           0x0001a174        0x0 BSP/\libhal_bsp.a(alt_exception_entry.o)
 .bss           0x0001a174        0x0 c:/altera/11.0/nios2eds/bin/gnu/h-i686-mingw32/bin/../lib/gcc/nios2-elf/4.1.2/../../../../nios2-elf/lib\libc.a(lib_a-exit.o)
 .bss           0x0001a174        0x0 c:/altera/11.0/nios2eds/bin/gnu/h-i686-mingw32/bin/../lib/gcc/nios2-elf/4.1.2/../../../../nios2-elf/lib\libc.a(lib_a-impure.o)
 .bss           0x0001a174        0x0 c:/altera/11.0/nios2eds/bin/gnu/h-i686-mingw32/bin/../lib/gcc/nios2-elf/4.1.2/../../../../nios2-elf/lib\libc.a(lib_a-int_errno.o)
 .bss           0x0001a174        0x0 c:/altera/11.0/nios2eds/bin/gnu/h-i686-mingw32/bin/../lib/gcc/nios2-elf/4.1.2/../../../../nios2-elf/lib\libc.a(lib_a-memcmp.o)
 .bss           0x0001a174        0x0 c:/altera/11.0/nios2eds/bin/gnu/h-i686-mingw32/bin/../lib/gcc/nios2-elf/4.1.2/../../../../nios2-elf/lib\libc.a(lib_a-memcpy.o)
 .bss           0x0001a174        0x0 c:/altera/11.0/nios2eds/bin/gnu/h-i686-mingw32/bin/../lib/gcc/nios2-elf/4.1.2/../../../../nios2-elf/lib\libc.a(lib_a-putc.o)
 .bss           0x0001a174        0x0 c:/altera/11.0/nios2eds/bin/gnu/h-i686-mingw32/bin/../lib/gcc/nios2-elf/4.1.2/../../../../nios2-elf/lib\libc.a(lib_a-strcmp.o)
 .bss           0x0001a174        0x0 c:/altera/11.0/nios2eds/bin/gnu/h-i686-mingw32/bin/../lib/gcc/nios2-elf/4.1.2/../../../../nios2-elf/lib\libc.a(lib_a-strlen.o)
 .bss           0x0001a174        0x0 c:/altera/11.0/nios2eds/bin/gnu/h-i686-mingw32/bin/../lib/gcc/nios2-elf/4.1.2/../../../../nios2-elf/lib\libc.a(lib_a-wbuf.o)
 .bss           0x0001a174        0x0 c:/altera/11.0/nios2eds/bin/gnu/h-i686-mingw32/bin/../lib/gcc/nios2-elf/4.1.2/../../../../nios2-elf/lib\libc.a(lib_a-wsetup.o)
 .bss           0x0001a174        0x0 c:/altera/11.0/nios2eds/bin/gnu/h-i686-mingw32/bin/../lib/gcc/nios2-elf/4.1.2/../../../../nios2-elf/lib\libc.a(lib_a-__call_atexit.o)
 .bss           0x0001a174        0x0 c:/altera/11.0/nios2eds/bin/gnu/h-i686-mingw32/bin/../lib/gcc/nios2-elf/4.1.2/../../../../nios2-elf/lib\libc.a(lib_a-fflush.o)
 .bss           0x0001a174        0x0 c:/altera/11.0/nios2eds/bin/gnu/h-i686-mingw32/bin/../lib/gcc/nios2-elf/4.1.2/../../../../nios2-elf/lib\libc.a(lib_a-findfp.o)
 .bss           0x0001a174        0x0 c:/altera/11.0/nios2eds/bin/gnu/h-i686-mingw32/bin/../lib/gcc/nios2-elf/4.1.2/../../../../nios2-elf/lib\libc.a(lib_a-freer.o)
 .bss           0x0001a174        0x0 c:/altera/11.0/nios2eds/bin/gnu/h-i686-mingw32/bin/../lib/gcc/nios2-elf/4.1.2/../../../../nios2-elf/lib\libc.a(lib_a-fwalk.o)
 .bss           0x0001a174        0x0 c:/altera/11.0/nios2eds/bin/gnu/h-i686-mingw32/bin/../lib/gcc/nios2-elf/4.1.2/../../../../nios2-elf/lib\libc.a(lib_a-makebuf.o)
 .bss           0x0001a174       0x28 c:/altera/11.0/nios2eds/bin/gnu/h-i686-mingw32/bin/../lib/gcc/nios2-elf/4.1.2/../../../../nios2-elf/lib\libc.a(lib_a-mallocr.o)
                0x0001a174                __malloc_current_mallinfo
 .bss           0x0001a19c        0x0 c:/altera/11.0/nios2eds/bin/gnu/h-i686-mingw32/bin/../lib/gcc/nios2-elf/4.1.2/../../../../nios2-elf/lib\libc.a(lib_a-memset.o)
 .bss           0x0001a19c        0x0 c:/altera/11.0/nios2eds/bin/gnu/h-i686-mingw32/bin/../lib/gcc/nios2-elf/4.1.2/../../../../nios2-elf/lib\libc.a(lib_a-sbrkr.o)
 .bss           0x0001a19c        0x0 c:/altera/11.0/nios2eds/bin/gnu/h-i686-mingw32/bin/../lib/gcc/nios2-elf/4.1.2/../../../../nios2-elf/lib\libc.a(lib_a-stdio.o)
 .bss           0x0001a19c        0x0 c:/altera/11.0/nios2eds/bin/gnu/h-i686-mingw32/bin/../lib/gcc/nios2-elf/4.1.2/../../../../nios2-elf/lib\libc.a(lib_a-writer.o)
 .bss           0x0001a19c        0x0 c:/altera/11.0/nios2eds/bin/gnu/h-i686-mingw32/bin/../lib/gcc/nios2-elf/4.1.2/../../../../nios2-elf/lib\libc.a(lib_a-closer.o)
 .bss           0x0001a19c        0x0 c:/altera/11.0/nios2eds/bin/gnu/h-i686-mingw32/bin/../lib/gcc/nios2-elf/4.1.2/../../../../nios2-elf/lib\libc.a(lib_a-fclose.o)
 .bss           0x0001a19c        0x0 c:/altera/11.0/nios2eds/bin/gnu/h-i686-mingw32/bin/../lib/gcc/nios2-elf/4.1.2/../../../../nios2-elf/lib\libc.a(lib_a-fstatr.o)
 .bss           0x0001a19c        0x0 c:/altera/11.0/nios2eds/bin/gnu/h-i686-mingw32/bin/../lib/gcc/nios2-elf/4.1.2/../../../../nios2-elf/lib\libc.a(lib_a-isattyr.o)
 .bss           0x0001a19c        0x0 c:/altera/11.0/nios2eds/bin/gnu/h-i686-mingw32/bin/../lib/gcc/nios2-elf/4.1.2/../../../../nios2-elf/lib\libc.a(lib_a-lseekr.o)
 .bss           0x0001a19c        0x0 c:/altera/11.0/nios2eds/bin/gnu/h-i686-mingw32/bin/../lib/gcc/nios2-elf/4.1.2/../../../../nios2-elf/lib\libc.a(lib_a-readr.o)
 .bss           0x0001a19c        0x0 BSP/\libhal_bsp.a(alt_exit.o)
 .bss           0x0001a19c        0x0 BSP/\libhal_bsp.a(alt_fstat.o)
 .bss           0x0001a19c        0x0 BSP/\libhal_bsp.a(alt_isatty.o)
 .bss           0x0001a19c        0x0 BSP/\libhal_bsp.a(alt_lseek.o)
 .bss           0x0001a19c        0x0 BSP/\libhal_bsp.a(alt_malloc_lock.o)
 .bss           0x0001a19c        0x0 BSP/\libhal_bsp.a(alt_read.o)
 .bss           0x0001a19c        0x0 BSP/\libhal_bsp.a(alt_sbrk.o)
 .bss           0x0001a19c        0x0 BSP/\libhal_bsp.a(alt_write.o)
 *(COMMON)
 COMMON         0x0001a19c      0x100 BSP/\libhal_bsp.a(alt_irq_handler.o)
                0x0001a19c                alt_irq
                0x0001a29c                . = ALIGN (0x4)
                0x0001a29c                __bss_end = ABSOLUTE (.)

.SDRAM          0x0001a29c        0x0
                0x0001a29c                PROVIDE (_alt_partition_SDRAM_start, ABSOLUTE (.))
 *(.SDRAM. SDRAM.*)
                0x0001a29c                . = ALIGN (0x4)
                0x0001a29c                PROVIDE (_alt_partition_SDRAM_end, ABSOLUTE (.))
                0x0001a29c                _end = ABSOLUTE (.)
                0x0001a29c                end = ABSOLUTE (.)
                0x0001a29c                __alt_stack_base = ABSOLUTE (.)
                0x0001a29c                PROVIDE (_alt_partition_SDRAM_load_addr, LOADADDR (.SDRAM))

.stab
 *(.stab)

.stabstr
 *(.stabstr)

.stab.excl
 *(.stab.excl)

.stab.exclstr
 *(.stab.exclstr)

.stab.index
 *(.stab.index)

.stab.indexstr
 *(.stab.indexstr)

.comment        0x00000000       0x23
 *(.comment)
 .comment       0x00000000       0x23 obj//C/ece5760/lab4/lander/media_graphics_HAL.o
                                 0x24 (size before relaxing)
 .comment       0x00000000       0x24 c:/altera/11.0/nios2eds/bin/gnu/h-i686-mingw32/bin/../lib/gcc/nios2-elf/4.1.2\libgcc.a(_lt_sf.o)
 .comment       0x00000000       0x24 c:/altera/11.0/nios2eds/bin/gnu/h-i686-mingw32/bin/../lib/gcc/nios2-elf/4.1.2\libgcc.a(_si_to_sf.o)
 .comment       0x00000000       0x24 c:/altera/11.0/nios2eds/bin/gnu/h-i686-mingw32/bin/../lib/gcc/nios2-elf/4.1.2\libgcc.a(_clzsi2.o)
 .comment       0x00000000       0x24 c:/altera/11.0/nios2eds/bin/gnu/h-i686-mingw32/bin/../lib/gcc/nios2-elf/4.1.2\libgcc.a(_pack_sf.o)
 .comment       0x00000000       0x24 c:/altera/11.0/nios2eds/bin/gnu/h-i686-mingw32/bin/../lib/gcc/nios2-elf/4.1.2\libgcc.a(_unpack_sf.o)
 .comment       0x00000000       0x24 c:/altera/11.0/nios2eds/bin/gnu/h-i686-mingw32/bin/../lib/gcc/nios2-elf/4.1.2\libgcc.a(_fpcmp_parts_sf.o)
 .comment       0x00000000       0x24 c:/altera/11.0/nios2eds/bin/gnu/h-i686-mingw32/bin/../lib/gcc/nios2-elf/4.1.2\libgcc.a(_clz.o)
 .comment       0x00000000       0x24 BSP/\libhal_bsp.a(alt_load.o)
 .comment       0x00000000       0x24 BSP/\libhal_bsp.a(alt_main.o)
 .comment       0x00000000       0x24 BSP/\libhal_bsp.a(alt_printf.o)
 .comment       0x00000000       0x24 BSP/\libhal_bsp.a(alt_putchar.o)
 .comment       0x00000000       0x24 BSP/\libhal_bsp.a(alt_sys_init.o)
 .comment       0x00000000       0x24 BSP/\libhal_bsp.a(altera_avalon_jtag_uart_fd.o)
 .comment       0x00000000       0x24 BSP/\libhal_bsp.a(altera_avalon_jtag_uart_init.o)
 .comment       0x00000000       0x24 BSP/\libhal_bsp.a(altera_avalon_jtag_uart_ioctl.o)
 .comment       0x00000000       0x24 BSP/\libhal_bsp.a(altera_avalon_jtag_uart_read.o)
 .comment       0x00000000       0x24 BSP/\libhal_bsp.a(altera_avalon_jtag_uart_write.o)
 .comment       0x00000000       0x24 BSP/\libhal_bsp.a(altera_avalon_timer_sc.o)
 .comment       0x00000000       0x24 BSP/\libhal_bsp.a(altera_up_avalon_character_lcd.o)
 .comment       0x00000000       0x24 BSP/\libhal_bsp.a(altera_up_avalon_ps2.o)
 .comment       0x00000000       0x24 BSP/\libhal_bsp.a(altera_up_avalon_rs232.o)
 .comment       0x00000000       0x24 BSP/\libhal_bsp.a(altera_up_avalon_video_character_buffer_with_dma.o)
 .comment       0x00000000       0x24 BSP/\libhal_bsp.a(altera_up_avalon_video_pixel_buffer_dma.o)
 .comment       0x00000000       0x24 BSP/\libhal_bsp.a(alt_alarm_start.o)
 .comment       0x00000000       0x24 BSP/\libhal_bsp.a(alt_close.o)
 .comment       0x00000000       0x24 BSP/\libhal_bsp.a(alt_dcache_flush_all.o)
 .comment       0x00000000       0x24 BSP/\libhal_bsp.a(alt_dev.o)
 .comment       0x00000000       0x24 BSP/\libhal_bsp.a(alt_dev_llist_insert.o)
 .comment       0x00000000       0x24 BSP/\libhal_bsp.a(alt_errno.o)
 .comment       0x00000000       0x24 BSP/\libhal_bsp.a(alt_find_dev.o)
 .comment       0x00000000       0x24 BSP/\libhal_bsp.a(alt_icache_flush_all.o)
 .comment       0x00000000       0x24 BSP/\libhal_bsp.a(alt_io_redirect.o)
 .comment       0x00000000       0x24 BSP/\libhal_bsp.a(alt_irq_register.o)
 .comment       0x00000000       0x24 BSP/\libhal_bsp.a(alt_irq_vars.o)
 .comment       0x00000000       0x24 BSP/\libhal_bsp.a(alt_open.o)
 .comment       0x00000000       0x24 BSP/\libhal_bsp.a(alt_release_fd.o)
 .comment       0x00000000       0x24 BSP/\libhal_bsp.a(alt_tick.o)
 .comment       0x00000000       0x24 BSP/\libhal_bsp.a(altera_nios2_irq.o)
 .comment       0x00000000       0x24 BSP/\libhal_bsp.a(alt_find_file.o)
 .comment       0x00000000       0x24 BSP/\libhal_bsp.a(alt_get_fd.o)
 .comment       0x00000000       0x24 BSP/\libhal_bsp.a(alt_icache_flush.o)
 .comment       0x00000000       0x24 BSP/\libhal_bsp.a(alt_irq_handler.o)
 .comment       0x00000000       0x24 c:/altera/11.0/nios2eds/bin/gnu/h-i686-mingw32/bin/../lib/gcc/nios2-elf/4.1.2/../../../../nios2-elf/lib\libc.a(lib_a-exit.o)
 .comment       0x00000000       0x24 c:/altera/11.0/nios2eds/bin/gnu/h-i686-mingw32/bin/../lib/gcc/nios2-elf/4.1.2/../../../../nios2-elf/lib\libc.a(lib_a-impure.o)
 .comment       0x00000000       0x24 c:/altera/11.0/nios2eds/bin/gnu/h-i686-mingw32/bin/../lib/gcc/nios2-elf/4.1.2/../../../../nios2-elf/lib\libc.a(lib_a-int_errno.o)
 .comment       0x00000000       0x24 c:/altera/11.0/nios2eds/bin/gnu/h-i686-mingw32/bin/../lib/gcc/nios2-elf/4.1.2/../../../../nios2-elf/lib\libc.a(lib_a-memcmp.o)
 .comment       0x00000000       0x24 c:/altera/11.0/nios2eds/bin/gnu/h-i686-mingw32/bin/../lib/gcc/nios2-elf/4.1.2/../../../../nios2-elf/lib\libc.a(lib_a-memcpy.o)
 .comment       0x00000000       0x24 c:/altera/11.0/nios2eds/bin/gnu/h-i686-mingw32/bin/../lib/gcc/nios2-elf/4.1.2/../../../../nios2-elf/lib\libc.a(lib_a-putc.o)
 .comment       0x00000000       0x24 c:/altera/11.0/nios2eds/bin/gnu/h-i686-mingw32/bin/../lib/gcc/nios2-elf/4.1.2/../../../../nios2-elf/lib\libc.a(lib_a-strcmp.o)
 .comment       0x00000000       0x24 c:/altera/11.0/nios2eds/bin/gnu/h-i686-mingw32/bin/../lib/gcc/nios2-elf/4.1.2/../../../../nios2-elf/lib\libc.a(lib_a-strlen.o)
 .comment       0x00000000       0x24 c:/altera/11.0/nios2eds/bin/gnu/h-i686-mingw32/bin/../lib/gcc/nios2-elf/4.1.2/../../../../nios2-elf/lib\libc.a(lib_a-wbuf.o)
 .comment       0x00000000       0x24 c:/altera/11.0/nios2eds/bin/gnu/h-i686-mingw32/bin/../lib/gcc/nios2-elf/4.1.2/../../../../nios2-elf/lib\libc.a(lib_a-wsetup.o)
 .comment       0x00000000       0x24 c:/altera/11.0/nios2eds/bin/gnu/h-i686-mingw32/bin/../lib/gcc/nios2-elf/4.1.2/../../../../nios2-elf/lib\libc.a(lib_a-__call_atexit.o)
 .comment       0x00000000       0x24 c:/altera/11.0/nios2eds/bin/gnu/h-i686-mingw32/bin/../lib/gcc/nios2-elf/4.1.2/../../../../nios2-elf/lib\libc.a(lib_a-fflush.o)
 .comment       0x00000000       0x24 c:/altera/11.0/nios2eds/bin/gnu/h-i686-mingw32/bin/../lib/gcc/nios2-elf/4.1.2/../../../../nios2-elf/lib\libc.a(lib_a-findfp.o)
 .comment       0x00000000       0x24 c:/altera/11.0/nios2eds/bin/gnu/h-i686-mingw32/bin/../lib/gcc/nios2-elf/4.1.2/../../../../nios2-elf/lib\libc.a(lib_a-freer.o)
 .comment       0x00000000       0x24 c:/altera/11.0/nios2eds/bin/gnu/h-i686-mingw32/bin/../lib/gcc/nios2-elf/4.1.2/../../../../nios2-elf/lib\libc.a(lib_a-fwalk.o)
 .comment       0x00000000       0x24 c:/altera/11.0/nios2eds/bin/gnu/h-i686-mingw32/bin/../lib/gcc/nios2-elf/4.1.2/../../../../nios2-elf/lib\libc.a(lib_a-makebuf.o)
 .comment       0x00000000       0x24 c:/altera/11.0/nios2eds/bin/gnu/h-i686-mingw32/bin/../lib/gcc/nios2-elf/4.1.2/../../../../nios2-elf/lib\libc.a(lib_a-mallocr.o)
 .comment       0x00000000       0x24 c:/altera/11.0/nios2eds/bin/gnu/h-i686-mingw32/bin/../lib/gcc/nios2-elf/4.1.2/../../../../nios2-elf/lib\libc.a(lib_a-memset.o)
 .comment       0x00000000       0x24 c:/altera/11.0/nios2eds/bin/gnu/h-i686-mingw32/bin/../lib/gcc/nios2-elf/4.1.2/../../../../nios2-elf/lib\libc.a(lib_a-sbrkr.o)
 .comment       0x00000000       0x24 c:/altera/11.0/nios2eds/bin/gnu/h-i686-mingw32/bin/../lib/gcc/nios2-elf/4.1.2/../../../../nios2-elf/lib\libc.a(lib_a-stdio.o)
 .comment       0x00000000       0x24 c:/altera/11.0/nios2eds/bin/gnu/h-i686-mingw32/bin/../lib/gcc/nios2-elf/4.1.2/../../../../nios2-elf/lib\libc.a(lib_a-writer.o)
 .comment       0x00000000       0x24 c:/altera/11.0/nios2eds/bin/gnu/h-i686-mingw32/bin/../lib/gcc/nios2-elf/4.1.2/../../../../nios2-elf/lib\libc.a(lib_a-closer.o)
 .comment       0x00000000       0x24 c:/altera/11.0/nios2eds/bin/gnu/h-i686-mingw32/bin/../lib/gcc/nios2-elf/4.1.2/../../../../nios2-elf/lib\libc.a(lib_a-fclose.o)
 .comment       0x00000000       0x24 c:/altera/11.0/nios2eds/bin/gnu/h-i686-mingw32/bin/../lib/gcc/nios2-elf/4.1.2/../../../../nios2-elf/lib\libc.a(lib_a-fstatr.o)
 .comment       0x00000000       0x24 c:/altera/11.0/nios2eds/bin/gnu/h-i686-mingw32/bin/../lib/gcc/nios2-elf/4.1.2/../../../../nios2-elf/lib\libc.a(lib_a-isattyr.o)
 .comment       0x00000000       0x24 c:/altera/11.0/nios2eds/bin/gnu/h-i686-mingw32/bin/../lib/gcc/nios2-elf/4.1.2/../../../../nios2-elf/lib\libc.a(lib_a-lseekr.o)
 .comment       0x00000000       0x24 c:/altera/11.0/nios2eds/bin/gnu/h-i686-mingw32/bin/../lib/gcc/nios2-elf/4.1.2/../../../../nios2-elf/lib\libc.a(lib_a-readr.o)
 .comment       0x00000000       0x24 BSP/\libhal_bsp.a(alt_exit.o)
 .comment       0x00000000       0x24 BSP/\libhal_bsp.a(alt_fstat.o)
 .comment       0x00000000       0x24 BSP/\libhal_bsp.a(alt_isatty.o)
 .comment       0x00000000       0x24 BSP/\libhal_bsp.a(alt_lseek.o)
 .comment       0x00000000       0x24 BSP/\libhal_bsp.a(alt_malloc_lock.o)
 .comment       0x00000000       0x24 BSP/\libhal_bsp.a(alt_read.o)
 .comment       0x00000000       0x24 BSP/\libhal_bsp.a(alt_sbrk.o)
 .comment       0x00000000       0x24 BSP/\libhal_bsp.a(alt_write.o)

.debug
 *(.debug)

.line
 *(.line)

.debug_srcinfo
 *(.debug_srcinfo)

.debug_sfnames
 *(.debug_sfnames)

.debug_aranges  0x00000000      0x9b8
 *(.debug_aranges)
 .debug_aranges
                0x00000000       0x28 BSP//obj/HAL/src/crt0.o
 .debug_aranges
                0x00000028       0x20 obj//C/ece5760/lab4/lander/media_graphics_HAL.o
 .debug_aranges
                0x00000048       0x20 c:/altera/11.0/nios2eds/bin/gnu/h-i686-mingw32/bin/../lib/gcc/nios2-elf/4.1.2\libgcc.a(_lt_sf.o)
 .debug_aranges
                0x00000068       0x20 c:/altera/11.0/nios2eds/bin/gnu/h-i686-mingw32/bin/../lib/gcc/nios2-elf/4.1.2\libgcc.a(_si_to_sf.o)
 .debug_aranges
                0x00000088       0x20 c:/altera/11.0/nios2eds/bin/gnu/h-i686-mingw32/bin/../lib/gcc/nios2-elf/4.1.2\libgcc.a(_clzsi2.o)
 .debug_aranges
                0x000000a8       0x20 c:/altera/11.0/nios2eds/bin/gnu/h-i686-mingw32/bin/../lib/gcc/nios2-elf/4.1.2\libgcc.a(_pack_sf.o)
 .debug_aranges
                0x000000c8       0x20 c:/altera/11.0/nios2eds/bin/gnu/h-i686-mingw32/bin/../lib/gcc/nios2-elf/4.1.2\libgcc.a(_unpack_sf.o)
 .debug_aranges
                0x000000e8       0x20 c:/altera/11.0/nios2eds/bin/gnu/h-i686-mingw32/bin/../lib/gcc/nios2-elf/4.1.2\libgcc.a(_fpcmp_parts_sf.o)
 .debug_aranges
                0x00000108       0x20 BSP/\libhal_bsp.a(alt_load.o)
 .debug_aranges
                0x00000128       0x20 BSP/\libhal_bsp.a(alt_main.o)
 .debug_aranges
                0x00000148       0x20 BSP/\libhal_bsp.a(alt_printf.o)
 .debug_aranges
                0x00000168       0x20 BSP/\libhal_bsp.a(alt_putchar.o)
 .debug_aranges
                0x00000188       0x20 BSP/\libhal_bsp.a(alt_sys_init.o)
 .debug_aranges
                0x000001a8       0x20 BSP/\libhal_bsp.a(altera_avalon_jtag_uart_fd.o)
 .debug_aranges
                0x000001c8       0x20 BSP/\libhal_bsp.a(altera_avalon_jtag_uart_init.o)
 .debug_aranges
                0x000001e8       0x20 BSP/\libhal_bsp.a(altera_avalon_jtag_uart_ioctl.o)
 .debug_aranges
                0x00000208       0x20 BSP/\libhal_bsp.a(altera_avalon_jtag_uart_read.o)
 .debug_aranges
                0x00000228       0x20 BSP/\libhal_bsp.a(altera_avalon_jtag_uart_write.o)
 .debug_aranges
                0x00000248       0x20 BSP/\libhal_bsp.a(altera_avalon_timer_sc.o)
 .debug_aranges
                0x00000268       0x20 BSP/\libhal_bsp.a(altera_up_avalon_character_lcd.o)
 .debug_aranges
                0x00000288       0x20 BSP/\libhal_bsp.a(altera_up_avalon_ps2.o)
 .debug_aranges
                0x000002a8       0x20 BSP/\libhal_bsp.a(altera_up_avalon_rs232.o)
 .debug_aranges
                0x000002c8       0x20 BSP/\libhal_bsp.a(altera_up_avalon_video_character_buffer_with_dma.o)
 .debug_aranges
                0x000002e8       0x20 BSP/\libhal_bsp.a(altera_up_avalon_video_pixel_buffer_dma.o)
 .debug_aranges
                0x00000308       0x20 BSP/\libhal_bsp.a(alt_alarm_start.o)
 .debug_aranges
                0x00000328       0x20 BSP/\libhal_bsp.a(alt_close.o)
 .debug_aranges
                0x00000348       0x20 BSP/\libhal_bsp.a(alt_dcache_flush_all.o)
 .debug_aranges
                0x00000368       0x20 BSP/\libhal_bsp.a(alt_dev.o)
 .debug_aranges
                0x00000388       0x20 BSP/\libhal_bsp.a(alt_dev_llist_insert.o)
 .debug_aranges
                0x000003a8       0x20 BSP/\libhal_bsp.a(alt_find_dev.o)
 .debug_aranges
                0x000003c8       0x20 BSP/\libhal_bsp.a(alt_icache_flush_all.o)
 .debug_aranges
                0x000003e8       0x20 BSP/\libhal_bsp.a(alt_io_redirect.o)
 .debug_aranges
                0x00000408       0x20 BSP/\libhal_bsp.a(alt_irq_register.o)
 .debug_aranges
                0x00000428       0x20 BSP/\libhal_bsp.a(alt_open.o)
 .debug_aranges
                0x00000448       0x20 BSP/\libhal_bsp.a(alt_release_fd.o)
 .debug_aranges
                0x00000468       0x20 BSP/\libhal_bsp.a(alt_tick.o)
 .debug_aranges
                0x00000488       0x20 BSP/\libhal_bsp.a(altera_nios2_irq.o)
 .debug_aranges
                0x000004a8       0x20 BSP/\libhal_bsp.a(alt_find_file.o)
 .debug_aranges
                0x000004c8       0x20 BSP/\libhal_bsp.a(alt_get_fd.o)
 .debug_aranges
                0x000004e8       0x20 BSP/\libhal_bsp.a(alt_icache_flush.o)
 .debug_aranges
                0x00000508       0x30 BSP/\libhal_bsp.a(alt_irq_entry.o)
 .debug_aranges
                0x00000538       0x28 BSP/\libhal_bsp.a(alt_irq_handler.o)
 .debug_aranges
                0x00000560       0x38 BSP/\libhal_bsp.a(alt_exception_entry.o)
 .debug_aranges
                0x00000598       0x20 c:/altera/11.0/nios2eds/bin/gnu/h-i686-mingw32/bin/../lib/gcc/nios2-elf/4.1.2/../../../../nios2-elf/lib\libc.a(lib_a-exit.o)
 .debug_aranges
                0x000005b8       0x20 c:/altera/11.0/nios2eds/bin/gnu/h-i686-mingw32/bin/../lib/gcc/nios2-elf/4.1.2/../../../../nios2-elf/lib\libc.a(lib_a-memcmp.o)
 .debug_aranges
                0x000005d8       0x20 c:/altera/11.0/nios2eds/bin/gnu/h-i686-mingw32/bin/../lib/gcc/nios2-elf/4.1.2/../../../../nios2-elf/lib\libc.a(lib_a-memcpy.o)
 .debug_aranges
                0x000005f8       0x20 c:/altera/11.0/nios2eds/bin/gnu/h-i686-mingw32/bin/../lib/gcc/nios2-elf/4.1.2/../../../../nios2-elf/lib\libc.a(lib_a-putc.o)
 .debug_aranges
                0x00000618       0x20 c:/altera/11.0/nios2eds/bin/gnu/h-i686-mingw32/bin/../lib/gcc/nios2-elf/4.1.2/../../../../nios2-elf/lib\libc.a(lib_a-strcmp.o)
 .debug_aranges
                0x00000638       0x20 c:/altera/11.0/nios2eds/bin/gnu/h-i686-mingw32/bin/../lib/gcc/nios2-elf/4.1.2/../../../../nios2-elf/lib\libc.a(lib_a-strlen.o)
 .debug_aranges
                0x00000658       0x20 c:/altera/11.0/nios2eds/bin/gnu/h-i686-mingw32/bin/../lib/gcc/nios2-elf/4.1.2/../../../../nios2-elf/lib\libc.a(lib_a-wbuf.o)
 .debug_aranges
                0x00000678       0x20 c:/altera/11.0/nios2eds/bin/gnu/h-i686-mingw32/bin/../lib/gcc/nios2-elf/4.1.2/../../../../nios2-elf/lib\libc.a(lib_a-wsetup.o)
 .debug_aranges
                0x00000698       0x20 c:/altera/11.0/nios2eds/bin/gnu/h-i686-mingw32/bin/../lib/gcc/nios2-elf/4.1.2/../../../../nios2-elf/lib\libc.a(lib_a-__call_atexit.o)
 .debug_aranges
                0x000006b8       0x20 c:/altera/11.0/nios2eds/bin/gnu/h-i686-mingw32/bin/../lib/gcc/nios2-elf/4.1.2/../../../../nios2-elf/lib\libc.a(lib_a-fflush.o)
 .debug_aranges
                0x000006d8       0x20 c:/altera/11.0/nios2eds/bin/gnu/h-i686-mingw32/bin/../lib/gcc/nios2-elf/4.1.2/../../../../nios2-elf/lib\libc.a(lib_a-findfp.o)
 .debug_aranges
                0x000006f8       0x20 c:/altera/11.0/nios2eds/bin/gnu/h-i686-mingw32/bin/../lib/gcc/nios2-elf/4.1.2/../../../../nios2-elf/lib\libc.a(lib_a-freer.o)
 .debug_aranges
                0x00000718       0x20 c:/altera/11.0/nios2eds/bin/gnu/h-i686-mingw32/bin/../lib/gcc/nios2-elf/4.1.2/../../../../nios2-elf/lib\libc.a(lib_a-fwalk.o)
 .debug_aranges
                0x00000738       0x20 c:/altera/11.0/nios2eds/bin/gnu/h-i686-mingw32/bin/../lib/gcc/nios2-elf/4.1.2/../../../../nios2-elf/lib\libc.a(lib_a-makebuf.o)
 .debug_aranges
                0x00000758       0x20 c:/altera/11.0/nios2eds/bin/gnu/h-i686-mingw32/bin/../lib/gcc/nios2-elf/4.1.2/../../../../nios2-elf/lib\libc.a(lib_a-mallocr.o)
 .debug_aranges
                0x00000778       0x20 c:/altera/11.0/nios2eds/bin/gnu/h-i686-mingw32/bin/../lib/gcc/nios2-elf/4.1.2/../../../../nios2-elf/lib\libc.a(lib_a-memset.o)
 .debug_aranges
                0x00000798       0x20 c:/altera/11.0/nios2eds/bin/gnu/h-i686-mingw32/bin/../lib/gcc/nios2-elf/4.1.2/../../../../nios2-elf/lib\libc.a(lib_a-sbrkr.o)
 .debug_aranges
                0x000007b8       0x20 c:/altera/11.0/nios2eds/bin/gnu/h-i686-mingw32/bin/../lib/gcc/nios2-elf/4.1.2/../../../../nios2-elf/lib\libc.a(lib_a-stdio.o)
 .debug_aranges
                0x000007d8       0x20 c:/altera/11.0/nios2eds/bin/gnu/h-i686-mingw32/bin/../lib/gcc/nios2-elf/4.1.2/../../../../nios2-elf/lib\libc.a(lib_a-writer.o)
 .debug_aranges
                0x000007f8       0x20 c:/altera/11.0/nios2eds/bin/gnu/h-i686-mingw32/bin/../lib/gcc/nios2-elf/4.1.2/../../../../nios2-elf/lib\libc.a(lib_a-closer.o)
 .debug_aranges
                0x00000818       0x20 c:/altera/11.0/nios2eds/bin/gnu/h-i686-mingw32/bin/../lib/gcc/nios2-elf/4.1.2/../../../../nios2-elf/lib\libc.a(lib_a-fclose.o)
 .debug_aranges
                0x00000838       0x20 c:/altera/11.0/nios2eds/bin/gnu/h-i686-mingw32/bin/../lib/gcc/nios2-elf/4.1.2/../../../../nios2-elf/lib\libc.a(lib_a-fstatr.o)
 .debug_aranges
                0x00000858       0x20 c:/altera/11.0/nios2eds/bin/gnu/h-i686-mingw32/bin/../lib/gcc/nios2-elf/4.1.2/../../../../nios2-elf/lib\libc.a(lib_a-isattyr.o)
 .debug_aranges
                0x00000878       0x20 c:/altera/11.0/nios2eds/bin/gnu/h-i686-mingw32/bin/../lib/gcc/nios2-elf/4.1.2/../../../../nios2-elf/lib\libc.a(lib_a-lseekr.o)
 .debug_aranges
                0x00000898       0x20 c:/altera/11.0/nios2eds/bin/gnu/h-i686-mingw32/bin/../lib/gcc/nios2-elf/4.1.2/../../../../nios2-elf/lib\libc.a(lib_a-readr.o)
 .debug_aranges
                0x000008b8       0x20 BSP/\libhal_bsp.a(alt_exit.o)
 .debug_aranges
                0x000008d8       0x20 BSP/\libhal_bsp.a(alt_fstat.o)
 .debug_aranges
                0x000008f8       0x20 BSP/\libhal_bsp.a(alt_isatty.o)
 .debug_aranges
                0x00000918       0x20 BSP/\libhal_bsp.a(alt_lseek.o)
 .debug_aranges
                0x00000938       0x20 BSP/\libhal_bsp.a(alt_malloc_lock.o)
 .debug_aranges
                0x00000958       0x20 BSP/\libhal_bsp.a(alt_read.o)
 .debug_aranges
                0x00000978       0x20 BSP/\libhal_bsp.a(alt_sbrk.o)
 .debug_aranges
                0x00000998       0x20 BSP/\libhal_bsp.a(alt_write.o)

.debug_pubnames
                0x00000000     0x1503
 *(.debug_pubnames)
 .debug_pubnames
                0x00000000       0x33 obj//C/ece5760/lab4/lander/media_graphics_HAL.o
 .debug_pubnames
                0x00000033       0x1e c:/altera/11.0/nios2eds/bin/gnu/h-i686-mingw32/bin/../lib/gcc/nios2-elf/4.1.2\libgcc.a(_lt_sf.o)
 .debug_pubnames
                0x00000051       0x22 c:/altera/11.0/nios2eds/bin/gnu/h-i686-mingw32/bin/../lib/gcc/nios2-elf/4.1.2\libgcc.a(_si_to_sf.o)
 .debug_pubnames
                0x00000073       0x1f c:/altera/11.0/nios2eds/bin/gnu/h-i686-mingw32/bin/../lib/gcc/nios2-elf/4.1.2\libgcc.a(_clzsi2.o)
 .debug_pubnames
                0x00000092       0x1f c:/altera/11.0/nios2eds/bin/gnu/h-i686-mingw32/bin/../lib/gcc/nios2-elf/4.1.2\libgcc.a(_pack_sf.o)
 .debug_pubnames
                0x000000b1       0x21 c:/altera/11.0/nios2eds/bin/gnu/h-i686-mingw32/bin/../lib/gcc/nios2-elf/4.1.2\libgcc.a(_unpack_sf.o)
 .debug_pubnames
                0x000000d2       0x26 c:/altera/11.0/nios2eds/bin/gnu/h-i686-mingw32/bin/../lib/gcc/nios2-elf/4.1.2\libgcc.a(_fpcmp_parts_sf.o)
 .debug_pubnames
                0x000000f8       0x20 c:/altera/11.0/nios2eds/bin/gnu/h-i686-mingw32/bin/../lib/gcc/nios2-elf/4.1.2\libgcc.a(_clz.o)
 .debug_pubnames
                0x00000118       0x1f BSP/\libhal_bsp.a(alt_load.o)
 .debug_pubnames
                0x00000137       0x46 BSP/\libhal_bsp.a(alt_main.o)
 .debug_pubnames
                0x0000017d       0x21 BSP/\libhal_bsp.a(alt_printf.o)
 .debug_pubnames
                0x0000019e       0x22 BSP/\libhal_bsp.a(alt_putchar.o)
 .debug_pubnames
                0x000001c0       0x34 BSP/\libhal_bsp.a(alt_sys_init.o)
 .debug_pubnames
                0x000001f4       0xa5 BSP/\libhal_bsp.a(altera_avalon_jtag_uart_fd.o)
 .debug_pubnames
                0x00000299       0x55 BSP/\libhal_bsp.a(altera_avalon_jtag_uart_init.o)
 .debug_pubnames
                0x000002ee       0x34 BSP/\libhal_bsp.a(altera_avalon_jtag_uart_ioctl.o)
 .debug_pubnames
                0x00000322       0x33 BSP/\libhal_bsp.a(altera_avalon_jtag_uart_read.o)
 .debug_pubnames
                0x00000355       0x34 BSP/\libhal_bsp.a(altera_avalon_jtag_uart_write.o)
 .debug_pubnames
                0x00000389       0x2f BSP/\libhal_bsp.a(altera_avalon_timer_sc.o)
 .debug_pubnames
                0x000003b8      0x1cd BSP/\libhal_bsp.a(altera_up_avalon_character_lcd.o)
 .debug_pubnames
                0x00000585      0x1ed BSP/\libhal_bsp.a(altera_up_avalon_ps2.o)
 .debug_pubnames
                0x00000772      0x163 BSP/\libhal_bsp.a(altera_up_avalon_rs232.o)
 .debug_pubnames
                0x000008d5       0xa5 BSP/\libhal_bsp.a(altera_up_avalon_video_character_buffer_with_dma.o)
 .debug_pubnames
                0x0000097a      0x1f1 BSP/\libhal_bsp.a(altera_up_avalon_video_pixel_buffer_dma.o)
 .debug_pubnames
                0x00000b6b       0x26 BSP/\libhal_bsp.a(alt_alarm_start.o)
 .debug_pubnames
                0x00000b91       0x1c BSP/\libhal_bsp.a(alt_close.o)
 .debug_pubnames
                0x00000bad       0x2b BSP/\libhal_bsp.a(alt_dcache_flush_all.o)
 .debug_pubnames
                0x00000bd8       0x63 BSP/\libhal_bsp.a(alt_dev.o)
 .debug_pubnames
                0x00000c3b       0x2b BSP/\libhal_bsp.a(alt_dev_llist_insert.o)
 .debug_pubnames
                0x00000c66       0x20 BSP/\libhal_bsp.a(alt_errno.o)
 .debug_pubnames
                0x00000c86       0x23 BSP/\libhal_bsp.a(alt_find_dev.o)
 .debug_pubnames
                0x00000ca9       0x2b BSP/\libhal_bsp.a(alt_icache_flush_all.o)
 .debug_pubnames
                0x00000cd4       0x26 BSP/\libhal_bsp.a(alt_io_redirect.o)
 .debug_pubnames
                0x00000cfa       0x27 BSP/\libhal_bsp.a(alt_irq_register.o)
 .debug_pubnames
                0x00000d21       0x3b BSP/\libhal_bsp.a(alt_irq_vars.o)
 .debug_pubnames
                0x00000d5c       0x1b BSP/\libhal_bsp.a(alt_open.o)
 .debug_pubnames
                0x00000d77       0x25 BSP/\libhal_bsp.a(alt_release_fd.o)
 .debug_pubnames
                0x00000d9c       0x68 BSP/\libhal_bsp.a(alt_tick.o)
 .debug_pubnames
                0x00000e04       0x2c BSP/\libhal_bsp.a(altera_nios2_irq.o)
 .debug_pubnames
                0x00000e30       0x24 BSP/\libhal_bsp.a(alt_find_file.o)
 .debug_pubnames
                0x00000e54       0x21 BSP/\libhal_bsp.a(alt_get_fd.o)
 .debug_pubnames
                0x00000e75       0x27 BSP/\libhal_bsp.a(alt_icache_flush.o)
 .debug_pubnames
                0x00000e9c       0x32 BSP/\libhal_bsp.a(alt_irq_handler.o)
 .debug_pubnames
                0x00000ece       0x1b c:/altera/11.0/nios2eds/bin/gnu/h-i686-mingw32/bin/../lib/gcc/nios2-elf/4.1.2/../../../../nios2-elf/lib\libc.a(lib_a-exit.o)
 .debug_pubnames
                0x00000ee9       0x39 c:/altera/11.0/nios2eds/bin/gnu/h-i686-mingw32/bin/../lib/gcc/nios2-elf/4.1.2/../../../../nios2-elf/lib\libc.a(lib_a-impure.o)
 .debug_pubnames
                0x00000f22       0x1c c:/altera/11.0/nios2eds/bin/gnu/h-i686-mingw32/bin/../lib/gcc/nios2-elf/4.1.2/../../../../nios2-elf/lib\libc.a(lib_a-int_errno.o)
 .debug_pubnames
                0x00000f3e       0x1d c:/altera/11.0/nios2eds/bin/gnu/h-i686-mingw32/bin/../lib/gcc/nios2-elf/4.1.2/../../../../nios2-elf/lib\libc.a(lib_a-memcmp.o)
 .debug_pubnames
                0x00000f5b       0x1d c:/altera/11.0/nios2eds/bin/gnu/h-i686-mingw32/bin/../lib/gcc/nios2-elf/4.1.2/../../../../nios2-elf/lib\libc.a(lib_a-memcpy.o)
 .debug_pubnames
                0x00000f78       0x27 c:/altera/11.0/nios2eds/bin/gnu/h-i686-mingw32/bin/../lib/gcc/nios2-elf/4.1.2/../../../../nios2-elf/lib\libc.a(lib_a-putc.o)
 .debug_pubnames
                0x00000f9f       0x1d c:/altera/11.0/nios2eds/bin/gnu/h-i686-mingw32/bin/../lib/gcc/nios2-elf/4.1.2/../../../../nios2-elf/lib\libc.a(lib_a-strcmp.o)
 .debug_pubnames
                0x00000fbc       0x1d c:/altera/11.0/nios2eds/bin/gnu/h-i686-mingw32/bin/../lib/gcc/nios2-elf/4.1.2/../../../../nios2-elf/lib\libc.a(lib_a-strlen.o)
 .debug_pubnames
                0x00000fd9       0x2c c:/altera/11.0/nios2eds/bin/gnu/h-i686-mingw32/bin/../lib/gcc/nios2-elf/4.1.2/../../../../nios2-elf/lib\libc.a(lib_a-wbuf.o)
 .debug_pubnames
                0x00001005       0x22 c:/altera/11.0/nios2eds/bin/gnu/h-i686-mingw32/bin/../lib/gcc/nios2-elf/4.1.2/../../../../nios2-elf/lib\libc.a(lib_a-wsetup.o)
 .debug_pubnames
                0x00001027       0x27 c:/altera/11.0/nios2eds/bin/gnu/h-i686-mingw32/bin/../lib/gcc/nios2-elf/4.1.2/../../../../nios2-elf/lib\libc.a(lib_a-__call_atexit.o)
 .debug_pubnames
                0x0000104e       0x2b c:/altera/11.0/nios2eds/bin/gnu/h-i686-mingw32/bin/../lib/gcc/nios2-elf/4.1.2/../../../../nios2-elf/lib\libc.a(lib_a-fflush.o)
 .debug_pubnames
                0x00001079       0xdb c:/altera/11.0/nios2eds/bin/gnu/h-i686-mingw32/bin/../lib/gcc/nios2-elf/4.1.2/../../../../nios2-elf/lib\libc.a(lib_a-findfp.o)
 .debug_pubnames
                0x00001154       0x31 c:/altera/11.0/nios2eds/bin/gnu/h-i686-mingw32/bin/../lib/gcc/nios2-elf/4.1.2/../../../../nios2-elf/lib\libc.a(lib_a-freer.o)
 .debug_pubnames
                0x00001185       0x2e c:/altera/11.0/nios2eds/bin/gnu/h-i686-mingw32/bin/../lib/gcc/nios2-elf/4.1.2/../../../../nios2-elf/lib\libc.a(lib_a-fwalk.o)
 .debug_pubnames
                0x000011b3       0x23 c:/altera/11.0/nios2eds/bin/gnu/h-i686-mingw32/bin/../lib/gcc/nios2-elf/4.1.2/../../../../nios2-elf/lib\libc.a(lib_a-makebuf.o)
 .debug_pubnames
                0x000011d6       0xce c:/altera/11.0/nios2eds/bin/gnu/h-i686-mingw32/bin/../lib/gcc/nios2-elf/4.1.2/../../../../nios2-elf/lib\libc.a(lib_a-mallocr.o)
 .debug_pubnames
                0x000012a4       0x1d c:/altera/11.0/nios2eds/bin/gnu/h-i686-mingw32/bin/../lib/gcc/nios2-elf/4.1.2/../../../../nios2-elf/lib\libc.a(lib_a-memset.o)
 .debug_pubnames
                0x000012c1       0x1e c:/altera/11.0/nios2eds/bin/gnu/h-i686-mingw32/bin/../lib/gcc/nios2-elf/4.1.2/../../../../nios2-elf/lib\libc.a(lib_a-sbrkr.o)
 .debug_pubnames
                0x000012df       0x44 c:/altera/11.0/nios2eds/bin/gnu/h-i686-mingw32/bin/../lib/gcc/nios2-elf/4.1.2/../../../../nios2-elf/lib\libc.a(lib_a-stdio.o)
 .debug_pubnames
                0x00001323       0x1f c:/altera/11.0/nios2eds/bin/gnu/h-i686-mingw32/bin/../lib/gcc/nios2-elf/4.1.2/../../../../nios2-elf/lib\libc.a(lib_a-writer.o)
 .debug_pubnames
                0x00001342       0x1f c:/altera/11.0/nios2eds/bin/gnu/h-i686-mingw32/bin/../lib/gcc/nios2-elf/4.1.2/../../../../nios2-elf/lib\libc.a(lib_a-closer.o)
 .debug_pubnames
                0x00001361       0x2b c:/altera/11.0/nios2eds/bin/gnu/h-i686-mingw32/bin/../lib/gcc/nios2-elf/4.1.2/../../../../nios2-elf/lib\libc.a(lib_a-fclose.o)
 .debug_pubnames
                0x0000138c       0x1f c:/altera/11.0/nios2eds/bin/gnu/h-i686-mingw32/bin/../lib/gcc/nios2-elf/4.1.2/../../../../nios2-elf/lib\libc.a(lib_a-fstatr.o)
 .debug_pubnames
                0x000013ab       0x20 c:/altera/11.0/nios2eds/bin/gnu/h-i686-mingw32/bin/../lib/gcc/nios2-elf/4.1.2/../../../../nios2-elf/lib\libc.a(lib_a-isattyr.o)
 .debug_pubnames
                0x000013cb       0x1f c:/altera/11.0/nios2eds/bin/gnu/h-i686-mingw32/bin/../lib/gcc/nios2-elf/4.1.2/../../../../nios2-elf/lib\libc.a(lib_a-lseekr.o)
 .debug_pubnames
                0x000013ea       0x1e c:/altera/11.0/nios2eds/bin/gnu/h-i686-mingw32/bin/../lib/gcc/nios2-elf/4.1.2/../../../../nios2-elf/lib\libc.a(lib_a-readr.o)
 .debug_pubnames
                0x00001408       0x1c BSP/\libhal_bsp.a(alt_exit.o)
 .debug_pubnames
                0x00001424       0x1c BSP/\libhal_bsp.a(alt_fstat.o)
 .debug_pubnames
                0x00001440       0x1d BSP/\libhal_bsp.a(alt_isatty.o)
 .debug_pubnames
                0x0000145d       0x1c BSP/\libhal_bsp.a(alt_lseek.o)
 .debug_pubnames
                0x00001479       0x38 BSP/\libhal_bsp.a(alt_malloc_lock.o)
 .debug_pubnames
                0x000014b1       0x1b BSP/\libhal_bsp.a(alt_read.o)
 .debug_pubnames
                0x000014cc       0x1b BSP/\libhal_bsp.a(alt_sbrk.o)
 .debug_pubnames
                0x000014e7       0x1c BSP/\libhal_bsp.a(alt_write.o)

.debug_info     0x00000000    0x191ff
 *(.debug_info .gnu.linkonce.wi.*)
 .debug_info    0x00000000       0x4c BSP//obj/HAL/src/crt0.o
 .debug_info    0x0000004c      0x5b1 obj//C/ece5760/lab4/lander/media_graphics_HAL.o
 .debug_info    0x000005fd      0x290 c:/altera/11.0/nios2eds/bin/gnu/h-i686-mingw32/bin/../lib/gcc/nios2-elf/4.1.2\libgcc.a(_lt_sf.o)
 .debug_info    0x0000088d      0x214 c:/altera/11.0/nios2eds/bin/gnu/h-i686-mingw32/bin/../lib/gcc/nios2-elf/4.1.2\libgcc.a(_si_to_sf.o)
 .debug_info    0x00000aa1      0x130 c:/altera/11.0/nios2eds/bin/gnu/h-i686-mingw32/bin/../lib/gcc/nios2-elf/4.1.2\libgcc.a(_clzsi2.o)
 .debug_info    0x00000bd1      0x2f2 c:/altera/11.0/nios2eds/bin/gnu/h-i686-mingw32/bin/../lib/gcc/nios2-elf/4.1.2\libgcc.a(_pack_sf.o)
 .debug_info    0x00000ec3      0x25a c:/altera/11.0/nios2eds/bin/gnu/h-i686-mingw32/bin/../lib/gcc/nios2-elf/4.1.2\libgcc.a(_unpack_sf.o)
 .debug_info    0x0000111d      0x21f c:/altera/11.0/nios2eds/bin/gnu/h-i686-mingw32/bin/../lib/gcc/nios2-elf/4.1.2\libgcc.a(_fpcmp_parts_sf.o)
 .debug_info    0x0000133c       0xc9 c:/altera/11.0/nios2eds/bin/gnu/h-i686-mingw32/bin/../lib/gcc/nios2-elf/4.1.2\libgcc.a(_clz.o)
 .debug_info    0x00001405      0x1a1 BSP/\libhal_bsp.a(alt_load.o)
 .debug_info    0x000015a6      0x161 BSP/\libhal_bsp.a(alt_main.o)
 .debug_info    0x00001707      0x11d BSP/\libhal_bsp.a(alt_printf.o)
 .debug_info    0x00001824      0x93c BSP/\libhal_bsp.a(alt_putchar.o)
 .debug_info    0x00002160      0xaf8 BSP/\libhal_bsp.a(alt_sys_init.o)
 .debug_info    0x00002c58      0x584 BSP/\libhal_bsp.a(altera_avalon_jtag_uart_fd.o)
 .debug_info    0x000031dc      0x3dd BSP/\libhal_bsp.a(altera_avalon_jtag_uart_init.o)
 .debug_info    0x000035b9      0x2a3 BSP/\libhal_bsp.a(altera_avalon_jtag_uart_ioctl.o)
 .debug_info    0x0000385c      0x38b BSP/\libhal_bsp.a(altera_avalon_jtag_uart_read.o)
 .debug_info    0x00003be7      0x378 BSP/\libhal_bsp.a(altera_avalon_jtag_uart_write.o)
 .debug_info    0x00003f5f      0x24d BSP/\libhal_bsp.a(altera_avalon_timer_sc.o)
 .debug_info    0x000041ac      0x653 BSP/\libhal_bsp.a(altera_up_avalon_character_lcd.o)
 .debug_info    0x000047ff      0x814 BSP/\libhal_bsp.a(altera_up_avalon_ps2.o)
 .debug_info    0x00005013      0x5aa BSP/\libhal_bsp.a(altera_up_avalon_rs232.o)
 .debug_info    0x000055bd      0x4a0 BSP/\libhal_bsp.a(altera_up_avalon_video_character_buffer_with_dma.o)
 .debug_info    0x00005a5d      0xb54 BSP/\libhal_bsp.a(altera_up_avalon_video_pixel_buffer_dma.o)
 .debug_info    0x000065b1      0x2e0 BSP/\libhal_bsp.a(alt_alarm_start.o)
 .debug_info    0x00006891      0x364 BSP/\libhal_bsp.a(alt_close.o)
 .debug_info    0x00006bf5       0x8d BSP/\libhal_bsp.a(alt_dcache_flush_all.o)
 .debug_info    0x00006c82      0x4dd BSP/\libhal_bsp.a(alt_dev.o)
 .debug_info    0x0000715f      0x1b7 BSP/\libhal_bsp.a(alt_dev_llist_insert.o)
 .debug_info    0x00007316       0xab BSP/\libhal_bsp.a(alt_errno.o)
 .debug_info    0x000073c1      0x310 BSP/\libhal_bsp.a(alt_find_dev.o)
 .debug_info    0x000076d1       0x8f BSP/\libhal_bsp.a(alt_icache_flush_all.o)
 .debug_info    0x00007760      0x4f6 BSP/\libhal_bsp.a(alt_io_redirect.o)
 .debug_info    0x00007c56      0x318 BSP/\libhal_bsp.a(alt_irq_register.o)
 .debug_info    0x00007f6e       0x92 BSP/\libhal_bsp.a(alt_irq_vars.o)
 .debug_info    0x00008000      0x40c BSP/\libhal_bsp.a(alt_open.o)
 .debug_info    0x0000840c      0x2d9 BSP/\libhal_bsp.a(alt_release_fd.o)
 .debug_info    0x000086e5      0x2bb BSP/\libhal_bsp.a(alt_tick.o)
 .debug_info    0x000089a0       0xb7 BSP/\libhal_bsp.a(altera_nios2_irq.o)
 .debug_info    0x00008a57      0x30e BSP/\libhal_bsp.a(alt_find_file.o)
 .debug_info    0x00008d65      0x333 BSP/\libhal_bsp.a(alt_get_fd.o)
 .debug_info    0x00009098       0xd5 BSP/\libhal_bsp.a(alt_icache_flush.o)
 .debug_info    0x0000916d       0x55 BSP/\libhal_bsp.a(alt_irq_entry.o)
 .debug_info    0x000091c2      0x18f BSP/\libhal_bsp.a(alt_irq_handler.o)
 .debug_info    0x00009351       0x5b BSP/\libhal_bsp.a(alt_exception_entry.o)
 .debug_info    0x000093ac      0x93f c:/altera/11.0/nios2eds/bin/gnu/h-i686-mingw32/bin/../lib/gcc/nios2-elf/4.1.2/../../../../nios2-elf/lib\libc.a(lib_a-exit.o)
 .debug_info    0x00009ceb      0x93d c:/altera/11.0/nios2eds/bin/gnu/h-i686-mingw32/bin/../lib/gcc/nios2-elf/4.1.2/../../../../nios2-elf/lib\libc.a(lib_a-impure.o)
 .debug_info    0x0000a628       0x8c c:/altera/11.0/nios2eds/bin/gnu/h-i686-mingw32/bin/../lib/gcc/nios2-elf/4.1.2/../../../../nios2-elf/lib\libc.a(lib_a-int_errno.o)
 .debug_info    0x0000a6b4      0x115 c:/altera/11.0/nios2eds/bin/gnu/h-i686-mingw32/bin/../lib/gcc/nios2-elf/4.1.2/../../../../nios2-elf/lib\libc.a(lib_a-memcmp.o)
 .debug_info    0x0000a7c9      0x106 c:/altera/11.0/nios2eds/bin/gnu/h-i686-mingw32/bin/../lib/gcc/nios2-elf/4.1.2/../../../../nios2-elf/lib\libc.a(lib_a-memcpy.o)
 .debug_info    0x0000a8cf      0x9c1 c:/altera/11.0/nios2eds/bin/gnu/h-i686-mingw32/bin/../lib/gcc/nios2-elf/4.1.2/../../../../nios2-elf/lib\libc.a(lib_a-putc.o)
 .debug_info    0x0000b290       0xdd c:/altera/11.0/nios2eds/bin/gnu/h-i686-mingw32/bin/../lib/gcc/nios2-elf/4.1.2/../../../../nios2-elf/lib\libc.a(lib_a-strcmp.o)
 .debug_info    0x0000b36d       0xdb c:/altera/11.0/nios2eds/bin/gnu/h-i686-mingw32/bin/../lib/gcc/nios2-elf/4.1.2/../../../../nios2-elf/lib\libc.a(lib_a-strlen.o)
 .debug_info    0x0000b448      0x9ae c:/altera/11.0/nios2eds/bin/gnu/h-i686-mingw32/bin/../lib/gcc/nios2-elf/4.1.2/../../../../nios2-elf/lib\libc.a(lib_a-wbuf.o)
 .debug_info    0x0000bdf6      0x95d c:/altera/11.0/nios2eds/bin/gnu/h-i686-mingw32/bin/../lib/gcc/nios2-elf/4.1.2/../../../../nios2-elf/lib\libc.a(lib_a-wsetup.o)
 .debug_info    0x0000c753      0x9e2 c:/altera/11.0/nios2eds/bin/gnu/h-i686-mingw32/bin/../lib/gcc/nios2-elf/4.1.2/../../../../nios2-elf/lib\libc.a(lib_a-__call_atexit.o)
 .debug_info    0x0000d135      0x9fe c:/altera/11.0/nios2eds/bin/gnu/h-i686-mingw32/bin/../lib/gcc/nios2-elf/4.1.2/../../../../nios2-elf/lib\libc.a(lib_a-fflush.o)
 .debug_info    0x0000db33      0xb72 c:/altera/11.0/nios2eds/bin/gnu/h-i686-mingw32/bin/../lib/gcc/nios2-elf/4.1.2/../../../../nios2-elf/lib\libc.a(lib_a-findfp.o)
 .debug_info    0x0000e6a5      0xbc9 c:/altera/11.0/nios2eds/bin/gnu/h-i686-mingw32/bin/../lib/gcc/nios2-elf/4.1.2/../../../../nios2-elf/lib\libc.a(lib_a-freer.o)
 .debug_info    0x0000f26e      0xaed c:/altera/11.0/nios2eds/bin/gnu/h-i686-mingw32/bin/../lib/gcc/nios2-elf/4.1.2/../../../../nios2-elf/lib\libc.a(lib_a-fwalk.o)
 .debug_info    0x0000fd5b      0xb1a c:/altera/11.0/nios2eds/bin/gnu/h-i686-mingw32/bin/../lib/gcc/nios2-elf/4.1.2/../../../../nios2-elf/lib\libc.a(lib_a-makebuf.o)
 .debug_info    0x00010875      0xcd0 c:/altera/11.0/nios2eds/bin/gnu/h-i686-mingw32/bin/../lib/gcc/nios2-elf/4.1.2/../../../../nios2-elf/lib\libc.a(lib_a-mallocr.o)
 .debug_info    0x00011545      0x113 c:/altera/11.0/nios2eds/bin/gnu/h-i686-mingw32/bin/../lib/gcc/nios2-elf/4.1.2/../../../../nios2-elf/lib\libc.a(lib_a-memset.o)
 .debug_info    0x00011658      0x962 c:/altera/11.0/nios2eds/bin/gnu/h-i686-mingw32/bin/../lib/gcc/nios2-elf/4.1.2/../../../../nios2-elf/lib\libc.a(lib_a-sbrkr.o)
 .debug_info    0x00011fba      0xaac c:/altera/11.0/nios2eds/bin/gnu/h-i686-mingw32/bin/../lib/gcc/nios2-elf/4.1.2/../../../../nios2-elf/lib\libc.a(lib_a-stdio.o)
 .debug_info    0x00012a66      0x993 c:/altera/11.0/nios2eds/bin/gnu/h-i686-mingw32/bin/../lib/gcc/nios2-elf/4.1.2/../../../../nios2-elf/lib\libc.a(lib_a-writer.o)
 .debug_info    0x000133f9      0x958 c:/altera/11.0/nios2eds/bin/gnu/h-i686-mingw32/bin/../lib/gcc/nios2-elf/4.1.2/../../../../nios2-elf/lib\libc.a(lib_a-closer.o)
 .debug_info    0x00013d51      0x994 c:/altera/11.0/nios2eds/bin/gnu/h-i686-mingw32/bin/../lib/gcc/nios2-elf/4.1.2/../../../../nios2-elf/lib\libc.a(lib_a-fclose.o)
 .debug_info    0x000146e5      0xafc c:/altera/11.0/nios2eds/bin/gnu/h-i686-mingw32/bin/../lib/gcc/nios2-elf/4.1.2/../../../../nios2-elf/lib\libc.a(lib_a-fstatr.o)
 .debug_info    0x000151e1      0x958 c:/altera/11.0/nios2eds/bin/gnu/h-i686-mingw32/bin/../lib/gcc/nios2-elf/4.1.2/../../../../nios2-elf/lib\libc.a(lib_a-isattyr.o)
 .debug_info    0x00015b39      0x981 c:/altera/11.0/nios2eds/bin/gnu/h-i686-mingw32/bin/../lib/gcc/nios2-elf/4.1.2/../../../../nios2-elf/lib\libc.a(lib_a-lseekr.o)
 .debug_info    0x000164ba      0x98c c:/altera/11.0/nios2eds/bin/gnu/h-i686-mingw32/bin/../lib/gcc/nios2-elf/4.1.2/../../../../nios2-elf/lib\libc.a(lib_a-readr.o)
 .debug_info    0x00016e46      0x110 BSP/\libhal_bsp.a(alt_exit.o)
 .debug_info    0x00016f56      0x4dd BSP/\libhal_bsp.a(alt_fstat.o)
 .debug_info    0x00017433      0x4dd BSP/\libhal_bsp.a(alt_isatty.o)
 .debug_info    0x00017910      0x388 BSP/\libhal_bsp.a(alt_lseek.o)
 .debug_info    0x00017c98      0x947 BSP/\libhal_bsp.a(alt_malloc_lock.o)
 .debug_info    0x000185df      0x525 BSP/\libhal_bsp.a(alt_read.o)
 .debug_info    0x00018b04      0x1cf BSP/\libhal_bsp.a(alt_sbrk.o)
 .debug_info    0x00018cd3      0x52c BSP/\libhal_bsp.a(alt_write.o)

.debug_abbrev   0x00000000     0x5f25
 *(.debug_abbrev)
 .debug_abbrev  0x00000000       0x12 BSP//obj/HAL/src/crt0.o
 .debug_abbrev  0x00000012      0x136 obj//C/ece5760/lab4/lander/media_graphics_HAL.o
 .debug_abbrev  0x00000148      0x151 c:/altera/11.0/nios2eds/bin/gnu/h-i686-mingw32/bin/../lib/gcc/nios2-elf/4.1.2\libgcc.a(_lt_sf.o)
 .debug_abbrev  0x00000299      0x13d c:/altera/11.0/nios2eds/bin/gnu/h-i686-mingw32/bin/../lib/gcc/nios2-elf/4.1.2\libgcc.a(_si_to_sf.o)
 .debug_abbrev  0x000003d6       0xb9 c:/altera/11.0/nios2eds/bin/gnu/h-i686-mingw32/bin/../lib/gcc/nios2-elf/4.1.2\libgcc.a(_clzsi2.o)
 .debug_abbrev  0x0000048f      0x1aa c:/altera/11.0/nios2eds/bin/gnu/h-i686-mingw32/bin/../lib/gcc/nios2-elf/4.1.2\libgcc.a(_pack_sf.o)
 .debug_abbrev  0x00000639      0x158 c:/altera/11.0/nios2eds/bin/gnu/h-i686-mingw32/bin/../lib/gcc/nios2-elf/4.1.2\libgcc.a(_unpack_sf.o)
 .debug_abbrev  0x00000791      0x132 c:/altera/11.0/nios2eds/bin/gnu/h-i686-mingw32/bin/../lib/gcc/nios2-elf/4.1.2\libgcc.a(_fpcmp_parts_sf.o)
 .debug_abbrev  0x000008c3       0x61 c:/altera/11.0/nios2eds/bin/gnu/h-i686-mingw32/bin/../lib/gcc/nios2-elf/4.1.2\libgcc.a(_clz.o)
 .debug_abbrev  0x00000924       0xb6 BSP/\libhal_bsp.a(alt_load.o)
 .debug_abbrev  0x000009da       0xbe BSP/\libhal_bsp.a(alt_main.o)
 .debug_abbrev  0x00000a98       0xc7 BSP/\libhal_bsp.a(alt_printf.o)
 .debug_abbrev  0x00000b5f      0x170 BSP/\libhal_bsp.a(alt_putchar.o)
 .debug_abbrev  0x00000ccf      0x1a7 BSP/\libhal_bsp.a(alt_sys_init.o)
 .debug_abbrev  0x00000e76      0x113 BSP/\libhal_bsp.a(altera_avalon_jtag_uart_fd.o)
 .debug_abbrev  0x00000f89      0x198 BSP/\libhal_bsp.a(altera_avalon_jtag_uart_init.o)
 .debug_abbrev  0x00001121      0x10c BSP/\libhal_bsp.a(altera_avalon_jtag_uart_ioctl.o)
 .debug_abbrev  0x0000122d      0x194 BSP/\libhal_bsp.a(altera_avalon_jtag_uart_read.o)
 .debug_abbrev  0x000013c1      0x18c BSP/\libhal_bsp.a(altera_avalon_jtag_uart_write.o)
 .debug_abbrev  0x0000154d      0x14b BSP/\libhal_bsp.a(altera_avalon_timer_sc.o)
 .debug_abbrev  0x00001698      0x182 BSP/\libhal_bsp.a(altera_up_avalon_character_lcd.o)
 .debug_abbrev  0x0000181a      0x1c6 BSP/\libhal_bsp.a(altera_up_avalon_ps2.o)
 .debug_abbrev  0x000019e0      0x155 BSP/\libhal_bsp.a(altera_up_avalon_rs232.o)
 .debug_abbrev  0x00001b35      0x164 BSP/\libhal_bsp.a(altera_up_avalon_video_character_buffer_with_dma.o)
 .debug_abbrev  0x00001c99      0x23a BSP/\libhal_bsp.a(altera_up_avalon_video_pixel_buffer_dma.o)
 .debug_abbrev  0x00001ed3      0x179 BSP/\libhal_bsp.a(alt_alarm_start.o)
 .debug_abbrev  0x0000204c      0x124 BSP/\libhal_bsp.a(alt_close.o)
 .debug_abbrev  0x00002170       0x3f BSP/\libhal_bsp.a(alt_dcache_flush_all.o)
 .debug_abbrev  0x000021af       0xd6 BSP/\libhal_bsp.a(alt_dev.o)
 .debug_abbrev  0x00002285      0x117 BSP/\libhal_bsp.a(alt_dev_llist_insert.o)
 .debug_abbrev  0x0000239c       0x5e BSP/\libhal_bsp.a(alt_errno.o)
 .debug_abbrev  0x000023fa       0xed BSP/\libhal_bsp.a(alt_find_dev.o)
 .debug_abbrev  0x000024e7       0x3f BSP/\libhal_bsp.a(alt_icache_flush_all.o)
 .debug_abbrev  0x00002526      0x10e BSP/\libhal_bsp.a(alt_io_redirect.o)
 .debug_abbrev  0x00002634      0x1a8 BSP/\libhal_bsp.a(alt_irq_register.o)
 .debug_abbrev  0x000027dc       0x44 BSP/\libhal_bsp.a(alt_irq_vars.o)
 .debug_abbrev  0x00002820      0x177 BSP/\libhal_bsp.a(alt_open.o)
 .debug_abbrev  0x00002997       0xdb BSP/\libhal_bsp.a(alt_release_fd.o)
 .debug_abbrev  0x00002a72      0x170 BSP/\libhal_bsp.a(alt_tick.o)
 .debug_abbrev  0x00002be2       0x64 BSP/\libhal_bsp.a(altera_nios2_irq.o)
 .debug_abbrev  0x00002c46       0xed BSP/\libhal_bsp.a(alt_find_file.o)
 .debug_abbrev  0x00002d33      0x108 BSP/\libhal_bsp.a(alt_get_fd.o)
 .debug_abbrev  0x00002e3b       0x89 BSP/\libhal_bsp.a(alt_icache_flush.o)
 .debug_abbrev  0x00002ec4       0x12 BSP/\libhal_bsp.a(alt_irq_entry.o)
 .debug_abbrev  0x00002ed6      0x12f BSP/\libhal_bsp.a(alt_irq_handler.o)
 .debug_abbrev  0x00003005       0x12 BSP/\libhal_bsp.a(alt_exception_entry.o)
 .debug_abbrev  0x00003017      0x16e c:/altera/11.0/nios2eds/bin/gnu/h-i686-mingw32/bin/../lib/gcc/nios2-elf/4.1.2/../../../../nios2-elf/lib\libc.a(lib_a-exit.o)
 .debug_abbrev  0x00003185      0x157 c:/altera/11.0/nios2eds/bin/gnu/h-i686-mingw32/bin/../lib/gcc/nios2-elf/4.1.2/../../../../nios2-elf/lib\libc.a(lib_a-impure.o)
 .debug_abbrev  0x000032dc       0x3b c:/altera/11.0/nios2eds/bin/gnu/h-i686-mingw32/bin/../lib/gcc/nios2-elf/4.1.2/../../../../nios2-elf/lib\libc.a(lib_a-int_errno.o)
 .debug_abbrev  0x00003317       0x7c c:/altera/11.0/nios2eds/bin/gnu/h-i686-mingw32/bin/../lib/gcc/nios2-elf/4.1.2/../../../../nios2-elf/lib\libc.a(lib_a-memcmp.o)
 .debug_abbrev  0x00003393       0xb5 c:/altera/11.0/nios2eds/bin/gnu/h-i686-mingw32/bin/../lib/gcc/nios2-elf/4.1.2/../../../../nios2-elf/lib\libc.a(lib_a-memcpy.o)
 .debug_abbrev  0x00003448      0x17f c:/altera/11.0/nios2eds/bin/gnu/h-i686-mingw32/bin/../lib/gcc/nios2-elf/4.1.2/../../../../nios2-elf/lib\libc.a(lib_a-putc.o)
 .debug_abbrev  0x000035c7       0x80 c:/altera/11.0/nios2eds/bin/gnu/h-i686-mingw32/bin/../lib/gcc/nios2-elf/4.1.2/../../../../nios2-elf/lib\libc.a(lib_a-strcmp.o)
 .debug_abbrev  0x00003647       0x8b c:/altera/11.0/nios2eds/bin/gnu/h-i686-mingw32/bin/../lib/gcc/nios2-elf/4.1.2/../../../../nios2-elf/lib\libc.a(lib_a-strlen.o)
 .debug_abbrev  0x000036d2      0x198 c:/altera/11.0/nios2eds/bin/gnu/h-i686-mingw32/bin/../lib/gcc/nios2-elf/4.1.2/../../../../nios2-elf/lib\libc.a(lib_a-wbuf.o)
 .debug_abbrev  0x0000386a      0x170 c:/altera/11.0/nios2eds/bin/gnu/h-i686-mingw32/bin/../lib/gcc/nios2-elf/4.1.2/../../../../nios2-elf/lib\libc.a(lib_a-wsetup.o)
 .debug_abbrev  0x000039da      0x1de c:/altera/11.0/nios2eds/bin/gnu/h-i686-mingw32/bin/../lib/gcc/nios2-elf/4.1.2/../../../../nios2-elf/lib\libc.a(lib_a-__call_atexit.o)
 .debug_abbrev  0x00003bb8      0x1c6 c:/altera/11.0/nios2eds/bin/gnu/h-i686-mingw32/bin/../lib/gcc/nios2-elf/4.1.2/../../../../nios2-elf/lib\libc.a(lib_a-fflush.o)
 .debug_abbrev  0x00003d7e      0x24c c:/altera/11.0/nios2eds/bin/gnu/h-i686-mingw32/bin/../lib/gcc/nios2-elf/4.1.2/../../../../nios2-elf/lib\libc.a(lib_a-findfp.o)
 .debug_abbrev  0x00003fca      0x1d9 c:/altera/11.0/nios2eds/bin/gnu/h-i686-mingw32/bin/../lib/gcc/nios2-elf/4.1.2/../../../../nios2-elf/lib\libc.a(lib_a-freer.o)
 .debug_abbrev  0x000041a3      0x1e3 c:/altera/11.0/nios2eds/bin/gnu/h-i686-mingw32/bin/../lib/gcc/nios2-elf/4.1.2/../../../../nios2-elf/lib\libc.a(lib_a-fwalk.o)
 .debug_abbrev  0x00004386      0x197 c:/altera/11.0/nios2eds/bin/gnu/h-i686-mingw32/bin/../lib/gcc/nios2-elf/4.1.2/../../../../nios2-elf/lib\libc.a(lib_a-makebuf.o)
 .debug_abbrev  0x0000451d      0x216 c:/altera/11.0/nios2eds/bin/gnu/h-i686-mingw32/bin/../lib/gcc/nios2-elf/4.1.2/../../../../nios2-elf/lib\libc.a(lib_a-mallocr.o)
 .debug_abbrev  0x00004733       0xb8 c:/altera/11.0/nios2eds/bin/gnu/h-i686-mingw32/bin/../lib/gcc/nios2-elf/4.1.2/../../../../nios2-elf/lib\libc.a(lib_a-memset.o)
 .debug_abbrev  0x000047eb      0x18c c:/altera/11.0/nios2eds/bin/gnu/h-i686-mingw32/bin/../lib/gcc/nios2-elf/4.1.2/../../../../nios2-elf/lib\libc.a(lib_a-sbrkr.o)
 .debug_abbrev  0x00004977      0x1c9 c:/altera/11.0/nios2eds/bin/gnu/h-i686-mingw32/bin/../lib/gcc/nios2-elf/4.1.2/../../../../nios2-elf/lib\libc.a(lib_a-stdio.o)